Archive member included to satisfy reference by file (symbol)

/Applications/ArmGNUToolchain/12.3.rel1/arm-none-eabi/bin/../lib/gcc/arm-none-eabi/12.3.1/thumb/v6-m/nofp/libgcc.a(_dvmd_tls.o)
                              CMakeFiles/Ex_4_EEPROM2.dir/Users/amerilain/pico/pico-sdk/src/rp2_common/pico_divider/divider.S.obj (__aeabi_idiv0)
/Applications/ArmGNUToolchain/12.3.rel1/arm-none-eabi/bin/../lib/gcc/arm-none-eabi/12.3.1/../../../../arm-none-eabi/lib/thumb/v6-m/nofp/libg.a(libc_a-calloc.o)
                              CMakeFiles/Ex_4_EEPROM2.dir/Users/amerilain/pico/pico-sdk/src/rp2_common/pico_malloc/pico_malloc.c.obj (calloc)
/Applications/ArmGNUToolchain/12.3.rel1/arm-none-eabi/bin/../lib/gcc/arm-none-eabi/12.3.1/../../../../arm-none-eabi/lib/thumb/v6-m/nofp/libg.a(libc_a-callocr.o)
                              /Applications/ArmGNUToolchain/12.3.rel1/arm-none-eabi/bin/../lib/gcc/arm-none-eabi/12.3.1/../../../../arm-none-eabi/lib/thumb/v6-m/nofp/libg.a(libc_a-calloc.o) (_calloc_r)
/Applications/ArmGNUToolchain/12.3.rel1/arm-none-eabi/bin/../lib/gcc/arm-none-eabi/12.3.1/../../../../arm-none-eabi/lib/thumb/v6-m/nofp/libg.a(libc_a-malloc.o)
                              CMakeFiles/Ex_4_EEPROM2.dir/Users/amerilain/pico/pico-sdk/src/rp2_common/pico_malloc/pico_malloc.c.obj (malloc)
/Applications/ArmGNUToolchain/12.3.rel1/arm-none-eabi/bin/../lib/gcc/arm-none-eabi/12.3.1/../../../../arm-none-eabi/lib/thumb/v6-m/nofp/libg.a(libc_a-mallocr.o)
                              /Applications/ArmGNUToolchain/12.3.rel1/arm-none-eabi/bin/../lib/gcc/arm-none-eabi/12.3.1/../../../../arm-none-eabi/lib/thumb/v6-m/nofp/libg.a(libc_a-callocr.o) (_malloc_r)
/Applications/ArmGNUToolchain/12.3.rel1/arm-none-eabi/bin/../lib/gcc/arm-none-eabi/12.3.1/../../../../arm-none-eabi/lib/thumb/v6-m/nofp/libg.a(libc_a-mlock.o)
                              /Applications/ArmGNUToolchain/12.3.rel1/arm-none-eabi/bin/../lib/gcc/arm-none-eabi/12.3.1/../../../../arm-none-eabi/lib/thumb/v6-m/nofp/libg.a(libc_a-mallocr.o) (__malloc_lock)
/Applications/ArmGNUToolchain/12.3.rel1/arm-none-eabi/bin/../lib/gcc/arm-none-eabi/12.3.1/../../../../arm-none-eabi/lib/thumb/v6-m/nofp/libg.a(libc_a-realloc.o)
                              CMakeFiles/Ex_4_EEPROM2.dir/Users/amerilain/pico/pico-sdk/src/rp2_common/pico_malloc/pico_malloc.c.obj (realloc)
/Applications/ArmGNUToolchain/12.3.rel1/arm-none-eabi/bin/../lib/gcc/arm-none-eabi/12.3.1/../../../../arm-none-eabi/lib/thumb/v6-m/nofp/libg.a(libc_a-reallocr.o)
                              /Applications/ArmGNUToolchain/12.3.rel1/arm-none-eabi/bin/../lib/gcc/arm-none-eabi/12.3.1/../../../../arm-none-eabi/lib/thumb/v6-m/nofp/libg.a(libc_a-realloc.o) (_realloc_r)
/Applications/ArmGNUToolchain/12.3.rel1/arm-none-eabi/bin/../lib/gcc/arm-none-eabi/12.3.1/../../../../arm-none-eabi/lib/thumb/v6-m/nofp/libg.a(libc_a-memmove.o)
                              /Applications/ArmGNUToolchain/12.3.rel1/arm-none-eabi/bin/../lib/gcc/arm-none-eabi/12.3.1/../../../../arm-none-eabi/lib/thumb/v6-m/nofp/libg.a(libc_a-reallocr.o) (memmove)
/Applications/ArmGNUToolchain/12.3.rel1/arm-none-eabi/bin/../lib/gcc/arm-none-eabi/12.3.1/../../../../arm-none-eabi/lib/thumb/v6-m/nofp/libg.a(libc_a-strncpy.o)
                              CMakeFiles/Ex_4_EEPROM2.dir/main.c.obj (strncpy)
/Applications/ArmGNUToolchain/12.3.rel1/arm-none-eabi/bin/../lib/gcc/arm-none-eabi/12.3.1/../../../../arm-none-eabi/lib/thumb/v6-m/nofp/libg.a(libc_a-impure.o)
                              /Applications/ArmGNUToolchain/12.3.rel1/arm-none-eabi/bin/../lib/gcc/arm-none-eabi/12.3.1/../../../../arm-none-eabi/lib/thumb/v6-m/nofp/libg.a(libc_a-calloc.o) (_impure_ptr)
/Applications/ArmGNUToolchain/12.3.rel1/arm-none-eabi/bin/../lib/gcc/arm-none-eabi/12.3.1/../../../../arm-none-eabi/lib/thumb/v6-m/nofp/libg.a(libc_a-sbrkr.o)
                              /Applications/ArmGNUToolchain/12.3.rel1/arm-none-eabi/bin/../lib/gcc/arm-none-eabi/12.3.1/../../../../arm-none-eabi/lib/thumb/v6-m/nofp/libg.a(libc_a-mallocr.o) (_sbrk_r)
/Applications/ArmGNUToolchain/12.3.rel1/arm-none-eabi/bin/../lib/gcc/arm-none-eabi/12.3.1/../../../../arm-none-eabi/lib/thumb/v6-m/nofp/libg.a(libc_a-errno.o)
                              /Applications/ArmGNUToolchain/12.3.rel1/arm-none-eabi/bin/../lib/gcc/arm-none-eabi/12.3.1/../../../../arm-none-eabi/lib/thumb/v6-m/nofp/libg.a(libc_a-callocr.o) (__errno)
/Applications/ArmGNUToolchain/12.3.rel1/arm-none-eabi/bin/../lib/gcc/arm-none-eabi/12.3.1/../../../../arm-none-eabi/lib/thumb/v6-m/nofp/libg.a(libc_a-sysconf.o)
                              /Applications/ArmGNUToolchain/12.3.rel1/arm-none-eabi/bin/../lib/gcc/arm-none-eabi/12.3.1/../../../../arm-none-eabi/lib/thumb/v6-m/nofp/libg.a(libc_a-mallocr.o) (sysconf)
/Applications/ArmGNUToolchain/12.3.rel1/arm-none-eabi/bin/../lib/gcc/arm-none-eabi/12.3.1/../../../../arm-none-eabi/lib/thumb/v6-m/nofp/libg.a(libc_a-strcmp.o)
                              CMakeFiles/Ex_4_EEPROM2.dir/main.c.obj (strcmp)
[...]
Memory Configuration

Name             Origin             Length             Attributes
FLASH            0x10000000         0x00200000         xr
RAM              0x20000000         0x00040000         xrw
SCRATCH_X        0x20040000         0x00001000         xrw
SCRATCH_Y        0x20041000         0x00001000         xrw
*default*        0x00000000         0xffffffff

Linker script and memory map

LOAD /Applications/ArmGNUToolchain/12.3.rel1/arm-none-eabi/bin/../lib/gcc/arm-none-eabi/12.3.1/thumb/v6-m/nofp/crti.o
LOAD /Applications/ArmGNUToolchain/12.3.rel1/arm-none-eabi/bin/../lib/gcc/arm-none-eabi/12.3.1/thumb/v6-m/nofp/crtbegin.o
LOAD /Applications/ArmGNUToolchain/12.3.rel1/arm-none-eabi/bin/../lib/gcc/arm-none-eabi/12.3.1/../../../../arm-none-eabi/lib/thumb/v6-m/nofp/crt0.o

.flash_begin    0x10000000        0x0
                0x10000000                        __flash_binary_start = .

.boot2          0x10000000      0x100
                0x10000000                        __boot2_start__ = .
 *(.boot2)
 .boot2         0x10000000      0x100 /var/folders/fy/2_twrpq90b57drm_mt3rx4240000gn/T//cc7xJR6m.o
                0x10000100                        __boot2_end__ = .
                0x00000001                        ASSERT (((__boot2_end__ - __boot2_start__) == 0x100), ERROR: Pico second stage bootloader must be 256 bytes in size)

.text           0x10000100     0x7ba0
                0x10000100                        __logical_binary_start = .
 *(.vectors)
 .vectors       0x10000100       0xd4 CMakeFiles/Ex_4_EEPROM2.dir/Users/amerilain/pico/pico-sdk/src/rp2_common/pico_standard_link/crt0.S.obj
                0x10000100                __VECTOR_TABLE
                0x10000100                __vectors
                0x100001c0                __default_isrs_start
                0x100001c0                isr_invalid
                0x100001c2                isr_nmi
                0x100001c4                isr_hardfault
                0x100001c6                isr_svcall
                0x100001c8                isr_pendsv
                0x100001ca                isr_systick
                0x100001cc                isr_irq28
                0x100001cc                isr_irq19
                0x100001cc                isr_irq0
                0x100001cc                isr_irq6
                0x100001cc                isr_irq22
                0x100001cc                isr_irq17
                0x100001cc                isr_irq14
                0x100001cc                isr_irq2
                0x100001cc                isr_irq10
                0x100001cc                isr_irq8
                0x100001cc                isr_irq24
                0x100001cc                isr_irq1
                0x100001cc                isr_irq7
                0x100001cc                isr_irq21
                0x100001cc                isr_irq20
                0x100001cc                isr_irq15
                0x100001cc                isr_irq25
                0x100001cc                isr_irq4
                0x100001cc                isr_irq16
                0x100001cc                isr_irq29
                0x100001cc                isr_irq26
                0x100001cc                __default_isrs_end
                0x100001cc                isr_irq3
                0x100001cc                isr_irq9
                0x100001cc                __unhandled_user_irq
                0x100001cc                isr_irq13
                0x100001cc                isr_irq27
                0x100001cc                isr_irq31
                0x100001cc                isr_irq5
                0x100001cc                isr_irq11
                0x100001cc                isr_irq23
                0x100001cc                isr_irq18
                0x100001cc                isr_irq30
                0x100001cc                isr_irq12
                0x100001d2                unhandled_user_irq_num_in_r0
 *(.binary_info_header)
 .binary_info_header
                0x100001d4       0x14 CMakeFiles/Ex_4_EEPROM2.dir/Users/amerilain/pico/pico-sdk/src/rp2_common/pico_standard_link/crt0.S.obj
                0x100001e8                        __binary_info_header_end = .
 *(.reset)
 .reset         0x100001e8       0xa0 CMakeFiles/Ex_4_EEPROM2.dir/Users/amerilain/pico/pico-sdk/src/rp2_common/pico_standard_link/crt0.S.obj
                0x100001e8                _entry_point
 .reset         0x10000288       0x30 CMakeFiles/Ex_4_EEPROM2.dir/Users/amerilain/pico/pico-sdk/src/rp2_common/pico_standard_link/binary_info.c.obj
 *(.init)
 .init          0x100002b8        0x4 /Applications/ArmGNUToolchain/12.3.rel1/arm-none-eabi/bin/../lib/gcc/arm-none-eabi/12.3.1/thumb/v6-m/nofp/crti.o
                0x100002b8                _init
 *(EXCLUDE_FILE(*libm.a: *libc.a:*lib_a-mem*.o *libgcc.a:) .text*)
 .text.register_tm_clones
                0x100002bc       0x28 /Applications/ArmGNUToolchain/12.3.rel1/arm-none-eabi/bin/../lib/gcc/arm-none-eabi/12.3.1/thumb/v6-m/nofp/crtbegin.o
 .text.frame_dummy
                0x100002e4       0x24 /Applications/ArmGNUToolchain/12.3.rel1/arm-none-eabi/bin/../lib/gcc/arm-none-eabi/12.3.1/thumb/v6-m/nofp/crtbegin.o
 .text.uart_getc
                0x10000308       0x24 CMakeFiles/Ex_4_EEPROM2.dir/main.c.obj
 .text.pwm_init
                0x1000032c       0x34 CMakeFiles/Ex_4_EEPROM2.dir/main.c.obj
 .text.pwm_get_default_config
                0x10000360       0x18 CMakeFiles/Ex_4_EEPROM2.dir/main.c.obj
 .text.pwm_set_chan_level
                0x10000378       0x40 CMakeFiles/Ex_4_EEPROM2.dir/main.c.obj
 .text.update_us_since_boot
                0x100003b8       0x24 CMakeFiles/Ex_4_EEPROM2.dir/main.c.obj
 .text.get_absolute_time
                0x100003dc       0x22 CMakeFiles/Ex_4_EEPROM2.dir/main.c.obj
 *fill*         0x100003fe        0x2 
 .text.init_i2c
                0x10000400       0x38 CMakeFiles/Ex_4_EEPROM2.dir/main.c.obj
                0x10000400                init_i2c
 .text.init_buttons
                0x10000438       0x48 CMakeFiles/Ex_4_EEPROM2.dir/main.c.obj
                0x10000438                init_buttons
 .text.setup_pwm_for_led
                0x10000480       0x3c CMakeFiles/Ex_4_EEPROM2.dir/main.c.obj
                0x10000480                setup_pwm_for_led
 .text.init_leds
                0x100004bc       0x2e CMakeFiles/Ex_4_EEPROM2.dir/main.c.obj
                0x100004bc                init_leds
 .text.set_leds
                0x100004ea       0x46 CMakeFiles/Ex_4_EEPROM2.dir/main.c.obj
                0x100004ea                set_leds
 .text.led_state_is_valid
                0x10000530       0x12 CMakeFiles/Ex_4_EEPROM2.dir/main.c.obj
                0x10000530                led_state_is_valid
 *fill*         0x10000542        0x2 
 .text.write_byte
                0x10000544       0x34 CMakeFiles/Ex_4_EEPROM2.dir/main.c.obj
                0x10000544                write_byte
 .text.read_byte
                0x10000578       0x44 CMakeFiles/Ex_4_EEPROM2.dir/main.c.obj
                0x10000578                read_byte
 .text.write_bytes
                0x100005bc       0x48 CMakeFiles/Ex_4_EEPROM2.dir/main.c.obj
                0x100005bc                write_bytes
 .text.read_bytes
                0x10000604       0x48 CMakeFiles/Ex_4_EEPROM2.dir/main.c.obj
                0x10000604                read_bytes
 .text.read_state_from_eeprom
                0x1000064c       0x18 CMakeFiles/Ex_4_EEPROM2.dir/main.c.obj
                0x1000064c                read_state_from_eeprom
 .text.init_uart
                0x10000664       0x48 CMakeFiles/Ex_4_EEPROM2.dir/main.c.obj
                0x10000664                init_uart
 .text.crc16    0x100006ac       0x34 CMakeFiles/Ex_4_EEPROM2.dir/main.c.obj
                0x100006ac                crc16
 .text.read_log
                0x100006e0       0x68 CMakeFiles/Ex_4_EEPROM2.dir/main.c.obj
                0x100006e0                read_log
 .text.erase_log
                0x10000748       0x34 CMakeFiles/Ex_4_EEPROM2.dir/main.c.obj
                0x10000748                erase_log
 .text.write_to_log
                0x1000077c       0x88 CMakeFiles/Ex_4_EEPROM2.dir/main.c.obj
                0x1000077c                write_to_log
 .text.init_log
                0x10000804       0x50 CMakeFiles/Ex_4_EEPROM2.dir/main.c.obj
                0x10000804                init_log
 .text.led_state_to_string
                0x10000854       0x44 CMakeFiles/Ex_4_EEPROM2.dir/main.c.obj
                0x10000854                led_state_to_string
 .text.main     0x10000898      0x1dc CMakeFiles/Ex_4_EEPROM2.dir/main.c.obj
                0x10000898                main
 .text.gpio_set_function
                0x10000a74       0x30 CMakeFiles/Ex_4_EEPROM2.dir/Users/amerilain/pico/pico-sdk/src/rp2_common/hardware_gpio/gpio.c.obj
                0x10000a74                gpio_set_function
 .text.gpio_set_pulls
                0x10000aa4       0x34 CMakeFiles/Ex_4_EEPROM2.dir/Users/amerilain/pico/pico-sdk/src/rp2_common/hardware_gpio/gpio.c.obj
                0x10000aa4                gpio_set_pulls
 .text.gpio_init
                0x10000ad8       0x16 CMakeFiles/Ex_4_EEPROM2.dir/Users/amerilain/pico/pico-sdk/src/rp2_common/hardware_gpio/gpio.c.obj
                0x10000ad8                gpio_init
 *fill*         0x10000aee        0x2 
 .text.running_on_fpga
                0x10000af0       0x14 CMakeFiles/Ex_4_EEPROM2.dir/Users/amerilain/pico/pico-sdk/src/rp2_common/pico_platform/platform.c.obj
                0x10000af0                running_on_fpga
 .text.hw_claim_lock
                0x10000b04       0x18 CMakeFiles/Ex_4_EEPROM2.dir/Users/amerilain/pico/pico-sdk/src/rp2_common/hardware_claim/claim.c.obj
                0x10000b04                hw_claim_lock
 .text.hw_claim_unlock
                0x10000b1c       0x14 CMakeFiles/Ex_4_EEPROM2.dir/Users/amerilain/pico/pico-sdk/src/rp2_common/hardware_claim/claim.c.obj
                0x10000b1c                hw_claim_unlock
 .text.hw_claim_or_assert
                0x10000b30       0x32 CMakeFiles/Ex_4_EEPROM2.dir/Users/amerilain/pico/pico-sdk/src/rp2_common/hardware_claim/claim.c.obj
                0x10000b30                hw_claim_or_assert
 .text.hw_claim_unused_from_range
                0x10000b62       0x50 CMakeFiles/Ex_4_EEPROM2.dir/Users/amerilain/pico/pico-sdk/src/rp2_common/hardware_claim/claim.c.obj
                0x10000b62                hw_claim_unused_from_range
 *fill*         0x10000bb2        0x2 
 .text.spin_locks_reset
                0x10000bb4       0x20 CMakeFiles/Ex_4_EEPROM2.dir/Users/amerilain/pico/pico-sdk/src/rp2_common/hardware_sync/sync.c.obj
                0x10000bb4                spin_locks_reset
 .text.next_striped_spin_lock_num
                0x10000bd4       0x1c CMakeFiles/Ex_4_EEPROM2.dir/Users/amerilain/pico/pico-sdk/src/rp2_common/hardware_sync/sync.c.obj
                0x10000bd4                next_striped_spin_lock_num
 .text.spin_lock_claim_unused
                0x10000bf0       0x24 CMakeFiles/Ex_4_EEPROM2.dir/Users/amerilain/pico/pico-sdk/src/rp2_common/hardware_sync/sync.c.obj
                0x10000bf0                spin_lock_claim_unused
 .text.set_raw_irq_handler_and_unlock
                0x10000c14       0x28 CMakeFiles/Ex_4_EEPROM2.dir/Users/amerilain/pico/pico-sdk/src/rp2_common/hardware_irq/irq.c.obj
 .text.resolve_branch
                0x10000c3c       0x30 CMakeFiles/Ex_4_EEPROM2.dir/Users/amerilain/pico/pico-sdk/src/rp2_common/hardware_irq/irq.c.obj
 .text.make_branch
                0x10000c6c       0x48 CMakeFiles/Ex_4_EEPROM2.dir/Users/amerilain/pico/pico-sdk/src/rp2_common/hardware_irq/irq.c.obj
 .text.insert_branch_and_link
                0x10000cb4       0x40 CMakeFiles/Ex_4_EEPROM2.dir/Users/amerilain/pico/pico-sdk/src/rp2_common/hardware_irq/irq.c.obj
 .text.irq_is_enabled
                0x10000cf4       0x18 CMakeFiles/Ex_4_EEPROM2.dir/Users/amerilain/pico/pico-sdk/src/rp2_common/hardware_irq/irq.c.obj
                0x10000cf4                irq_is_enabled
 .text.irq_set_mask_enabled
                0x10000d0c       0x20 CMakeFiles/Ex_4_EEPROM2.dir/Users/amerilain/pico/pico-sdk/src/rp2_common/hardware_irq/irq.c.obj
                0x10000d0c                irq_set_mask_enabled
 .text.irq_set_enabled
                0x10000d2c        0xe CMakeFiles/Ex_4_EEPROM2.dir/Users/amerilain/pico/pico-sdk/src/rp2_common/hardware_irq/irq.c.obj
                0x10000d2c                irq_set_enabled
 *fill*         0x10000d3a        0x2 
 .text.irq_set_pending
                0x10000d3c       0x10 CMakeFiles/Ex_4_EEPROM2.dir/Users/amerilain/pico/pico-sdk/src/rp2_common/hardware_irq/irq.c.obj
                0x10000d3c                irq_set_pending
 .text.irq_get_vtable_handler
                0x10000d4c       0x10 CMakeFiles/Ex_4_EEPROM2.dir/Users/amerilain/pico/pico-sdk/src/rp2_common/hardware_irq/irq.c.obj
                0x10000d4c                irq_get_vtable_handler
 .text.irq_has_shared_handler
                0x10000d5c       0x24 CMakeFiles/Ex_4_EEPROM2.dir/Users/amerilain/pico/pico-sdk/src/rp2_common/hardware_irq/irq.c.obj
                0x10000d5c                irq_has_shared_handler
 .text.irq_set_exclusive_handler
                0x10000d80       0x54 CMakeFiles/Ex_4_EEPROM2.dir/Users/amerilain/pico/pico-sdk/src/rp2_common/hardware_irq/irq.c.obj
                0x10000d80                irq_set_exclusive_handler
 .text.irq_add_shared_handler
                0x10000dd4      0x210 CMakeFiles/Ex_4_EEPROM2.dir/Users/amerilain/pico/pico-sdk/src/rp2_common/hardware_irq/irq.c.obj
                0x10000dd4                irq_add_shared_handler
 .text.irq_remove_handler
                0x10000fe4      0x188 CMakeFiles/Ex_4_EEPROM2.dir/Users/amerilain/pico/pico-sdk/src/rp2_common/hardware_irq/irq.c.obj
                0x10000fe4                irq_remove_handler
 .text.irq_add_tail_to_free_list
                0x1000116c       0xf0 CMakeFiles/Ex_4_EEPROM2.dir/Users/amerilain/pico/pico-sdk/src/rp2_common/hardware_irq/irq.c.obj
                0x1000116c                irq_add_tail_to_free_list
 .text.irq_init_priorities
                0x1000125c       0x1c CMakeFiles/Ex_4_EEPROM2.dir/Users/amerilain/pico/pico-sdk/src/rp2_common/hardware_irq/irq.c.obj
                0x1000125c                irq_init_priorities
 .text.user_irq_claim_unused
                0x10001278       0x2c CMakeFiles/Ex_4_EEPROM2.dir/Users/amerilain/pico/pico-sdk/src/rp2_common/hardware_irq/irq.c.obj
                0x10001278                user_irq_claim_unused
 .text.lock_init
                0x100012a4       0x10 CMakeFiles/Ex_4_EEPROM2.dir/Users/amerilain/pico/pico-sdk/src/common/pico_sync/lock_core.c.obj
                0x100012a4                lock_init
 .text.update_us_since_boot
                0x100012b4       0x24 CMakeFiles/Ex_4_EEPROM2.dir/Users/amerilain/pico/pico-sdk/src/common/pico_sync/mutex.c.obj
 .text.delayed_by_ms
                0x100012d8       0x44 CMakeFiles/Ex_4_EEPROM2.dir/Users/amerilain/pico/pico-sdk/src/common/pico_sync/mutex.c.obj
 .text.get_absolute_time
                0x1000131c       0x22 CMakeFiles/Ex_4_EEPROM2.dir/Users/amerilain/pico/pico-sdk/src/common/pico_sync/mutex.c.obj
 .text.make_timeout_time_ms
                0x1000133e       0x20 CMakeFiles/Ex_4_EEPROM2.dir/Users/amerilain/pico/pico-sdk/src/common/pico_sync/mutex.c.obj
 .text.mutex_init
                0x1000135e       0x1a CMakeFiles/Ex_4_EEPROM2.dir/Users/amerilain/pico/pico-sdk/src/common/pico_sync/mutex.c.obj
                0x1000135e                mutex_init
 .text.recursive_mutex_init
                0x10001378       0x1e CMakeFiles/Ex_4_EEPROM2.dir/Users/amerilain/pico/pico-sdk/src/common/pico_sync/mutex.c.obj
                0x10001378                recursive_mutex_init
 *fill*         0x10001396        0x2 
 .text.critical_section_init_with_lock_num
                0x10001398       0x14 CMakeFiles/Ex_4_EEPROM2.dir/Users/amerilain/pico/pico-sdk/src/common/pico_sync/critical_section.c.obj
                0x10001398                critical_section_init_with_lock_num
 .text.critical_section_init
                0x100013ac       0x14 CMakeFiles/Ex_4_EEPROM2.dir/Users/amerilain/pico/pico-sdk/src/common/pico_sync/critical_section.c.obj
                0x100013ac                critical_section_init
 .text.time_reached
                0x100013c0       0x28 CMakeFiles/Ex_4_EEPROM2.dir/Users/amerilain/pico/pico-sdk/src/common/pico_time/time.c.obj
 .text.get_entry
                0x100013e8       0x38 CMakeFiles/Ex_4_EEPROM2.dir/Users/amerilain/pico/pico-sdk/src/common/pico_time/time.c.obj
 .text.timer_pool_entry_comparator
                0x10001420       0x2e CMakeFiles/Ex_4_EEPROM2.dir/Users/amerilain/pico/pico-sdk/src/common/pico_time/time.c.obj
                0x10001420                timer_pool_entry_comparator
 *fill*         0x1000144e        0x2 
 .text.update_us_since_boot
                0x10001450       0x24 CMakeFiles/Ex_4_EEPROM2.dir/Users/amerilain/pico/pico-sdk/src/common/pico_time/time.c.obj
 .text.delayed_by_us
                0x10001474       0x34 CMakeFiles/Ex_4_EEPROM2.dir/Users/amerilain/pico/pico-sdk/src/common/pico_time/time.c.obj
 .text.ph_get_node
                0x100014a8       0x30 CMakeFiles/Ex_4_EEPROM2.dir/Users/amerilain/pico/pico-sdk/src/common/pico_time/time.c.obj
 .text.ph_contains_node
                0x100014d8       0x1e CMakeFiles/Ex_4_EEPROM2.dir/Users/amerilain/pico/pico-sdk/src/common/pico_time/time.c.obj
 .text.ph_new_node
                0x100014f6       0x28 CMakeFiles/Ex_4_EEPROM2.dir/Users/amerilain/pico/pico-sdk/src/common/pico_time/time.c.obj
 *fill*         0x1000151e        0x2 
 .text.ph_add_child_node
                0x10001520       0x6c CMakeFiles/Ex_4_EEPROM2.dir/Users/amerilain/pico/pico-sdk/src/common/pico_time/time.c.obj
 .text.ph_merge_nodes
                0x1000158c       0x3e CMakeFiles/Ex_4_EEPROM2.dir/Users/amerilain/pico/pico-sdk/src/common/pico_time/time.c.obj
 *fill*         0x100015ca        0x2 
 .text.ph_insert_node
                0x100015cc       0x3c CMakeFiles/Ex_4_EEPROM2.dir/Users/amerilain/pico/pico-sdk/src/common/pico_time/time.c.obj
 .text.ph_free_node
                0x10001608       0x5c CMakeFiles/Ex_4_EEPROM2.dir/Users/amerilain/pico/pico-sdk/src/common/pico_time/time.c.obj
 .text.get_entry_id_high
                0x10001664       0x30 CMakeFiles/Ex_4_EEPROM2.dir/Users/amerilain/pico/pico-sdk/src/common/pico_time/time.c.obj
 .text.alarm_pool_post_alloc_init
                0x10001694       0x40 CMakeFiles/Ex_4_EEPROM2.dir/Users/amerilain/pico/pico-sdk/src/common/pico_time/time.c.obj
 .text.sleep_until_callback
                0x100016d4       0x30 CMakeFiles/Ex_4_EEPROM2.dir/Users/amerilain/pico/pico-sdk/src/common/pico_time/time.c.obj
 .text.get_absolute_time
                0x10001704       0x22 CMakeFiles/Ex_4_EEPROM2.dir/Users/amerilain/pico/pico-sdk/src/common/pico_time/time.c.obj
 .text.make_timeout_time_us
                0x10001726       0x24 CMakeFiles/Ex_4_EEPROM2.dir/Users/amerilain/pico/pico-sdk/src/common/pico_time/time.c.obj
 *fill*         0x1000174a        0x2 
 .text.add_alarm_under_lock
                0x1000174c       0x94 CMakeFiles/Ex_4_EEPROM2.dir/Users/amerilain/pico/pico-sdk/src/common/pico_time/time.c.obj
 .text.alarm_pool_alarm_callback
                0x100017e0      0x210 CMakeFiles/Ex_4_EEPROM2.dir/Users/amerilain/pico/pico-sdk/src/common/pico_time/time.c.obj
 .text.alarm_pool_init_default
                0x100019f0       0x40 CMakeFiles/Ex_4_EEPROM2.dir/Users/amerilain/pico/pico-sdk/src/common/pico_time/time.c.obj
                0x100019f0                alarm_pool_init_default
 .text.alarm_pool_get_default
                0x10001a30       0x2c CMakeFiles/Ex_4_EEPROM2.dir/Users/amerilain/pico/pico-sdk/src/common/pico_time/time.c.obj
                0x10001a30                alarm_pool_get_default
 .text.alarm_pool_add_alarm_at
                0x10001a5c      0x10e CMakeFiles/Ex_4_EEPROM2.dir/Users/amerilain/pico/pico-sdk/src/common/pico_time/time.c.obj
                0x10001a5c                alarm_pool_add_alarm_at
 .text.add_alarm_at
                0x10001b6a       0x2e CMakeFiles/Ex_4_EEPROM2.dir/Users/amerilain/pico/pico-sdk/src/common/pico_time/time.c.obj
 .text.alarm_pool_cancel_alarm
                0x10001b98       0xa8 CMakeFiles/Ex_4_EEPROM2.dir/Users/amerilain/pico/pico-sdk/src/common/pico_time/time.c.obj
                0x10001b98                alarm_pool_cancel_alarm
 .text.cancel_alarm
                0x10001c40       0x10 CMakeFiles/Ex_4_EEPROM2.dir/Users/amerilain/pico/pico-sdk/src/common/pico_time/time.c.obj
 .text.alarm_pool_core_num
                0x10001c50        0x4 CMakeFiles/Ex_4_EEPROM2.dir/Users/amerilain/pico/pico-sdk/src/common/pico_time/time.c.obj
                0x10001c50                alarm_pool_core_num
 .text.sleep_until
                0x10001c54       0xb0 CMakeFiles/Ex_4_EEPROM2.dir/Users/amerilain/pico/pico-sdk/src/common/pico_time/time.c.obj
                0x10001c54                sleep_until
 .text.sleep_us
                0x10001d04       0x1a CMakeFiles/Ex_4_EEPROM2.dir/Users/amerilain/pico/pico-sdk/src/common/pico_time/time.c.obj
                0x10001d04                sleep_us
 .text.sleep_ms
                0x10001d1e       0x14 CMakeFiles/Ex_4_EEPROM2.dir/Users/amerilain/pico/pico-sdk/src/common/pico_time/time.c.obj
                0x10001d1e                sleep_ms
 *fill*         0x10001d32        0x2 
 .text.best_effort_wfe_or_timeout
                0x10001d34       0x44 CMakeFiles/Ex_4_EEPROM2.dir/Users/amerilain/pico/pico-sdk/src/common/pico_time/time.c.obj
                0x10001d34                best_effort_wfe_or_timeout
 .text.update_us_since_boot
                0x10001d78       0x24 CMakeFiles/Ex_4_EEPROM2.dir/Users/amerilain/pico/pico-sdk/src/rp2_common/hardware_timer/timer.c.obj
 .text.hardware_alarm_irq_handler
                0x10001d9c       0x8c CMakeFiles/Ex_4_EEPROM2.dir/Users/amerilain/pico/pico-sdk/src/rp2_common/hardware_timer/timer.c.obj
 .text.hardware_alarm_claim
                0x10001e28       0x18 CMakeFiles/Ex_4_EEPROM2.dir/Users/amerilain/pico/pico-sdk/src/rp2_common/hardware_timer/timer.c.obj
                0x10001e28                hardware_alarm_claim
 .text.time_us_64
                0x10001e40       0x18 CMakeFiles/Ex_4_EEPROM2.dir/Users/amerilain/pico/pico-sdk/src/rp2_common/hardware_timer/timer.c.obj
                0x10001e40                time_us_64
 .text.busy_wait_until
                0x10001e58       0x28 CMakeFiles/Ex_4_EEPROM2.dir/Users/amerilain/pico/pico-sdk/src/rp2_common/hardware_timer/timer.c.obj
                0x10001e58                busy_wait_until
 .text.busy_wait_us
                0x10001e80       0x3a CMakeFiles/Ex_4_EEPROM2.dir/Users/amerilain/pico/pico-sdk/src/rp2_common/hardware_timer/timer.c.obj
                0x10001e80                busy_wait_us
 *fill*         0x10001eba        0x2 
 .text.hardware_alarm_set_callback
                0x10001ebc       0x90 CMakeFiles/Ex_4_EEPROM2.dir/Users/amerilain/pico/pico-sdk/src/rp2_common/hardware_timer/timer.c.obj
                0x10001ebc                hardware_alarm_set_callback
 .text.hardware_alarm_set_target
                0x10001f4c       0xe8 CMakeFiles/Ex_4_EEPROM2.dir/Users/amerilain/pico/pico-sdk/src/rp2_common/hardware_timer/timer.c.obj
                0x10001f4c                hardware_alarm_set_target
 .text.hardware_alarm_cancel
                0x10002034       0x40 CMakeFiles/Ex_4_EEPROM2.dir/Users/amerilain/pico/pico-sdk/src/rp2_common/hardware_timer/timer.c.obj
                0x10002034                hardware_alarm_cancel
 .text.ph_get_node
                0x10002074       0x30 CMakeFiles/Ex_4_EEPROM2.dir/Users/amerilain/pico/pico-sdk/src/common/pico_util/pheap.c.obj
 .text.ph_add_child_node
                0x100020a4       0x6c CMakeFiles/Ex_4_EEPROM2.dir/Users/amerilain/pico/pico-sdk/src/common/pico_util/pheap.c.obj
 .text.ph_merge_nodes
                0x10002110       0x3e CMakeFiles/Ex_4_EEPROM2.dir/Users/amerilain/pico/pico-sdk/src/common/pico_util/pheap.c.obj
 .text.ph_clear
                0x1000214e       0x34 CMakeFiles/Ex_4_EEPROM2.dir/Users/amerilain/pico/pico-sdk/src/common/pico_util/pheap.c.obj
                0x1000214e                ph_clear
 .text.ph_post_alloc_init
                0x10002182        0xe CMakeFiles/Ex_4_EEPROM2.dir/Users/amerilain/pico/pico-sdk/src/common/pico_util/pheap.c.obj
                0x10002182                ph_post_alloc_init
 .text.ph_merge_two_pass
                0x10002190       0x5c CMakeFiles/Ex_4_EEPROM2.dir/Users/amerilain/pico/pico-sdk/src/common/pico_util/pheap.c.obj
                0x10002190                ph_merge_two_pass
 .text.ph_remove_any_head
                0x100021ec       0xc0 CMakeFiles/Ex_4_EEPROM2.dir/Users/amerilain/pico/pico-sdk/src/common/pico_util/pheap.c.obj
 .text.ph_remove_head
                0x100022ac       0x14 CMakeFiles/Ex_4_EEPROM2.dir/Users/amerilain/pico/pico-sdk/src/common/pico_util/pheap.c.obj
                0x100022ac                ph_remove_head
 .text.ph_remove_and_free_node
                0x100022c0       0xa0 CMakeFiles/Ex_4_EEPROM2.dir/Users/amerilain/pico/pico-sdk/src/common/pico_util/pheap.c.obj
                0x100022c0                ph_remove_and_free_node
 .text.uart_disable_before_lcr_write
                0x10002360       0x48 CMakeFiles/Ex_4_EEPROM2.dir/Users/amerilain/pico/pico-sdk/src/rp2_common/hardware_uart/uart.c.obj
 .text.uart_write_lcr_bits_masked
                0x100023a8       0x22 CMakeFiles/Ex_4_EEPROM2.dir/Users/amerilain/pico/pico-sdk/src/rp2_common/hardware_uart/uart.c.obj
 *fill*         0x100023ca        0x2 
 .text.uart_set_baudrate
                0x100023cc       0x5c CMakeFiles/Ex_4_EEPROM2.dir/Users/amerilain/pico/pico-sdk/src/rp2_common/hardware_uart/uart.c.obj
                0x100023cc                uart_set_baudrate
 .text.uart_set_format
                0x10002428       0x2c CMakeFiles/Ex_4_EEPROM2.dir/Users/amerilain/pico/pico-sdk/src/rp2_common/hardware_uart/uart.c.obj
                0x10002428                uart_set_format
 .text.uart_set_fifo_enabled
                0x10002454       0x10 CMakeFiles/Ex_4_EEPROM2.dir/Users/amerilain/pico/pico-sdk/src/rp2_common/hardware_uart/uart.c.obj
                0x10002454                uart_set_fifo_enabled
 .text.uart_set_translate_crlf
                0x10002464       0x28 CMakeFiles/Ex_4_EEPROM2.dir/Users/amerilain/pico/pico-sdk/src/rp2_common/hardware_uart/uart.c.obj
                0x10002464                uart_set_translate_crlf
 .text.uart_init
                0x1000248c       0x80 CMakeFiles/Ex_4_EEPROM2.dir/Users/amerilain/pico/pico-sdk/src/rp2_common/hardware_uart/uart.c.obj
                0x1000248c                uart_init
 .text.clock_configure
                0x1000250c      0x108 CMakeFiles/Ex_4_EEPROM2.dir/Users/amerilain/pico/pico-sdk/src/rp2_common/hardware_clocks/clocks.c.obj
                0x1000250c                clock_configure
 .text.clocks_init
                0x10002614      0x100 CMakeFiles/Ex_4_EEPROM2.dir/Users/amerilain/pico/pico-sdk/src/rp2_common/hardware_clocks/clocks.c.obj
                0x10002614                clocks_init
 .text.clock_get_hz
                0x10002714        0xc CMakeFiles/Ex_4_EEPROM2.dir/Users/amerilain/pico/pico-sdk/src/rp2_common/hardware_clocks/clocks.c.obj
                0x10002714                clock_get_hz
 .text.pll_init
                0x10002720      0x120 CMakeFiles/Ex_4_EEPROM2.dir/Users/amerilain/pico/pico-sdk/src/rp2_common/hardware_pll/pll.c.obj
                0x10002720                pll_init
 .text.watchdog_start_tick
                0x10002840       0x10 CMakeFiles/Ex_4_EEPROM2.dir/Users/amerilain/pico/pico-sdk/src/rp2_common/hardware_watchdog/watchdog.c.obj
                0x10002840                watchdog_start_tick
 .text.watchdog_update
                0x10002850       0x14 CMakeFiles/Ex_4_EEPROM2.dir/Users/amerilain/pico/pico-sdk/src/rp2_common/hardware_watchdog/watchdog.c.obj
                0x10002850                watchdog_update
 .text._watchdog_enable
                0x10002864       0x78 CMakeFiles/Ex_4_EEPROM2.dir/Users/amerilain/pico/pico-sdk/src/rp2_common/hardware_watchdog/watchdog.c.obj
                0x10002864                _watchdog_enable
 .text.watchdog_reboot
                0x100028dc       0x48 CMakeFiles/Ex_4_EEPROM2.dir/Users/amerilain/pico/pico-sdk/src/rp2_common/hardware_watchdog/watchdog.c.obj
                0x100028dc                watchdog_reboot
 .text.xosc_init
                0x10002924       0x28 CMakeFiles/Ex_4_EEPROM2.dir/Users/amerilain/pico/pico-sdk/src/rp2_common/hardware_xosc/xosc.c.obj
                0x10002924                xosc_init
 .text._exit    0x1000294c        0x4 CMakeFiles/Ex_4_EEPROM2.dir/Users/amerilain/pico/pico-sdk/src/rp2_common/pico_runtime/runtime.c.obj
                0x1000294c                _exit
 .text.exit     0x10002950        0x6 CMakeFiles/Ex_4_EEPROM2.dir/Users/amerilain/pico/pico-sdk/src/rp2_common/pico_runtime/runtime.c.obj
                0x10002950                exit
 *fill*         0x10002956        0x2 
 .text.__assert_func
                0x10002958       0x38 CMakeFiles/Ex_4_EEPROM2.dir/Users/amerilain/pico/pico-sdk/src/rp2_common/pico_runtime/runtime.c.obj
                0x10002958                __assert_func
 .text.runtime_init
                0x10002990       0xf8 CMakeFiles/Ex_4_EEPROM2.dir/Users/amerilain/pico/pico-sdk/src/rp2_common/pico_runtime/runtime.c.obj
                0x10002990                runtime_init
 .text.panic    0x10002a88       0x30 CMakeFiles/Ex_4_EEPROM2.dir/Users/amerilain/pico/pico-sdk/src/rp2_common/pico_runtime/runtime.c.obj
                0x10002a88                panic
 .text._out_buffer
                0x10002ab8        0x8 CMakeFiles/Ex_4_EEPROM2.dir/Users/amerilain/pico/pico-sdk/src/rp2_common/pico_printf/printf.c.obj
 .text._out_null
                0x10002ac0        0x2 CMakeFiles/Ex_4_EEPROM2.dir/Users/amerilain/pico/pico-sdk/src/rp2_common/pico_printf/printf.c.obj
 .text._out_fct
                0x10002ac2        0xe CMakeFiles/Ex_4_EEPROM2.dir/Users/amerilain/pico/pico-sdk/src/rp2_common/pico_printf/printf.c.obj
 .text._atoi    0x10002ad0       0x24 CMakeFiles/Ex_4_EEPROM2.dir/Users/amerilain/pico/pico-sdk/src/rp2_common/pico_printf/printf.c.obj
 .text._out_rev
                0x10002af4       0xae CMakeFiles/Ex_4_EEPROM2.dir/Users/amerilain/pico/pico-sdk/src/rp2_common/pico_printf/printf.c.obj
 .text._ntoa_format
                0x10002ba2      0x110 CMakeFiles/Ex_4_EEPROM2.dir/Users/amerilain/pico/pico-sdk/src/rp2_common/pico_printf/printf.c.obj
 .text._ntoa_long
                0x10002cb2       0xbc CMakeFiles/Ex_4_EEPROM2.dir/Users/amerilain/pico/pico-sdk/src/rp2_common/pico_printf/printf.c.obj
 .text._ntoa_long_long
                0x10002d6e      0x10e CMakeFiles/Ex_4_EEPROM2.dir/Users/amerilain/pico/pico-sdk/src/rp2_common/pico_printf/printf.c.obj
 .text._etoa    0x10002e7c      0x420 CMakeFiles/Ex_4_EEPROM2.dir/Users/amerilain/pico/pico-sdk/src/rp2_common/pico_printf/printf.c.obj
 .text._ftoa    0x1000329c      0x354 CMakeFiles/Ex_4_EEPROM2.dir/Users/amerilain/pico/pico-sdk/src/rp2_common/pico_printf/printf.c.obj
 .text._vsnprintf
                0x100035f0      0x65c CMakeFiles/Ex_4_EEPROM2.dir/Users/amerilain/pico/pico-sdk/src/rp2_common/pico_printf/printf.c.obj
 .text.__wrap_snprintf
                0x10003c4c       0x28 CMakeFiles/Ex_4_EEPROM2.dir/Users/amerilain/pico/pico-sdk/src/rp2_common/pico_printf/printf.c.obj
                0x10003c4c                __wrap_snprintf
 .text.vfctprintf
                0x10003c74       0x20 CMakeFiles/Ex_4_EEPROM2.dir/Users/amerilain/pico/pico-sdk/src/rp2_common/pico_printf/printf.c.obj
                0x10003c74                vfctprintf
 .text          0x10003c94       0x10 CMakeFiles/Ex_4_EEPROM2.dir/Users/amerilain/pico/pico-sdk/src/rp2_common/pico_bit_ops/bit_ops_aeabi.S.obj
 .text.rom_func_lookup
                0x10003ca4       0x10 CMakeFiles/Ex_4_EEPROM2.dir/Users/amerilain/pico/pico-sdk/src/rp2_common/pico_bootrom/bootrom.c.obj
                0x10003ca4                rom_func_lookup
 .text.rom_data_lookup
                0x10003cb4       0x10 CMakeFiles/Ex_4_EEPROM2.dir/Users/amerilain/pico/pico-sdk/src/rp2_common/pico_bootrom/bootrom.c.obj
                0x10003cb4                rom_data_lookup
 .text.rom_funcs_lookup
                0x10003cc4       0x36 CMakeFiles/Ex_4_EEPROM2.dir/Users/amerilain/pico/pico-sdk/src/rp2_common/pico_bootrom/bootrom.c.obj
                0x10003cc4                rom_funcs_lookup
 *fill*         0x10003cfa        0x2 
 .text.__wrap___aeabi_idiv
                0x10003cfc       0x50 CMakeFiles/Ex_4_EEPROM2.dir/Users/amerilain/pico/pico-sdk/src/rp2_common/pico_divider/divider.S.obj
                0x10003cfc                __wrap___aeabi_idivmod
                0x10003cfc                divmod_s32s32
                0x10003cfc                div_s32s32
                0x10003cfc                __wrap___aeabi_idiv
                0x10003d04                divmod_s32s32_unsafe
                0x10003d30                divmod_s32s32_savestate
 .text.__wrap___aeabi_uidiv
                0x10003d4c       0x4c CMakeFiles/Ex_4_EEPROM2.dir/Users/amerilain/pico/pico-sdk/src/rp2_common/pico_divider/divider.S.obj
                0x10003d4c                __wrap___aeabi_uidiv
                0x10003d4c                __wrap___aeabi_uidivmod
                0x10003d4c                div_u32u32
                0x10003d4c                divmod_u32u32
                0x10003d54                divmod_u32u32_unsafe
                0x10003d7c                divmod_u32u32_savestate
 .text.__wrap___aeabi_ldiv
                0x10003d98      0x424 CMakeFiles/Ex_4_EEPROM2.dir/Users/amerilain/pico/pico-sdk/src/rp2_common/pico_divider/divider.S.obj
                0x10003d98                __wrap___aeabi_ldivmod
                0x10003d98                div_s64s64
                0x10003d98                divmod_s64s64
                0x10003dc8                divmod_u64u64
                0x10003dc8                div_u64u64
                0x10003dc8                __wrap___aeabi_uldivmod
                0x10003dd8                divmod_u64u64_savestate
                0x10003df8                divmod_s64s64_unsafe
                0x10003e80                divmod_u64u64_unsafe
 .text.__wrap___aeabi_darithmetic
                0x100041bc       0x80 CMakeFiles/Ex_4_EEPROM2.dir/Users/amerilain/pico/pico-sdk/src/rp2_common/pico_double/double_aeabi.S.obj
                0x100041bc                __wrap___aeabi_drsub
                0x100041c2                __wrap___aeabi_dsub
                0x100041d4                __wrap___aeabi_dadd
                0x100041e6                __wrap___aeabi_ddiv
                0x10004222                __wrap___aeabi_dmul
 .text.__wrap___aeabi_cdcmple
                0x1000423c       0x6c CMakeFiles/Ex_4_EEPROM2.dir/Users/amerilain/pico/pico-sdk/src/rp2_common/pico_double/double_aeabi.S.obj
                0x1000423c                __wrap___aeabi_cdrcmple
                0x1000424c                __wrap___aeabi_cdcmple
                0x1000424c                __wrap___aeabi_cdcmpeq
 .text.__wrap___aeabi_dcmplt
                0x100042a8        0xc CMakeFiles/Ex_4_EEPROM2.dir/Users/amerilain/pico/pico-sdk/src/rp2_common/pico_double/double_aeabi.S.obj
                0x100042a8                __wrap___aeabi_dcmplt
 .text.__wrap___aeabi_dcmple
                0x100042b4       0x10 CMakeFiles/Ex_4_EEPROM2.dir/Users/amerilain/pico/pico-sdk/src/rp2_common/pico_double/double_aeabi.S.obj
                0x100042b4                __wrap___aeabi_dcmple
 .text.__wrap___aeabi_dcmpge
                0x100042c4       0x10 CMakeFiles/Ex_4_EEPROM2.dir/Users/amerilain/pico/pico-sdk/src/rp2_common/pico_double/double_aeabi.S.obj
                0x100042c4                __wrap___aeabi_dcmpge
 .text.__wrap___aeabi_dcmpgt
                0x100042d4        0xa CMakeFiles/Ex_4_EEPROM2.dir/Users/amerilain/pico/pico-sdk/src/rp2_common/pico_double/double_aeabi.S.obj
                0x100042d4                __wrap___aeabi_dcmpgt
 .text.__wrap___aeabi_dcmpun
                0x100042de       0x1c CMakeFiles/Ex_4_EEPROM2.dir/Users/amerilain/pico/pico-sdk/src/rp2_common/pico_double/double_aeabi.S.obj
                0x100042de                __wrap___aeabi_dcmpun
 *fill*         0x100042fa        0x2 
 .text.__wrap___aeabi_i2d
                0x100042fc       0x38 CMakeFiles/Ex_4_EEPROM2.dir/Users/amerilain/pico/pico-sdk/src/rp2_common/pico_double/double_aeabi.S.obj
                0x100042fc                __wrap___aeabi_ui2d
                0x10004304                __wrap___aeabi_i2d
 .text.__wrap___aeabi_d2iz
                0x10004334       0x48 CMakeFiles/Ex_4_EEPROM2.dir/Users/amerilain/pico/pico-sdk/src/rp2_common/pico_double/double_aeabi.S.obj
                0x10004334                __wrap___aeabi_d2iz
                0x10004334                double2int_z
 .text.__wrap___aeabi_d2uiz
                0x1000437c       0x18 CMakeFiles/Ex_4_EEPROM2.dir/Users/amerilain/pico/pico-sdk/src/rp2_common/pico_double/double_aeabi.S.obj
                0x1000437c                double2uint
                0x1000437c                __wrap___aeabi_d2uiz
 .text.__aeabi_double_init
                0x10004394       0xcc CMakeFiles/Ex_4_EEPROM2.dir/Users/amerilain/pico/pico-sdk/src/rp2_common/pico_double/double_init_rom.c.obj
                0x10004394                __aeabi_double_init
 .text.double_table_shim_on_use_helper
                0x10004460       0x34 CMakeFiles/Ex_4_EEPROM2.dir/Users/amerilain/pico/pico-sdk/src/rp2_common/pico_double/double_v1_rom_shim.S.obj
                0x10004460                double_table_shim_on_use_helper
 .text.__wrap___aeabi_dsub
                0x10004494       0x10 CMakeFiles/Ex_4_EEPROM2.dir/Users/amerilain/pico/pico-sdk/src/rp2_common/pico_double/double_v1_rom_shim.S.obj
                0x10004494                drsub_shim
                0x1000449a                dsub_shim
 .text.dadd_shim
                0x100044a4      0x15c CMakeFiles/Ex_4_EEPROM2.dir/Users/amerilain/pico/pico-sdk/src/rp2_common/pico_double/double_v1_rom_shim.S.obj
                0x100044a4                dadd_shim
 .text.dmul_shim
                0x10004600      0x15c CMakeFiles/Ex_4_EEPROM2.dir/Users/amerilain/pico/pico-sdk/src/rp2_common/pico_double/double_v1_rom_shim.S.obj
                0x10004600                dmul_shim
 .text.ddiv_shim
                0x1000475c      0x1b0 CMakeFiles/Ex_4_EEPROM2.dir/Users/amerilain/pico/pico-sdk/src/rp2_common/pico_double/double_v1_rom_shim.S.obj
                0x1000475c                ddiv_shim
 .text.double2uint_shim
                0x1000490c        0xe CMakeFiles/Ex_4_EEPROM2.dir/Users/amerilain/pico/pico-sdk/src/rp2_common/pico_double/double_v1_rom_shim.S.obj
                0x1000490c                double2uint_shim
                0x1000490e                double2ufix_shim
 *fill*         0x1000491a        0x2 
 .text.double2uint64_shim
                0x1000491c       0x70 CMakeFiles/Ex_4_EEPROM2.dir/Users/amerilain/pico/pico-sdk/src/rp2_common/pico_double/double_v1_rom_shim.S.obj
                0x1000491c                double2uint64_shim
                0x1000491e                double2ufix64_shim
                0x1000493e                d2fix_a
 .text.dunpacks
                0x1000498c       0x3c CMakeFiles/Ex_4_EEPROM2.dir/Users/amerilain/pico/pico-sdk/src/rp2_common/pico_double/double_v1_rom_shim.S.obj
                0x1000498c                dunpacks
 .text.__aeabi_lmul
                0x100049c8       0x32 CMakeFiles/Ex_4_EEPROM2.dir/Users/amerilain/pico/pico-sdk/src/rp2_common/pico_int64_ops/pico_int64_ops_aeabi.S.obj
                0x100049c8                __wrap___aeabi_lmul
 *fill*         0x100049fa        0x2 
 .text.__aeabi_float_init
                0x100049fc       0xfc CMakeFiles/Ex_4_EEPROM2.dir/Users/amerilain/pico/pico-sdk/src/rp2_common/pico_float/float_init_rom.c.obj
                0x100049fc                __aeabi_float_init
 .text.float_table_shim_on_use_helper
                0x10004af8       0x34 CMakeFiles/Ex_4_EEPROM2.dir/Users/amerilain/pico/pico-sdk/src/rp2_common/pico_float/float_v1_rom_shim.S.obj
                0x10004af8                float_table_shim_on_use_helper
 .text          0x10004b2c       0x10 CMakeFiles/Ex_4_EEPROM2.dir/Users/amerilain/pico/pico-sdk/src/rp2_common/pico_mem_ops/mem_ops_aeabi.S.obj
                0x10004b2c                __aeabi_mem_init
 .text.memset   0x10004b3c        0xc CMakeFiles/Ex_4_EEPROM2.dir/Users/amerilain/pico/pico-sdk/src/rp2_common/pico_mem_ops/mem_ops_aeabi.S.obj
                0x10004b3c                __wrap_memset
 .text.memcpy   0x10004b48        0xc CMakeFiles/Ex_4_EEPROM2.dir/Users/amerilain/pico/pico-sdk/src/rp2_common/pico_mem_ops/mem_ops_aeabi.S.obj
                0x10004b48                __wrap___aeabi_memcpy
                0x10004b48                __wrap_memcpy
 .text.stdio_out_chars_no_crlf
                0x10004b54        0xe CMakeFiles/Ex_4_EEPROM2.dir/Users/amerilain/pico/pico-sdk/src/rp2_common/pico_stdio/stdio.c.obj
 *fill*         0x10004b62        0x2 
 .text.stdio_out_chars_crlf
                0x10004b64       0x80 CMakeFiles/Ex_4_EEPROM2.dir/Users/amerilain/pico/pico-sdk/src/rp2_common/pico_stdio/stdio.c.obj
 .text.stdio_stack_buffer_flush
                0x10004be4       0x44 CMakeFiles/Ex_4_EEPROM2.dir/Users/amerilain/pico/pico-sdk/src/rp2_common/pico_stdio/stdio.c.obj
 .text.stdio_buffered_printer
                0x10004c28       0x20 CMakeFiles/Ex_4_EEPROM2.dir/Users/amerilain/pico/pico-sdk/src/rp2_common/pico_stdio/stdio.c.obj
 .text.update_us_since_boot
                0x10004c48       0x24 CMakeFiles/Ex_4_EEPROM2.dir/Users/amerilain/pico/pico-sdk/src/rp2_common/pico_stdio/stdio.c.obj
 .text.get_absolute_time
                0x10004c6c       0x22 CMakeFiles/Ex_4_EEPROM2.dir/Users/amerilain/pico/pico-sdk/src/rp2_common/pico_stdio/stdio.c.obj
 *fill*         0x10004c8e        0x2 
 .text.delayed_by_ms
                0x10004c90       0x44 CMakeFiles/Ex_4_EEPROM2.dir/Users/amerilain/pico/pico-sdk/src/rp2_common/pico_stdio/stdio.c.obj
 .text.make_timeout_time_ms
                0x10004cd4       0x20 CMakeFiles/Ex_4_EEPROM2.dir/Users/amerilain/pico/pico-sdk/src/rp2_common/pico_stdio/stdio.c.obj
 .text.stdout_serialize_begin
                0x10004cf4       0x20 CMakeFiles/Ex_4_EEPROM2.dir/Users/amerilain/pico/pico-sdk/src/rp2_common/pico_stdio/stdio.c.obj
                0x10004cf4                stdout_serialize_begin
 .text.stdout_serialize_end
                0x10004d14       0x10 CMakeFiles/Ex_4_EEPROM2.dir/Users/amerilain/pico/pico-sdk/src/rp2_common/pico_stdio/stdio.c.obj
                0x10004d14                stdout_serialize_end
 .text.stdio_put_string
                0x10004d24       0x98 CMakeFiles/Ex_4_EEPROM2.dir/Users/amerilain/pico/pico-sdk/src/rp2_common/pico_stdio/stdio.c.obj
 .text.stdio_set_driver_enabled
                0x10004dbc       0x2c CMakeFiles/Ex_4_EEPROM2.dir/Users/amerilain/pico/pico-sdk/src/rp2_common/pico_stdio/stdio.c.obj
                0x10004dbc                stdio_set_driver_enabled
 .text.stdio_flush
                0x10004de8       0x20 CMakeFiles/Ex_4_EEPROM2.dir/Users/amerilain/pico/pico-sdk/src/rp2_common/pico_stdio/stdio.c.obj
                0x10004de8                stdio_flush
 .text.__wrap_puts
                0x10004e08       0x1e CMakeFiles/Ex_4_EEPROM2.dir/Users/amerilain/pico/pico-sdk/src/rp2_common/pico_stdio/stdio.c.obj
                0x10004e08                __wrap_puts
 *fill*         0x10004e26        0x2 
 .text.__wrap_vprintf
                0x10004e28       0x40 CMakeFiles/Ex_4_EEPROM2.dir/Users/amerilain/pico/pico-sdk/src/rp2_common/pico_stdio/stdio.c.obj
                0x10004e28                __wrap_vprintf
 .text.__wrap_printf
                0x10004e68       0x18 CMakeFiles/Ex_4_EEPROM2.dir/Users/amerilain/pico/pico-sdk/src/rp2_common/pico_stdio/stdio.c.obj
                0x10004e68                __wrap_printf
 .text.stdio_init_all
                0x10004e80        0xe CMakeFiles/Ex_4_EEPROM2.dir/Users/amerilain/pico/pico-sdk/src/rp2_common/pico_stdio/stdio.c.obj
                0x10004e80                stdio_init_all
 *fill*         0x10004e8e        0x2 
 .text.uart_putc
                0x10004e90       0x60 CMakeFiles/Ex_4_EEPROM2.dir/Users/amerilain/pico/pico-sdk/src/rp2_common/pico_stdio_uart/stdio_uart.c.obj
 .text.uart_getc
                0x10004ef0       0x24 CMakeFiles/Ex_4_EEPROM2.dir/Users/amerilain/pico/pico-sdk/src/rp2_common/pico_stdio_uart/stdio_uart.c.obj
 .text.stdio_uart_out_chars
                0x10004f14       0x20 CMakeFiles/Ex_4_EEPROM2.dir/Users/amerilain/pico/pico-sdk/src/rp2_common/pico_stdio_uart/stdio_uart.c.obj
 .text.stdio_uart_in_chars
                0x10004f34       0x5c CMakeFiles/Ex_4_EEPROM2.dir/Users/amerilain/pico/pico-sdk/src/rp2_common/pico_stdio_uart/stdio_uart.c.obj
                0x10004f34                stdio_uart_in_chars
 .text.on_uart_rx
                0x10004f90       0x28 CMakeFiles/Ex_4_EEPROM2.dir/Users/amerilain/pico/pico-sdk/src/rp2_common/pico_stdio_uart/stdio_uart.c.obj
 .text.stdio_uart_set_chars_available_callback
                0x10004fb8       0x8c CMakeFiles/Ex_4_EEPROM2.dir/Users/amerilain/pico/pico-sdk/src/rp2_common/pico_stdio_uart/stdio_uart.c.obj
 .text.stdio_uart_init_full
                0x10005044       0x44 CMakeFiles/Ex_4_EEPROM2.dir/Users/amerilain/pico/pico-sdk/src/rp2_common/pico_stdio_uart/stdio_uart.c.obj
                0x10005044                stdio_uart_init_full
 .text.stdio_uart_init
                0x10005088       0x28 CMakeFiles/Ex_4_EEPROM2.dir/Users/amerilain/pico/pico-sdk/src/rp2_common/pico_stdio_uart/stdio_uart.c.obj
                0x10005088                stdio_uart_init
 .text.i2c_write_blocking_internal
                0x100050b0      0x146 CMakeFiles/Ex_4_EEPROM2.dir/Users/amerilain/pico/pico-sdk/src/rp2_common/hardware_i2c/i2c.c.obj
 .text.i2c_read_blocking_internal
                0x100051f6       0xe6 CMakeFiles/Ex_4_EEPROM2.dir/Users/amerilain/pico/pico-sdk/src/rp2_common/hardware_i2c/i2c.c.obj
 .text.i2c_set_baudrate
                0x100052dc       0xf0 CMakeFiles/Ex_4_EEPROM2.dir/Users/amerilain/pico/pico-sdk/src/rp2_common/hardware_i2c/i2c.c.obj
                0x100052dc                i2c_set_baudrate
 .text.i2c_init
                0x100053cc       0x58 CMakeFiles/Ex_4_EEPROM2.dir/Users/amerilain/pico/pico-sdk/src/rp2_common/hardware_i2c/i2c.c.obj
                0x100053cc                i2c_init
 .text.i2c_write_blocking
                0x10005424       0x18 CMakeFiles/Ex_4_EEPROM2.dir/Users/amerilain/pico/pico-sdk/src/rp2_common/hardware_i2c/i2c.c.obj
                0x10005424                i2c_write_blocking
 .text.i2c_read_blocking
                0x1000543c       0x18 CMakeFiles/Ex_4_EEPROM2.dir/Users/amerilain/pico/pico-sdk/src/rp2_common/hardware_i2c/i2c.c.obj
                0x1000543c                i2c_read_blocking
 .text.resetd_init
                0x10005454        0x2 CMakeFiles/Ex_4_EEPROM2.dir/Users/amerilain/pico/pico-sdk/src/rp2_common/pico_stdio_usb/reset_interface.c.obj
 *fill*         0x10005456        0x2 
 .text.resetd_reset
                0x10005458        0xc CMakeFiles/Ex_4_EEPROM2.dir/Users/amerilain/pico/pico-sdk/src/rp2_common/pico_stdio_usb/reset_interface.c.obj
 .text.resetd_open
                0x10005464       0x34 CMakeFiles/Ex_4_EEPROM2.dir/Users/amerilain/pico/pico-sdk/src/rp2_common/pico_stdio_usb/reset_interface.c.obj
 .text.resetd_xfer_cb
                0x10005498        0x4 CMakeFiles/Ex_4_EEPROM2.dir/Users/amerilain/pico/pico-sdk/src/rp2_common/pico_stdio_usb/reset_interface.c.obj
 .text.reset_usb_boot
                0x1000549c       0x18 CMakeFiles/Ex_4_EEPROM2.dir/Users/amerilain/pico/pico-sdk/src/rp2_common/pico_stdio_usb/reset_interface.c.obj
 .text.resetd_control_xfer_cb
                0x100054b4       0x5c CMakeFiles/Ex_4_EEPROM2.dir/Users/amerilain/pico/pico-sdk/src/rp2_common/pico_stdio_usb/reset_interface.c.obj
 .text.usbd_app_driver_get_cb
                0x10005510        0xc CMakeFiles/Ex_4_EEPROM2.dir/Users/amerilain/pico/pico-sdk/src/rp2_common/pico_stdio_usb/reset_interface.c.obj
                0x10005510                usbd_app_driver_get_cb
 .text.tud_cdc_line_coding_cb
                0x1000551c       0x28 CMakeFiles/Ex_4_EEPROM2.dir/Users/amerilain/pico/pico-sdk/src/rp2_common/pico_stdio_usb/reset_interface.c.obj
                0x1000551c                tud_cdc_line_coding_cb
 .text.stdio_usb_set_chars_available_callback
                0x10005544       0x14 CMakeFiles/Ex_4_EEPROM2.dir/Users/amerilain/pico/pico-sdk/src/rp2_common/pico_stdio_usb/stdio_usb.c.obj
                0x10005544                stdio_usb_set_chars_available_callback
 .text.update_us_since_boot
                0x10005558       0x24 CMakeFiles/Ex_4_EEPROM2.dir/Users/amerilain/pico/pico-sdk/src/rp2_common/pico_stdio_usb/stdio_usb.c.obj
 .text.get_absolute_time
                0x1000557c       0x22 CMakeFiles/Ex_4_EEPROM2.dir/Users/amerilain/pico/pico-sdk/src/rp2_common/pico_stdio_usb/stdio_usb.c.obj
 *fill*         0x1000559e        0x2 
 .text.delayed_by_ms
                0x100055a0       0x44 CMakeFiles/Ex_4_EEPROM2.dir/Users/amerilain/pico/pico-sdk/src/rp2_common/pico_stdio_usb/stdio_usb.c.obj
 .text.make_timeout_time_ms
                0x100055e4       0x20 CMakeFiles/Ex_4_EEPROM2.dir/Users/amerilain/pico/pico-sdk/src/rp2_common/pico_stdio_usb/stdio_usb.c.obj
 .text.delayed_by_us
                0x10005604       0x34 CMakeFiles/Ex_4_EEPROM2.dir/Users/amerilain/pico/pico-sdk/src/rp2_common/pico_stdio_usb/stdio_usb.c.obj
 .text.usb_irq  0x10005638       0x10 CMakeFiles/Ex_4_EEPROM2.dir/Users/amerilain/pico/pico-sdk/src/rp2_common/pico_stdio_usb/stdio_usb.c.obj
 .text.critical_section_enter_blocking
                0x10005648       0x16 CMakeFiles/Ex_4_EEPROM2.dir/Users/amerilain/pico/pico-sdk/src/rp2_common/pico_stdio_usb/stdio_usb.c.obj
 *fill*         0x1000565e        0x2 
 .text.timer_task
                0x10005660       0x4c CMakeFiles/Ex_4_EEPROM2.dir/Users/amerilain/pico/pico-sdk/src/rp2_common/pico_stdio_usb/stdio_usb.c.obj
 .text.alarm_pool_add_alarm_in_us
                0x100056ac       0x3a CMakeFiles/Ex_4_EEPROM2.dir/Users/amerilain/pico/pico-sdk/src/rp2_common/pico_stdio_usb/stdio_usb.c.obj
 .text.add_alarm_in_us
                0x100056e6       0x2e CMakeFiles/Ex_4_EEPROM2.dir/Users/amerilain/pico/pico-sdk/src/rp2_common/pico_stdio_usb/stdio_usb.c.obj
 .text.low_priority_worker_irq
                0x10005714       0x7c CMakeFiles/Ex_4_EEPROM2.dir/Users/amerilain/pico/pico-sdk/src/rp2_common/pico_stdio_usb/stdio_usb.c.obj
 .text.tud_cdc_rx_cb
                0x10005790       0x20 CMakeFiles/Ex_4_EEPROM2.dir/Users/amerilain/pico/pico-sdk/src/rp2_common/pico_stdio_usb/stdio_usb.c.obj
                0x10005790                tud_cdc_rx_cb
 .text.stdio_usb_init
                0x100057b0       0xd0 CMakeFiles/Ex_4_EEPROM2.dir/Users/amerilain/pico/pico-sdk/src/rp2_common/pico_stdio_usb/stdio_usb.c.obj
                0x100057b0                stdio_usb_init
 .text.stdio_usb_connected
                0x10005880        0xa CMakeFiles/Ex_4_EEPROM2.dir/Users/amerilain/pico/pico-sdk/src/rp2_common/pico_stdio_usb/stdio_usb.c.obj
                0x10005880                stdio_usb_connected
 *fill*         0x1000588a        0x2 
 .text.stdio_usb_in_chars
                0x1000588c       0x88 CMakeFiles/Ex_4_EEPROM2.dir/Users/amerilain/pico/pico-sdk/src/rp2_common/pico_stdio_usb/stdio_usb.c.obj
                0x1000588c                stdio_usb_in_chars
 .text.stdio_usb_out_chars
                0x10005914       0xd8 CMakeFiles/Ex_4_EEPROM2.dir/Users/amerilain/pico/pico-sdk/src/rp2_common/pico_stdio_usb/stdio_usb.c.obj
 .text.tud_descriptor_device_cb
                0x100059ec        0x8 CMakeFiles/Ex_4_EEPROM2.dir/Users/amerilain/pico/pico-sdk/src/rp2_common/pico_stdio_usb/stdio_usb_descriptors.c.obj
                0x100059ec                tud_descriptor_device_cb
 .text.tud_descriptor_configuration_cb
                0x100059f4        0x8 CMakeFiles/Ex_4_EEPROM2.dir/Users/amerilain/pico/pico-sdk/src/rp2_common/pico_stdio_usb/stdio_usb_descriptors.c.obj
                0x100059f4                tud_descriptor_configuration_cb
 .text.tud_descriptor_string_cb
                0x100059fc       0x6c CMakeFiles/Ex_4_EEPROM2.dir/Users/amerilain/pico/pico-sdk/src/rp2_common/pico_stdio_usb/stdio_usb_descriptors.c.obj
                0x100059fc                tud_descriptor_string_cb
 .text._retrieve_unique_id_on_boot
                0x10005a68       0x10 CMakeFiles/Ex_4_EEPROM2.dir/Users/amerilain/pico/pico-sdk/src/rp2_common/pico_unique_id/unique_id.c.obj
 .text.pico_get_unique_board_id_string
                0x10005a78       0x5c CMakeFiles/Ex_4_EEPROM2.dir/Users/amerilain/pico/pico-sdk/src/rp2_common/pico_unique_id/unique_id.c.obj
                0x10005a78                pico_get_unique_board_id_string
 .text.flash_get_unique_id
                0x10005ad4       0x46 CMakeFiles/Ex_4_EEPROM2.dir/Users/amerilain/pico/pico-sdk/src/rp2_common/hardware_flash/flash.c.obj
                0x10005ad4                flash_get_unique_id
 *fill*         0x10005b1a        0x2 
 .text.hw_endpoint_get_by_addr
                0x10005b1c       0x18 CMakeFiles/Ex_4_EEPROM2.dir/Users/amerilain/pico/pico-sdk/lib/tinyusb/src/portable/raspberrypi/rp2040/dcd_rp2040.c.obj
 .text._hw_endpoint_alloc
                0x10005b34       0x70 CMakeFiles/Ex_4_EEPROM2.dir/Users/amerilain/pico/pico-sdk/lib/tinyusb/src/portable/raspberrypi/rp2040/dcd_rp2040.c.obj
 .text.hw_endpoint_init
                0x10005ba4       0x88 CMakeFiles/Ex_4_EEPROM2.dir/Users/amerilain/pico/pico-sdk/lib/tinyusb/src/portable/raspberrypi/rp2040/dcd_rp2040.c.obj
 .text.dcd_event_sof
                0x10005c2c       0x2c CMakeFiles/Ex_4_EEPROM2.dir/Users/amerilain/pico/pico-sdk/lib/tinyusb/src/portable/raspberrypi/rp2040/dcd_rp2040.c.obj
 .text.hw_endpoint_xfer
                0x10005c58       0x14 CMakeFiles/Ex_4_EEPROM2.dir/Users/amerilain/pico/pico-sdk/lib/tinyusb/src/portable/raspberrypi/rp2040/dcd_rp2040.c.obj
 .text.dcd_int_enable
                0x10005c6c       0x2c CMakeFiles/Ex_4_EEPROM2.dir/Users/amerilain/pico/pico-sdk/lib/tinyusb/src/portable/raspberrypi/rp2040/dcd_rp2040.c.obj
                0x10005c6c                dcd_int_enable
 .text.dcd_set_address
                0x10005c98       0x2c CMakeFiles/Ex_4_EEPROM2.dir/Users/amerilain/pico/pico-sdk/lib/tinyusb/src/portable/raspberrypi/rp2040/dcd_rp2040.c.obj
                0x10005c98                dcd_set_address
 .text.dcd_connect
                0x10005cc4       0x10 CMakeFiles/Ex_4_EEPROM2.dir/Users/amerilain/pico/pico-sdk/lib/tinyusb/src/portable/raspberrypi/rp2040/dcd_rp2040.c.obj
                0x10005cc4                dcd_connect
 .text.dcd_init
                0x10005cd4       0x80 CMakeFiles/Ex_4_EEPROM2.dir/Users/amerilain/pico/pico-sdk/lib/tinyusb/src/portable/raspberrypi/rp2040/dcd_rp2040.c.obj
                0x10005cd4                dcd_init
 .text.dcd_edpt0_status_complete
                0x10005d54       0x1c CMakeFiles/Ex_4_EEPROM2.dir/Users/amerilain/pico/pico-sdk/lib/tinyusb/src/portable/raspberrypi/rp2040/dcd_rp2040.c.obj
                0x10005d54                dcd_edpt0_status_complete
 .text.dcd_edpt_open
                0x10005d70       0x40 CMakeFiles/Ex_4_EEPROM2.dir/Users/amerilain/pico/pico-sdk/lib/tinyusb/src/portable/raspberrypi/rp2040/dcd_rp2040.c.obj
                0x10005d70                dcd_edpt_open
 .text.dcd_edpt_close_all
                0x10005db0        0x8 CMakeFiles/Ex_4_EEPROM2.dir/Users/amerilain/pico/pico-sdk/lib/tinyusb/src/portable/raspberrypi/rp2040/dcd_rp2040.c.obj
                0x10005db0                dcd_edpt_close_all
 .text.dcd_edpt_xfer
                0x10005db8       0x34 CMakeFiles/Ex_4_EEPROM2.dir/Users/amerilain/pico/pico-sdk/lib/tinyusb/src/portable/raspberrypi/rp2040/dcd_rp2040.c.obj
                0x10005db8                dcd_edpt_xfer
 .text.dcd_edpt_stall
                0x10005dec       0x2c CMakeFiles/Ex_4_EEPROM2.dir/Users/amerilain/pico/pico-sdk/lib/tinyusb/src/portable/raspberrypi/rp2040/dcd_rp2040.c.obj
                0x10005dec                dcd_edpt_stall
 .text.dcd_edpt_clear_stall
                0x10005e18       0x20 CMakeFiles/Ex_4_EEPROM2.dir/Users/amerilain/pico/pico-sdk/lib/tinyusb/src/portable/raspberrypi/rp2040/dcd_rp2040.c.obj
                0x10005e18                dcd_edpt_clear_stall
 .text.rp2040_usb_init
                0x10005e38       0x4c CMakeFiles/Ex_4_EEPROM2.dir/Users/amerilain/pico/pico-sdk/lib/tinyusb/src/portable/raspberrypi/rp2040/rp2040_usb.c.obj
                0x10005e38                rp2040_usb_init
 .text.hw_endpoint_xfer_start
                0x10005e84       0x50 CMakeFiles/Ex_4_EEPROM2.dir/Users/amerilain/pico/pico-sdk/lib/tinyusb/src/portable/raspberrypi/rp2040/rp2040_usb.c.obj
                0x10005e84                hw_endpoint_xfer_start
 .text.configuration_reset
                0x10005ed4       0x84 CMakeFiles/Ex_4_EEPROM2.dir/Users/amerilain/pico/pico-sdk/lib/tinyusb/src/device/usbd.c.obj
 .text.critical_section_enter_blocking
                0x10005f58       0x16 CMakeFiles/Ex_4_EEPROM2.dir/Users/amerilain/pico/pico-sdk/lib/tinyusb/src/device/usbd.c.obj
 .text.usbd_reset
                0x10005f6e        0xc CMakeFiles/Ex_4_EEPROM2.dir/Users/amerilain/pico/pico-sdk/lib/tinyusb/src/device/usbd.c.obj
 .text.invoke_class_control
                0x10005f7a       0x1a CMakeFiles/Ex_4_EEPROM2.dir/Users/amerilain/pico/pico-sdk/lib/tinyusb/src/device/usbd.c.obj
 .text.process_set_config
                0x10005f94      0x178 CMakeFiles/Ex_4_EEPROM2.dir/Users/amerilain/pico/pico-sdk/lib/tinyusb/src/device/usbd.c.obj
 .text.process_get_descriptor
                0x1000610c       0xdc CMakeFiles/Ex_4_EEPROM2.dir/Users/amerilain/pico/pico-sdk/lib/tinyusb/src/device/usbd.c.obj
 .text.tud_mounted
                0x100061e8       0x10 CMakeFiles/Ex_4_EEPROM2.dir/Users/amerilain/pico/pico-sdk/lib/tinyusb/src/device/usbd.c.obj
                0x100061e8                tud_mounted
 .text.tud_suspended
                0x100061f8       0x10 CMakeFiles/Ex_4_EEPROM2.dir/Users/amerilain/pico/pico-sdk/lib/tinyusb/src/device/usbd.c.obj
                0x100061f8                tud_suspended
 .text.tud_inited
                0x10006208       0x14 CMakeFiles/Ex_4_EEPROM2.dir/Users/amerilain/pico/pico-sdk/lib/tinyusb/src/device/usbd.c.obj
                0x10006208                tud_inited
 .text.tud_init
                0x1000621c       0xcc CMakeFiles/Ex_4_EEPROM2.dir/Users/amerilain/pico/pico-sdk/lib/tinyusb/src/device/usbd.c.obj
                0x1000621c                tud_init
 .text.usbd_defer_func
                0x100062e8       0x2a CMakeFiles/Ex_4_EEPROM2.dir/Users/amerilain/pico/pico-sdk/lib/tinyusb/src/device/usbd.c.obj
                0x100062e8                usbd_defer_func
 *fill*         0x10006312        0x2 
 .text.usbd_edpt_open
                0x10006314       0x34 CMakeFiles/Ex_4_EEPROM2.dir/Users/amerilain/pico/pico-sdk/lib/tinyusb/src/device/usbd.c.obj
                0x10006314                usbd_edpt_open
 .text.usbd_open_edpt_pair
                0x10006348       0x62 CMakeFiles/Ex_4_EEPROM2.dir/Users/amerilain/pico/pico-sdk/lib/tinyusb/src/device/usbd.c.obj
                0x10006348                usbd_open_edpt_pair
 *fill*         0x100063aa        0x2 
 .text.usbd_edpt_claim
                0x100063ac       0x28 CMakeFiles/Ex_4_EEPROM2.dir/Users/amerilain/pico/pico-sdk/lib/tinyusb/src/device/usbd.c.obj
                0x100063ac                usbd_edpt_claim
 .text.usbd_edpt_release
                0x100063d4       0x28 CMakeFiles/Ex_4_EEPROM2.dir/Users/amerilain/pico/pico-sdk/lib/tinyusb/src/device/usbd.c.obj
                0x100063d4                usbd_edpt_release
 .text.usbd_edpt_xfer
                0x100063fc       0x78 CMakeFiles/Ex_4_EEPROM2.dir/Users/amerilain/pico/pico-sdk/lib/tinyusb/src/device/usbd.c.obj
                0x100063fc                usbd_edpt_xfer
 .text.usbd_edpt_stall
                0x10006474       0x48 CMakeFiles/Ex_4_EEPROM2.dir/Users/amerilain/pico/pico-sdk/lib/tinyusb/src/device/usbd.c.obj
                0x10006474                usbd_edpt_stall
 .text.usbd_edpt_clear_stall
                0x100064bc       0x48 CMakeFiles/Ex_4_EEPROM2.dir/Users/amerilain/pico/pico-sdk/lib/tinyusb/src/device/usbd.c.obj
                0x100064bc                usbd_edpt_clear_stall
 .text.usbd_edpt_stalled
                0x10006504       0x1c CMakeFiles/Ex_4_EEPROM2.dir/Users/amerilain/pico/pico-sdk/lib/tinyusb/src/device/usbd.c.obj
                0x10006504                usbd_edpt_stalled
 .text.process_control_request
                0x10006520      0x374 CMakeFiles/Ex_4_EEPROM2.dir/Users/amerilain/pico/pico-sdk/lib/tinyusb/src/device/usbd.c.obj
 .text.tud_task_ext
                0x10006894      0x1a8 CMakeFiles/Ex_4_EEPROM2.dir/Users/amerilain/pico/pico-sdk/lib/tinyusb/src/device/usbd.c.obj
                0x10006894                tud_task_ext
 .text._status_stage_xact
                0x10006a3c       0x1a CMakeFiles/Ex_4_EEPROM2.dir/Users/amerilain/pico/pico-sdk/lib/tinyusb/src/device/usbd_control.c.obj
 *fill*         0x10006a56        0x2 
 .text._data_stage_xact
                0x10006a58       0x58 CMakeFiles/Ex_4_EEPROM2.dir/Users/amerilain/pico/pico-sdk/lib/tinyusb/src/device/usbd_control.c.obj
 .text.tud_control_status
                0x10006ab0       0x28 CMakeFiles/Ex_4_EEPROM2.dir/Users/amerilain/pico/pico-sdk/lib/tinyusb/src/device/usbd_control.c.obj
                0x10006ab0                tud_control_status
 .text.tud_control_xfer
                0x10006ad8       0x68 CMakeFiles/Ex_4_EEPROM2.dir/Users/amerilain/pico/pico-sdk/lib/tinyusb/src/device/usbd_control.c.obj
                0x10006ad8                tud_control_xfer
 .text.usbd_control_reset
                0x10006b40       0x14 CMakeFiles/Ex_4_EEPROM2.dir/Users/amerilain/pico/pico-sdk/lib/tinyusb/src/device/usbd_control.c.obj
                0x10006b40                usbd_control_reset
 .text.usbd_control_set_complete_callback
                0x10006b54        0xc CMakeFiles/Ex_4_EEPROM2.dir/Users/amerilain/pico/pico-sdk/lib/tinyusb/src/device/usbd_control.c.obj
                0x10006b54                usbd_control_set_complete_callback
 .text.usbd_control_set_request
                0x10006b60       0x1c CMakeFiles/Ex_4_EEPROM2.dir/Users/amerilain/pico/pico-sdk/lib/tinyusb/src/device/usbd_control.c.obj
                0x10006b60                usbd_control_set_request
 .text.usbd_control_xfer_cb
                0x10006b7c       0xbc CMakeFiles/Ex_4_EEPROM2.dir/Users/amerilain/pico/pico-sdk/lib/tinyusb/src/device/usbd_control.c.obj
                0x10006b7c                usbd_control_xfer_cb
 .text._prep_out_transaction
                0x10006c38       0x4a CMakeFiles/Ex_4_EEPROM2.dir/Users/amerilain/pico/pico-sdk/lib/tinyusb/src/class/cdc/cdc_device.c.obj
 *fill*         0x10006c82        0x2 
 .text.tud_cdc_n_connected
                0x10006c84       0x38 CMakeFiles/Ex_4_EEPROM2.dir/Users/amerilain/pico/pico-sdk/lib/tinyusb/src/class/cdc/cdc_device.c.obj
                0x10006c84                tud_cdc_n_connected
 .text.tud_cdc_n_available
                0x10006cbc       0x18 CMakeFiles/Ex_4_EEPROM2.dir/Users/amerilain/pico/pico-sdk/lib/tinyusb/src/class/cdc/cdc_device.c.obj
                0x10006cbc                tud_cdc_n_available
 .text.tud_cdc_n_read
                0x10006cd4       0x28 CMakeFiles/Ex_4_EEPROM2.dir/Users/amerilain/pico/pico-sdk/lib/tinyusb/src/class/cdc/cdc_device.c.obj
                0x10006cd4                tud_cdc_n_read
 .text.tud_cdc_n_write_flush
                0x10006cfc       0xb8 CMakeFiles/Ex_4_EEPROM2.dir/Users/amerilain/pico/pico-sdk/lib/tinyusb/src/class/cdc/cdc_device.c.obj
                0x10006cfc                tud_cdc_n_write_flush
 .text.tud_cdc_n_write
                0x10006db4       0x38 CMakeFiles/Ex_4_EEPROM2.dir/Users/amerilain/pico/pico-sdk/lib/tinyusb/src/class/cdc/cdc_device.c.obj
                0x10006db4                tud_cdc_n_write
 .text.tud_cdc_n_write_available
                0x10006dec       0x1c CMakeFiles/Ex_4_EEPROM2.dir/Users/amerilain/pico/pico-sdk/lib/tinyusb/src/class/cdc/cdc_device.c.obj
                0x10006dec                tud_cdc_n_write_available
 .text.cdcd_init
                0x10006e08       0xbc CMakeFiles/Ex_4_EEPROM2.dir/Users/amerilain/pico/pico-sdk/lib/tinyusb/src/class/cdc/cdc_device.c.obj
                0x10006e08                cdcd_init
 .text.cdcd_reset
                0x10006ec4       0x44 CMakeFiles/Ex_4_EEPROM2.dir/Users/amerilain/pico/pico-sdk/lib/tinyusb/src/class/cdc/cdc_device.c.obj
                0x10006ec4                cdcd_reset
 .text.cdcd_open
                0x10006f08       0xc4 CMakeFiles/Ex_4_EEPROM2.dir/Users/amerilain/pico/pico-sdk/lib/tinyusb/src/class/cdc/cdc_device.c.obj
                0x10006f08                cdcd_open
 .text.cdcd_control_xfer_cb
                0x10006fcc      0x134 CMakeFiles/Ex_4_EEPROM2.dir/Users/amerilain/pico/pico-sdk/lib/tinyusb/src/class/cdc/cdc_device.c.obj
                0x10006fcc                cdcd_control_xfer_cb
 .text.cdcd_xfer_cb
                0x10007100      0x130 CMakeFiles/Ex_4_EEPROM2.dir/Users/amerilain/pico/pico-sdk/lib/tinyusb/src/class/cdc/cdc_device.c.obj
                0x10007100                cdcd_xfer_cb
 .text.tusb_init
                0x10007230        0xa CMakeFiles/Ex_4_EEPROM2.dir/Users/amerilain/pico/pico-sdk/lib/tinyusb/src/tusb.c.obj
                0x10007230                tusb_init
 .text.tusb_inited
                0x1000723a        0xe CMakeFiles/Ex_4_EEPROM2.dir/Users/amerilain/pico/pico-sdk/lib/tinyusb/src/tusb.c.obj
                0x1000723a                tusb_inited
 .text.tu_edpt_claim
                0x10007248       0x50 CMakeFiles/Ex_4_EEPROM2.dir/Users/amerilain/pico/pico-sdk/lib/tinyusb/src/tusb.c.obj
                0x10007248                tu_edpt_claim
 .text.tu_edpt_release
                0x10007298       0x38 CMakeFiles/Ex_4_EEPROM2.dir/Users/amerilain/pico/pico-sdk/lib/tinyusb/src/tusb.c.obj
                0x10007298                tu_edpt_release
 .text.tu_edpt_validate
                0x100072d0       0x78 CMakeFiles/Ex_4_EEPROM2.dir/Users/amerilain/pico/pico-sdk/lib/tinyusb/src/tusb.c.obj
                0x100072d0                tu_edpt_validate
 .text.tu_edpt_bind_driver
                0x10007348       0x26 CMakeFiles/Ex_4_EEPROM2.dir/Users/amerilain/pico/pico-sdk/lib/tinyusb/src/tusb.c.obj
                0x10007348                tu_edpt_bind_driver
 .text.advance_index
                0x1000736e       0x1a CMakeFiles/Ex_4_EEPROM2.dir/Users/amerilain/pico/pico-sdk/lib/tinyusb/src/common/tusb_fifo.c.obj
 .text._tu_fifo_peek
                0x10007388       0x56 CMakeFiles/Ex_4_EEPROM2.dir/Users/amerilain/pico/pico-sdk/lib/tinyusb/src/common/tusb_fifo.c.obj
 .text._ff_pull_const_addr
                0x100073de       0x4c CMakeFiles/Ex_4_EEPROM2.dir/Users/amerilain/pico/pico-sdk/lib/tinyusb/src/common/tusb_fifo.c.obj
 .text._ff_pull_n
                0x1000742a      0x110 CMakeFiles/Ex_4_EEPROM2.dir/Users/amerilain/pico/pico-sdk/lib/tinyusb/src/common/tusb_fifo.c.obj
 .text._tu_fifo_peek_n
                0x1000753a       0x6a CMakeFiles/Ex_4_EEPROM2.dir/Users/amerilain/pico/pico-sdk/lib/tinyusb/src/common/tusb_fifo.c.obj
 .text._tu_fifo_read_n
                0x100075a4       0x4e CMakeFiles/Ex_4_EEPROM2.dir/Users/amerilain/pico/pico-sdk/lib/tinyusb/src/common/tusb_fifo.c.obj
 .text._ff_push_const_addr
                0x100075f2       0x40 CMakeFiles/Ex_4_EEPROM2.dir/Users/amerilain/pico/pico-sdk/lib/tinyusb/src/common/tusb_fifo.c.obj
 .text._ff_push_n
                0x10007632      0x10c CMakeFiles/Ex_4_EEPROM2.dir/Users/amerilain/pico/pico-sdk/lib/tinyusb/src/common/tusb_fifo.c.obj
 .text._tu_fifo_write_n
                0x1000773e       0xf0 CMakeFiles/Ex_4_EEPROM2.dir/Users/amerilain/pico/pico-sdk/lib/tinyusb/src/common/tusb_fifo.c.obj
 .text.tu_fifo_config
                0x1000782e       0x7c CMakeFiles/Ex_4_EEPROM2.dir/Users/amerilain/pico/pico-sdk/lib/tinyusb/src/common/tusb_fifo.c.obj
                0x1000782e                tu_fifo_config
 .text.tu_fifo_count
                0x100078aa       0x2a CMakeFiles/Ex_4_EEPROM2.dir/Users/amerilain/pico/pico-sdk/lib/tinyusb/src/common/tusb_fifo.c.obj
                0x100078aa                tu_fifo_count
 .text.tu_fifo_empty
                0x100078d4        0xe CMakeFiles/Ex_4_EEPROM2.dir/Users/amerilain/pico/pico-sdk/lib/tinyusb/src/common/tusb_fifo.c.obj
                0x100078d4                tu_fifo_empty
 .text.tu_fifo_full
                0x100078e2       0x28 CMakeFiles/Ex_4_EEPROM2.dir/Users/amerilain/pico/pico-sdk/lib/tinyusb/src/common/tusb_fifo.c.obj
                0x100078e2                tu_fifo_full
 .text.tu_fifo_remaining
                0x1000790a       0x2c CMakeFiles/Ex_4_EEPROM2.dir/Users/amerilain/pico/pico-sdk/lib/tinyusb/src/common/tusb_fifo.c.obj
                0x1000790a                tu_fifo_remaining
 .text.tu_fifo_read
                0x10007936       0x42 CMakeFiles/Ex_4_EEPROM2.dir/Users/amerilain/pico/pico-sdk/lib/tinyusb/src/common/tusb_fifo.c.obj
                0x10007936                tu_fifo_read
 .text.tu_fifo_read_n
                0x10007978        0xa CMakeFiles/Ex_4_EEPROM2.dir/Users/amerilain/pico/pico-sdk/lib/tinyusb/src/common/tusb_fifo.c.obj
                0x10007978                tu_fifo_read_n
 .text.tu_fifo_write
                0x10007982       0x64 CMakeFiles/Ex_4_EEPROM2.dir/Users/amerilain/pico/pico-sdk/lib/tinyusb/src/common/tusb_fifo.c.obj
                0x10007982                tu_fifo_write
 .text.tu_fifo_write_n
                0x100079e6        0xa CMakeFiles/Ex_4_EEPROM2.dir/Users/amerilain/pico/pico-sdk/lib/tinyusb/src/common/tusb_fifo.c.obj
                0x100079e6                tu_fifo_write_n
 .text.tu_fifo_clear
                0x100079f0       0x3e CMakeFiles/Ex_4_EEPROM2.dir/Users/amerilain/pico/pico-sdk/lib/tinyusb/src/common/tusb_fifo.c.obj
                0x100079f0                tu_fifo_clear
 .text.tu_fifo_set_overwritable
                0x10007a2e       0x46 CMakeFiles/Ex_4_EEPROM2.dir/Users/amerilain/pico/pico-sdk/lib/tinyusb/src/common/tusb_fifo.c.obj
                0x10007a2e                tu_fifo_set_overwritable
 .text.strncpy  0x10007a74       0x60 /Applications/ArmGNUToolchain/12.3.rel1/arm-none-eabi/bin/../lib/gcc/arm-none-eabi/12.3.1/../../../../arm-none-eabi/lib/thumb/v6-m/nofp/libg.a(libc_a-strncpy.o)
                0x10007a74                strncpy
 .text          0x10007ad4       0x88 /Applications/ArmGNUToolchain/12.3.rel1/arm-none-eabi/bin/../lib/gcc/arm-none-eabi/12.3.1/../../../../arm-none-eabi/lib/thumb/v6-m/nofp/libg.a(libc_a-strcmp.o)
                0x10007ad4                strcmp
 .text.strlen   0x10007b5c       0x5c /Applications/ArmGNUToolchain/12.3.rel1/arm-none-eabi/bin/../lib/gcc/arm-none-eabi/12.3.1/../../../../arm-none-eabi/lib/thumb/v6-m/nofp/libg.a(libc_a-strlen-stub.o)
                0x10007b5c                strlen
 *(.fini)
 .fini          0x10007bb8        0x4 /Applications/ArmGNUToolchain/12.3.rel1/arm-none-eabi/bin/../lib/gcc/arm-none-eabi/12.3.1/thumb/v6-m/nofp/crti.o
                0x10007bb8                _fini
 *fill*         0x10007bbc        0x4 
 .fini.__stub   0x10007bc0       0xe0 linker stubs
 *crtbegin.o(.ctors)
 *crtbegin?.o(.ctors)
 *(EXCLUDE_FILE(*crtend.o *crtend?.o) .ctors)
 *(SORT_BY_NAME(.ctors.*))
 *(.ctors)
 *crtbegin.o(.dtors)
 *crtbegin?.o(.dtors)
 *(EXCLUDE_FILE(*crtend.o *crtend?.o) .dtors)
 *(SORT_BY_NAME(.dtors.*))
 *(.dtors)
 *(.eh_frame*)
 .eh_frame      0x10007ca0        0x0 /Applications/ArmGNUToolchain/12.3.rel1/arm-none-eabi/bin/../lib/gcc/arm-none-eabi/12.3.1/thumb/v6-m/nofp/crtbegin.o
                0x10007ca0                        . = ALIGN (0x4)

.glue_7         0x10007ca0        0x0
 .glue_7        0x10007ca0        0x0 linker stubs

.glue_7t        0x10007ca0        0x0
 .glue_7t       0x10007ca0        0x0 linker stubs

.vfp11_veneer   0x10007ca0        0x0
 .vfp11_veneer  0x10007ca0        0x0 linker stubs

.v4_bx          0x10007ca0        0x0
 .v4_bx         0x10007ca0        0x0 linker stubs

.iplt           0x10007ca0        0x0
 .iplt          0x10007ca0        0x0 /Applications/ArmGNUToolchain/12.3.rel1/arm-none-eabi/bin/../lib/gcc/arm-none-eabi/12.3.1/thumb/v6-m/nofp/crtbegin.o

.rodata         0x10007ca0     0x17f4
 *(EXCLUDE_FILE(*libm.a: *libc.a:*lib_a-mem*.o *libgcc.a:) .rodata*)
 .rodata.update_us_since_boot.str1.4
                0x10007ca0       0x65 CMakeFiles/Ex_4_EEPROM2.dir/main.c.obj
 *fill*         0x10007d05        0x3 
 .rodata.write_bytes.str1.4
                0x10007d08       0x24 CMakeFiles/Ex_4_EEPROM2.dir/main.c.obj
 .rodata.read_bytes.str1.4
                0x10007d2c       0x23 CMakeFiles/Ex_4_EEPROM2.dir/main.c.obj
 *fill*         0x10007d4f        0x1 
 .rodata.read_log.str1.4
                0x10007d50       0x7a CMakeFiles/Ex_4_EEPROM2.dir/main.c.obj
 *fill*         0x10007dca        0x2 
 .rodata.write_to_log.str1.4
                0x10007dcc       0x73 CMakeFiles/Ex_4_EEPROM2.dir/main.c.obj
 *fill*         0x10007e3f        0x1 
 .rodata.init_log.str1.4
                0x10007e40        0x5 CMakeFiles/Ex_4_EEPROM2.dir/main.c.obj
 *fill*         0x10007e45        0x3 
 .rodata.led_state_to_string.str1.4
                0x10007e48       0x28 CMakeFiles/Ex_4_EEPROM2.dir/main.c.obj
 .rodata.main.str1.4
                0x10007e70       0x53 CMakeFiles/Ex_4_EEPROM2.dir/main.c.obj
 *fill*         0x10007ec3        0x1 
 .rodata.__func__.0
                0x10007ec4       0x15 CMakeFiles/Ex_4_EEPROM2.dir/main.c.obj
 *fill*         0x10007ed9        0x3 
 .rodata        0x10007edc       0x10 CMakeFiles/Ex_4_EEPROM2.dir/main.c.obj
 .rodata.spin_lock_claim_unused.str1.4
                0x10007eec       0x1b CMakeFiles/Ex_4_EEPROM2.dir/Users/amerilain/pico/pico-sdk/src/rp2_common/hardware_sync/sync.c.obj
 *fill*         0x10007f07        0x1 
 .rodata.resolve_branch.str1.4
                0x10007f08       0x59 CMakeFiles/Ex_4_EEPROM2.dir/Users/amerilain/pico/pico-sdk/src/rp2_common/hardware_irq/irq.c.obj
 *fill*         0x10007f61        0x3 
 .rodata.make_branch.str1.4
                0x10007f64       0x30 CMakeFiles/Ex_4_EEPROM2.dir/Users/amerilain/pico/pico-sdk/src/rp2_common/hardware_irq/irq.c.obj
 .rodata.insert_branch_and_link.str1.4
                0x10007f94       0x10 CMakeFiles/Ex_4_EEPROM2.dir/Users/amerilain/pico/pico-sdk/src/rp2_common/hardware_irq/irq.c.obj
 .rodata.irq_set_exclusive_handler.str1.4
                0x10007fa4       0x36 CMakeFiles/Ex_4_EEPROM2.dir/Users/amerilain/pico/pico-sdk/src/rp2_common/hardware_irq/irq.c.obj
 *fill*         0x10007fda        0x2 
 .rodata.irq_add_shared_handler.str1.4
                0x10007fdc       0xc2 CMakeFiles/Ex_4_EEPROM2.dir/Users/amerilain/pico/pico-sdk/src/rp2_common/hardware_irq/irq.c.obj
 *fill*         0x1000809e        0x2 
 .rodata.irq_remove_handler.str1.4
                0x100080a0       0x3a CMakeFiles/Ex_4_EEPROM2.dir/Users/amerilain/pico/pico-sdk/src/rp2_common/hardware_irq/irq.c.obj
 *fill*         0x100080da        0x2 
 .rodata.irq_add_tail_to_free_list.str1.4
                0x100080dc       0x3a CMakeFiles/Ex_4_EEPROM2.dir/Users/amerilain/pico/pico-sdk/src/rp2_common/hardware_irq/irq.c.obj
 *fill*         0x10008116        0x2 
 .rodata.user_irq_claim_unused.str1.4
                0x10008118       0x1b CMakeFiles/Ex_4_EEPROM2.dir/Users/amerilain/pico/pico-sdk/src/rp2_common/hardware_irq/irq.c.obj
 *fill*         0x10008133        0x1 
 .rodata.__func__.0
                0x10008134       0x1a CMakeFiles/Ex_4_EEPROM2.dir/Users/amerilain/pico/pico-sdk/src/rp2_common/hardware_irq/irq.c.obj
 *fill*         0x1000814e        0x2 
 .rodata.__func__.1
                0x10008150       0x17 CMakeFiles/Ex_4_EEPROM2.dir/Users/amerilain/pico/pico-sdk/src/rp2_common/hardware_irq/irq.c.obj
 *fill*         0x10008167        0x1 
 .rodata.__func__.2
                0x10008168       0x13 CMakeFiles/Ex_4_EEPROM2.dir/Users/amerilain/pico/pico-sdk/src/rp2_common/hardware_irq/irq.c.obj
 *fill*         0x1000817b        0x1 
 .rodata.__func__.3
                0x1000817c        0xc CMakeFiles/Ex_4_EEPROM2.dir/Users/amerilain/pico/pico-sdk/src/rp2_common/hardware_irq/irq.c.obj
 .rodata.__func__.4
                0x10008188        0xf CMakeFiles/Ex_4_EEPROM2.dir/Users/amerilain/pico/pico-sdk/src/rp2_common/hardware_irq/irq.c.obj
 *fill*         0x10008197        0x1 
 .rodata.__func__.5
                0x10008198       0x17 CMakeFiles/Ex_4_EEPROM2.dir/Users/amerilain/pico/pico-sdk/src/rp2_common/hardware_irq/irq.c.obj
 *fill*         0x100081af        0x1 
 .rodata.__func__.6
                0x100081b0       0x1a CMakeFiles/Ex_4_EEPROM2.dir/Users/amerilain/pico/pico-sdk/src/rp2_common/hardware_irq/irq.c.obj
 .rodata.update_us_since_boot.str1.4
                0x100081ca       0x65 CMakeFiles/Ex_4_EEPROM2.dir/Users/amerilain/pico/pico-sdk/src/common/pico_sync/mutex.c.obj
 *fill*         0x100081ca        0x2 
 .rodata.str1.4
                0x100081cc       0x8d CMakeFiles/Ex_4_EEPROM2.dir/Users/amerilain/pico/pico-sdk/src/common/pico_sync/mutex.c.obj
 *fill*         0x10008259        0x3 
 .rodata.__func__.1
                0x1000825c        0xb CMakeFiles/Ex_4_EEPROM2.dir/Users/amerilain/pico/pico-sdk/src/common/pico_sync/mutex.c.obj
 *fill*         0x10008267        0x1 
 .rodata.__func__.3
                0x10008268       0x18 CMakeFiles/Ex_4_EEPROM2.dir/Users/amerilain/pico/pico-sdk/src/common/pico_sync/mutex.c.obj
 .rodata.__func__.4
                0x10008280       0x15 CMakeFiles/Ex_4_EEPROM2.dir/Users/amerilain/pico/pico-sdk/src/common/pico_sync/mutex.c.obj
 *fill*         0x10008295        0x3 
 .rodata.get_entry.str1.4
                0x10008298       0x5f CMakeFiles/Ex_4_EEPROM2.dir/Users/amerilain/pico/pico-sdk/src/common/pico_time/time.c.obj
 .rodata.update_us_since_boot.str1.4
                0x100082f7       0x65 CMakeFiles/Ex_4_EEPROM2.dir/Users/amerilain/pico/pico-sdk/src/common/pico_time/time.c.obj
 *fill*         0x100082f7        0x1 
 .rodata.ph_get_node.str1.4
                0x100082f8       0x6a CMakeFiles/Ex_4_EEPROM2.dir/Users/amerilain/pico/pico-sdk/src/common/pico_time/time.c.obj
 *fill*         0x10008362        0x2 
 .rodata.ph_add_child_node.str1.4
                0x10008364       0x2e CMakeFiles/Ex_4_EEPROM2.dir/Users/amerilain/pico/pico-sdk/src/common/pico_time/time.c.obj
 *fill*         0x10008392        0x2 
 .rodata.ph_insert_node.str1.4
                0x10008394        0x3 CMakeFiles/Ex_4_EEPROM2.dir/Users/amerilain/pico/pico-sdk/src/common/pico_time/time.c.obj
 *fill*         0x10008397        0x1 
 .rodata.ph_free_node.str1.4
                0x10008398       0x38 CMakeFiles/Ex_4_EEPROM2.dir/Users/amerilain/pico/pico-sdk/src/common/pico_time/time.c.obj
 .rodata.add_alarm_under_lock.str1.4
                0x100083d0       0x28 CMakeFiles/Ex_4_EEPROM2.dir/Users/amerilain/pico/pico-sdk/src/common/pico_time/time.c.obj
 .rodata.alarm_pool_alarm_callback.str1.4
                0x100083f8       0x60 CMakeFiles/Ex_4_EEPROM2.dir/Users/amerilain/pico/pico-sdk/src/common/pico_time/time.c.obj
 .rodata.alarm_pool_get_default.str1.4
                0x10008458       0x21 CMakeFiles/Ex_4_EEPROM2.dir/Users/amerilain/pico/pico-sdk/src/common/pico_time/time.c.obj
 *fill*         0x10008479        0x3 
 .rodata.alarm_pool_cancel_alarm.str1.4
                0x1000847c       0x27 CMakeFiles/Ex_4_EEPROM2.dir/Users/amerilain/pico/pico-sdk/src/common/pico_time/time.c.obj
 *fill*         0x100084a3        0x1 
 .rodata.sleep_until.str1.4
                0x100084a4       0x4d CMakeFiles/Ex_4_EEPROM2.dir/Users/amerilain/pico/pico-sdk/src/common/pico_time/time.c.obj
 *fill*         0x100084f1        0x3 
 .rodata.__func__.1
                0x100084f4       0x18 CMakeFiles/Ex_4_EEPROM2.dir/Users/amerilain/pico/pico-sdk/src/common/pico_time/time.c.obj
 .rodata.__func__.3
                0x1000850c       0x17 CMakeFiles/Ex_4_EEPROM2.dir/Users/amerilain/pico/pico-sdk/src/common/pico_time/time.c.obj
 *fill*         0x10008523        0x1 
 .rodata.__func__.4
                0x10008524       0x12 CMakeFiles/Ex_4_EEPROM2.dir/Users/amerilain/pico/pico-sdk/src/common/pico_time/time.c.obj
 *fill*         0x10008536        0x2 
 .rodata.__func__.5
                0x10008538        0xd CMakeFiles/Ex_4_EEPROM2.dir/Users/amerilain/pico/pico-sdk/src/common/pico_time/time.c.obj
 *fill*         0x10008545        0x3 
 .rodata.__func__.6
                0x10008548       0x12 CMakeFiles/Ex_4_EEPROM2.dir/Users/amerilain/pico/pico-sdk/src/common/pico_time/time.c.obj
 *fill*         0x1000855a        0x2 
 .rodata.__func__.7
                0x1000855c        0xf CMakeFiles/Ex_4_EEPROM2.dir/Users/amerilain/pico/pico-sdk/src/common/pico_time/time.c.obj
 *fill*         0x1000856b        0x1 
 .rodata.__func__.8
                0x1000856c        0xc CMakeFiles/Ex_4_EEPROM2.dir/Users/amerilain/pico/pico-sdk/src/common/pico_time/time.c.obj
 .rodata.__func__.9
                0x10008578       0x15 CMakeFiles/Ex_4_EEPROM2.dir/Users/amerilain/pico/pico-sdk/src/common/pico_time/time.c.obj
 *fill*         0x1000858d        0x3 
 .rodata.__func__.10
                0x10008590       0x15 CMakeFiles/Ex_4_EEPROM2.dir/Users/amerilain/pico/pico-sdk/src/common/pico_time/time.c.obj
 *fill*         0x100085a5        0x3 
 .rodata.__func__.11
                0x100085a8       0x1a CMakeFiles/Ex_4_EEPROM2.dir/Users/amerilain/pico/pico-sdk/src/common/pico_time/time.c.obj
 *fill*         0x100085c2        0x2 
 .rodata.__func__.12
                0x100085c4        0xa CMakeFiles/Ex_4_EEPROM2.dir/Users/amerilain/pico/pico-sdk/src/common/pico_time/time.c.obj
 .rodata.update_us_since_boot.str1.4
                0x100085ce       0x65 CMakeFiles/Ex_4_EEPROM2.dir/Users/amerilain/pico/pico-sdk/src/rp2_common/hardware_timer/timer.c.obj
 *fill*         0x100085ce        0x2 
 .rodata.hardware_alarm_claim.str1.4
                0x100085d0       0x22 CMakeFiles/Ex_4_EEPROM2.dir/Users/amerilain/pico/pico-sdk/src/rp2_common/hardware_timer/timer.c.obj
 *fill*         0x100085f2        0x2 
 .rodata.hardware_alarm_set_target.str1.4
                0x100085f4       0x69 CMakeFiles/Ex_4_EEPROM2.dir/Users/amerilain/pico/pico-sdk/src/rp2_common/hardware_timer/timer.c.obj
 *fill*         0x1000865d        0x3 
 .rodata.__func__.0
                0x10008660       0x1a CMakeFiles/Ex_4_EEPROM2.dir/Users/amerilain/pico/pico-sdk/src/rp2_common/hardware_timer/timer.c.obj
 *fill*         0x1000867a        0x2 
 .rodata.__func__.1
                0x1000867c       0x15 CMakeFiles/Ex_4_EEPROM2.dir/Users/amerilain/pico/pico-sdk/src/rp2_common/hardware_timer/timer.c.obj
 .rodata.ph_get_node.str1.4
                0x10008691       0x6a CMakeFiles/Ex_4_EEPROM2.dir/Users/amerilain/pico/pico-sdk/src/common/pico_util/pheap.c.obj
 .rodata.ph_add_child_node.str1.4
                0x10008691       0x2e CMakeFiles/Ex_4_EEPROM2.dir/Users/amerilain/pico/pico-sdk/src/common/pico_util/pheap.c.obj
 *fill*         0x10008691        0x3 
 .rodata.ph_remove_any_head.str1.4
                0x10008694       0x90 CMakeFiles/Ex_4_EEPROM2.dir/Users/amerilain/pico/pico-sdk/src/common/pico_util/pheap.c.obj
                                 0xa4 (size before relaxing)
 .rodata.ph_remove_and_free_node.str1.4
                0x10008724       0x1e CMakeFiles/Ex_4_EEPROM2.dir/Users/amerilain/pico/pico-sdk/src/common/pico_util/pheap.c.obj
                                 0x26 (size before relaxing)
 *fill*         0x10008742        0x2 
 .rodata.__func__.0
                0x10008744       0x18 CMakeFiles/Ex_4_EEPROM2.dir/Users/amerilain/pico/pico-sdk/src/common/pico_util/pheap.c.obj
 .rodata.__func__.1
                0x1000875c       0x13 CMakeFiles/Ex_4_EEPROM2.dir/Users/amerilain/pico/pico-sdk/src/common/pico_util/pheap.c.obj
 *fill*         0x1000876f        0x1 
 .rodata.__func__.2
                0x10008770       0x12 CMakeFiles/Ex_4_EEPROM2.dir/Users/amerilain/pico/pico-sdk/src/common/pico_util/pheap.c.obj
 *fill*         0x10008782        0x2 
 .rodata.__func__.3
                0x10008784        0xc CMakeFiles/Ex_4_EEPROM2.dir/Users/amerilain/pico/pico-sdk/src/common/pico_util/pheap.c.obj
 .rodata.clock_configure.str1.4
                0x10008790       0x5b CMakeFiles/Ex_4_EEPROM2.dir/Users/amerilain/pico/pico-sdk/src/rp2_common/hardware_clocks/clocks.c.obj
 *fill*         0x100087eb        0x1 
 .rodata.__func__.1
                0x100087ec       0x10 CMakeFiles/Ex_4_EEPROM2.dir/Users/amerilain/pico/pico-sdk/src/rp2_common/hardware_clocks/clocks.c.obj
 .rodata.pll_init.str1.4
                0x100087fc      0x128 CMakeFiles/Ex_4_EEPROM2.dir/Users/amerilain/pico/pico-sdk/src/rp2_common/hardware_pll/pll.c.obj
 .rodata.__func__.0
                0x10008924        0x9 CMakeFiles/Ex_4_EEPROM2.dir/Users/amerilain/pico/pico-sdk/src/rp2_common/hardware_pll/pll.c.obj
 *fill*         0x1000892d        0x3 
 .rodata.__assert_func.str1.4
                0x10008930       0x3f CMakeFiles/Ex_4_EEPROM2.dir/Users/amerilain/pico/pico-sdk/src/rp2_common/pico_runtime/runtime.c.obj
                                 0x43 (size before relaxing)
 *fill*         0x1000896f        0x1 
 .rodata.runtime_init.str1.4
                0x10008970       0x65 CMakeFiles/Ex_4_EEPROM2.dir/Users/amerilain/pico/pico-sdk/src/rp2_common/pico_runtime/runtime.c.obj
 *fill*         0x100089d5        0x3 
 .rodata.panic.str1.4
                0x100089d8       0x10 CMakeFiles/Ex_4_EEPROM2.dir/Users/amerilain/pico/pico-sdk/src/rp2_common/pico_runtime/runtime.c.obj
                                 0x12 (size before relaxing)
 .rodata.__func__.2
                0x100089e8        0xd CMakeFiles/Ex_4_EEPROM2.dir/Users/amerilain/pico/pico-sdk/src/rp2_common/pico_runtime/runtime.c.obj
 *fill*         0x100089f5        0x3 
 .rodata._ftoa.str1.4
                0x100089f8       0x15 CMakeFiles/Ex_4_EEPROM2.dir/Users/amerilain/pico/pico-sdk/src/rp2_common/pico_printf/printf.c.obj
 *fill*         0x10008a0d        0x3 
 .rodata._vsnprintf
                0x10008a10      0x19c CMakeFiles/Ex_4_EEPROM2.dir/Users/amerilain/pico/pico-sdk/src/rp2_common/pico_printf/printf.c.obj
 *fill*         0x10008bac        0x4 
 .rodata.pow10.0
                0x10008bb0       0x50 CMakeFiles/Ex_4_EEPROM2.dir/Users/amerilain/pico/pico-sdk/src/rp2_common/pico_printf/printf.c.obj
 .rodata.__aeabi_double_init.str1.4
                0x10008c00       0xa0 CMakeFiles/Ex_4_EEPROM2.dir/Users/amerilain/pico/pico-sdk/src/rp2_common/pico_double/double_init_rom.c.obj
 .rodata.__func__.0
                0x10008ca0       0x14 CMakeFiles/Ex_4_EEPROM2.dir/Users/amerilain/pico/pico-sdk/src/rp2_common/pico_double/double_init_rom.c.obj
 .rodata.__aeabi_float_init.str1.4
                0x10008cb4       0x7e CMakeFiles/Ex_4_EEPROM2.dir/Users/amerilain/pico/pico-sdk/src/rp2_common/pico_float/float_init_rom.c.obj
                                 0x82 (size before relaxing)
 *fill*         0x10008d32        0x2 
 .rodata.__func__.0
                0x10008d34       0x13 CMakeFiles/Ex_4_EEPROM2.dir/Users/amerilain/pico/pico-sdk/src/rp2_common/pico_float/float_init_rom.c.obj
 *fill*         0x10008d47        0x1 
 .rodata.str1.4
                0x10008d48       0x44 CMakeFiles/Ex_4_EEPROM2.dir/Users/amerilain/pico/pico-sdk/src/rp2_common/pico_standard_link/binary_info.c.obj
 .rodata.__bi_81
                0x10008d8c        0xc CMakeFiles/Ex_4_EEPROM2.dir/Users/amerilain/pico/pico-sdk/src/rp2_common/pico_standard_link/binary_info.c.obj
 .rodata.__bi_75
                0x10008d98        0xc CMakeFiles/Ex_4_EEPROM2.dir/Users/amerilain/pico/pico-sdk/src/rp2_common/pico_standard_link/binary_info.c.obj
 .rodata.__bi_44
                0x10008da4        0xc CMakeFiles/Ex_4_EEPROM2.dir/Users/amerilain/pico/pico-sdk/src/rp2_common/pico_standard_link/binary_info.c.obj
 .rodata.update_us_since_boot.str1.4
                0x10008db0       0x65 CMakeFiles/Ex_4_EEPROM2.dir/Users/amerilain/pico/pico-sdk/src/rp2_common/pico_stdio/stdio.c.obj
 .rodata.crlf_str.2
                0x10008db0        0x2 CMakeFiles/Ex_4_EEPROM2.dir/Users/amerilain/pico/pico-sdk/src/rp2_common/pico_stdio/stdio.c.obj
 *fill*         0x10008db2        0x2 
 .rodata.__func__.3
                0x10008db4       0x15 CMakeFiles/Ex_4_EEPROM2.dir/Users/amerilain/pico/pico-sdk/src/rp2_common/pico_stdio/stdio.c.obj
 *fill*         0x10008dc9        0x3 
 .rodata.str1.4
                0x10008dcc       0x2c CMakeFiles/Ex_4_EEPROM2.dir/Users/amerilain/pico/pico-sdk/src/rp2_common/pico_stdio_uart/stdio_uart.c.obj
 .rodata.__bi_33.4
                0x10008df8        0xc CMakeFiles/Ex_4_EEPROM2.dir/Users/amerilain/pico/pico-sdk/src/rp2_common/pico_stdio_uart/stdio_uart.c.obj
 .rodata.__bi_34.5
                0x10008e04        0x8 CMakeFiles/Ex_4_EEPROM2.dir/Users/amerilain/pico/pico-sdk/src/rp2_common/pico_stdio_uart/stdio_uart.c.obj
 .rodata.i2c_set_baudrate.str1.4
                0x10008e0c       0x61 CMakeFiles/Ex_4_EEPROM2.dir/Users/amerilain/pico/pico-sdk/src/rp2_common/hardware_i2c/i2c.c.obj
 *fill*         0x10008e6d        0x3 
 .rodata.__func__.0
                0x10008e70       0x11 CMakeFiles/Ex_4_EEPROM2.dir/Users/amerilain/pico/pico-sdk/src/rp2_common/hardware_i2c/i2c.c.obj
 *fill*         0x10008e81        0x3 
 .rodata._resetd_driver
                0x10008e84       0x18 CMakeFiles/Ex_4_EEPROM2.dir/Users/amerilain/pico/pico-sdk/src/rp2_common/pico_stdio_usb/reset_interface.c.obj
 .rodata.update_us_since_boot.str1.4
                0x10008e9c       0x65 CMakeFiles/Ex_4_EEPROM2.dir/Users/amerilain/pico/pico-sdk/src/rp2_common/pico_stdio_usb/stdio_usb.c.obj
 .rodata.stdio_usb_init.str1.4
                0x10008e9c       0x49 CMakeFiles/Ex_4_EEPROM2.dir/Users/amerilain/pico/pico-sdk/src/rp2_common/pico_stdio_usb/stdio_usb.c.obj
                                 0x51 (size before relaxing)
 *fill*         0x10008ee5        0x3 
 .rodata.str1.4
                0x10008ee8       0x13 CMakeFiles/Ex_4_EEPROM2.dir/Users/amerilain/pico/pico-sdk/src/rp2_common/pico_stdio_usb/stdio_usb.c.obj
 *fill*         0x10008efb        0x1 
 .rodata.__bi_182.0
                0x10008efc        0xc CMakeFiles/Ex_4_EEPROM2.dir/Users/amerilain/pico/pico-sdk/src/rp2_common/pico_stdio_usb/stdio_usb.c.obj
 .rodata.__func__.1
                0x10008f08        0xf CMakeFiles/Ex_4_EEPROM2.dir/Users/amerilain/pico/pico-sdk/src/rp2_common/pico_stdio_usb/stdio_usb.c.obj
 *fill*         0x10008f17        0x1 
 .rodata.__func__.3
                0x10008f18       0x15 CMakeFiles/Ex_4_EEPROM2.dir/Users/amerilain/pico/pico-sdk/src/rp2_common/pico_stdio_usb/stdio_usb.c.obj
 *fill*         0x10008f2d        0x3 
 .rodata.str1.4
                0x10008f30       0x2a CMakeFiles/Ex_4_EEPROM2.dir/Users/amerilain/pico/pico-sdk/src/rp2_common/pico_stdio_usb/stdio_usb_descriptors.c.obj
 *fill*         0x10008f5a        0x2 
 .rodata.usbd_desc_str
                0x10008f5c       0x18 CMakeFiles/Ex_4_EEPROM2.dir/Users/amerilain/pico/pico-sdk/src/rp2_common/pico_stdio_usb/stdio_usb_descriptors.c.obj
 .rodata.usbd_desc_cfg
                0x10008f74       0x54 CMakeFiles/Ex_4_EEPROM2.dir/Users/amerilain/pico/pico-sdk/src/rp2_common/pico_stdio_usb/stdio_usb_descriptors.c.obj
 .rodata.usbd_desc_device
                0x10008fc8       0x12 CMakeFiles/Ex_4_EEPROM2.dir/Users/amerilain/pico/pico-sdk/src/rp2_common/pico_stdio_usb/stdio_usb_descriptors.c.obj
 *fill*         0x10008fda        0x2 
 .rodata.pico_get_unique_board_id_string.str1.4
                0x10008fdc       0x51 CMakeFiles/Ex_4_EEPROM2.dir/Users/amerilain/pico/pico-sdk/src/rp2_common/pico_unique_id/unique_id.c.obj
 *fill*         0x1000902d        0x3 
 .rodata.__func__.0
                0x10009030       0x20 CMakeFiles/Ex_4_EEPROM2.dir/Users/amerilain/pico/pico-sdk/src/rp2_common/pico_unique_id/unique_id.c.obj
 .rodata.str1.4
                0x10009050      0x15e CMakeFiles/Ex_4_EEPROM2.dir/Users/amerilain/pico/pico-sdk/src/rp2_common/hardware_flash/flash.c.obj
 *fill*         0x100091ae        0x2 
 .rodata.__func__.0
                0x100091b0        0xd CMakeFiles/Ex_4_EEPROM2.dir/Users/amerilain/pico/pico-sdk/src/rp2_common/hardware_flash/flash.c.obj
 *fill*         0x100091bd        0x3 
 .rodata._hw_endpoint_alloc.str1.4
                0x100091c0       0xb9 CMakeFiles/Ex_4_EEPROM2.dir/Users/amerilain/pico/pico-sdk/lib/tinyusb/src/portable/raspberrypi/rp2040/dcd_rp2040.c.obj
 *fill*         0x10009279        0x3 
 .rodata.str1.4
                0x1000927c       0x14 CMakeFiles/Ex_4_EEPROM2.dir/Users/amerilain/pico/pico-sdk/lib/tinyusb/src/portable/raspberrypi/rp2040/dcd_rp2040.c.obj
 .rodata.dcd_int_enable.str1.4
                0x10009290        0xc CMakeFiles/Ex_4_EEPROM2.dir/Users/amerilain/pico/pico-sdk/lib/tinyusb/src/portable/raspberrypi/rp2040/dcd_rp2040.c.obj
 .rodata.__func__.0
                0x1000929c        0xe CMakeFiles/Ex_4_EEPROM2.dir/Users/amerilain/pico/pico-sdk/lib/tinyusb/src/portable/raspberrypi/rp2040/dcd_rp2040.c.obj
 *fill*         0x100092aa        0x2 
 .rodata.__func__.1
                0x100092ac        0xe CMakeFiles/Ex_4_EEPROM2.dir/Users/amerilain/pico/pico-sdk/lib/tinyusb/src/portable/raspberrypi/rp2040/dcd_rp2040.c.obj
 *fill*         0x100092ba        0x2 
 .rodata.__func__.3
                0x100092bc       0x10 CMakeFiles/Ex_4_EEPROM2.dir/Users/amerilain/pico/pico-sdk/lib/tinyusb/src/portable/raspberrypi/rp2040/dcd_rp2040.c.obj
 .rodata.__func__.5
                0x100092cc        0xf CMakeFiles/Ex_4_EEPROM2.dir/Users/amerilain/pico/pico-sdk/lib/tinyusb/src/portable/raspberrypi/rp2040/dcd_rp2040.c.obj
 *fill*         0x100092db        0x1 
 .rodata.__func__.6
                0x100092dc       0x13 CMakeFiles/Ex_4_EEPROM2.dir/Users/amerilain/pico/pico-sdk/lib/tinyusb/src/portable/raspberrypi/rp2040/dcd_rp2040.c.obj
 *fill*         0x100092ef        0x1 
 .rodata.__func__.7
                0x100092f0        0x9 CMakeFiles/Ex_4_EEPROM2.dir/Users/amerilain/pico/pico-sdk/lib/tinyusb/src/portable/raspberrypi/rp2040/dcd_rp2040.c.obj
 *fill*         0x100092f9        0x3 
 .rodata.str1.4