Archive member included to satisfy reference by file (symbol)

/Applications/ArmGNUToolchain/12.3.rel1/arm-none-eabi/bin/../lib/gcc/arm-none-eabi/12.3.1/thumb/v6-m/nofp/libgcc.a(_dvmd_tls.o)
                              CMakeFiles/Ex_4_EEPROM.dir/Users/amerilain/pico/pico-sdk/src/rp2_common/pico_divider/divider.S.obj (__aeabi_idiv0)
/Applications/ArmGNUToolchain/12.3.rel1/arm-none-eabi/bin/../lib/gcc/arm-none-eabi/12.3.1/../../../../arm-none-eabi/lib/thumb/v6-m/nofp/libg.a(libc_a-calloc.o)
                              CMakeFiles/Ex_4_EEPROM.dir/Users/amerilain/pico/pico-sdk/src/rp2_common/pico_malloc/pico_malloc.c.obj (calloc)
/Applications/ArmGNUToolchain/12.3.rel1/arm-none-eabi/bin/../lib/gcc/arm-none-eabi/12.3.1/../../../../arm-none-eabi/lib/thumb/v6-m/nofp/libg.a(libc_a-callocr.o)
                              /Applications/ArmGNUToolchain/12.3.rel1/arm-none-eabi/bin/../lib/gcc/arm-none-eabi/12.3.1/../../../../arm-none-eabi/lib/thumb/v6-m/nofp/libg.a(libc_a-calloc.o) (_calloc_r)
/Applications/ArmGNUToolchain/12.3.rel1/arm-none-eabi/bin/../lib/gcc/arm-none-eabi/12.3.1/../../../../arm-none-eabi/lib/thumb/v6-m/nofp/libg.a(libc_a-malloc.o)
                              CMakeFiles/Ex_4_EEPROM.dir/Users/amerilain/pico/pico-sdk/src/rp2_common/pico_malloc/pico_malloc.c.obj (malloc)
/Applications/ArmGNUToolchain/12.3.rel1/arm-none-eabi/bin/../lib/gcc/arm-none-eabi/12.3.1/../../../../arm-none-eabi/lib/thumb/v6-m/nofp/libg.a(libc_a-mallocr.o)
                              /Applications/ArmGNUToolchain/12.3.rel1/arm-none-eabi/bin/../lib/gcc/arm-none-eabi/12.3.1/../../../../arm-none-eabi/lib/thumb/v6-m/nofp/libg.a(libc_a-callocr.o) (_malloc_r)
/Applications/ArmGNUToolchain/12.3.rel1/arm-none-eabi/bin/../lib/gcc/arm-none-eabi/12.3.1/../../../../arm-none-eabi/lib/thumb/v6-m/nofp/libg.a(libc_a-mlock.o)
                              /Applications/ArmGNUToolchain/12.3.rel1/arm-none-eabi/bin/../lib/gcc/arm-none-eabi/12.3.1/../../../../arm-none-eabi/lib/thumb/v6-m/nofp/libg.a(libc_a-mallocr.o) (__malloc_lock)
/Applications/ArmGNUToolchain/12.3.rel1/arm-none-eabi/bin/../lib/gcc/arm-none-eabi/12.3.1/../../../../arm-none-eabi/lib/thumb/v6-m/nofp/libg.a(libc_a-realloc.o)
                              CMakeFiles/Ex_4_EEPROM.dir/Users/amerilain/pico/pico-sdk/src/rp2_common/pico_malloc/pico_malloc.c.obj (realloc)
/Applications/ArmGNUToolchain/12.3.rel1/arm-none-eabi/bin/../lib/gcc/arm-none-eabi/12.3.1/../../../../arm-none-eabi/lib/thumb/v6-m/nofp/libg.a(libc_a-reallocr.o)
                              /Applications/ArmGNUToolchain/12.3.rel1/arm-none-eabi/bin/../lib/gcc/arm-none-eabi/12.3.1/../../../../arm-none-eabi/lib/thumb/v6-m/nofp/libg.a(libc_a-realloc.o) (_realloc_r)
/Applications/ArmGNUToolchain/12.3.rel1/arm-none-eabi/bin/../lib/gcc/arm-none-eabi/12.3.1/../../../../arm-none-eabi/lib/thumb/v6-m/nofp/libg.a(libc_a-memmove.o)
                              /Applications/ArmGNUToolchain/12.3.rel1/arm-none-eabi/bin/../lib/gcc/arm-none-eabi/12.3.1/../../../../arm-none-eabi/lib/thumb/v6-m/nofp/libg.a(libc_a-reallocr.o) (memmove)
/Applications/ArmGNUToolchain/12.3.rel1/arm-none-eabi/bin/../lib/gcc/arm-none-eabi/12.3.1/../../../../arm-none-eabi/lib/thumb/v6-m/nofp/libg.a(libc_a-impure.o)
                              /Applications/ArmGNUToolchain/12.3.rel1/arm-none-eabi/bin/../lib/gcc/arm-none-eabi/12.3.1/../../../../arm-none-eabi/lib/thumb/v6-m/nofp/libg.a(libc_a-calloc.o) (_impure_ptr)
/Applications/ArmGNUToolchain/12.3.rel1/arm-none-eabi/bin/../lib/gcc/arm-none-eabi/12.3.1/../../../../arm-none-eabi/lib/thumb/v6-m/nofp/libg.a(libc_a-sbrkr.o)
                              /Applications/ArmGNUToolchain/12.3.rel1/arm-none-eabi/bin/../lib/gcc/arm-none-eabi/12.3.1/../../../../arm-none-eabi/lib/thumb/v6-m/nofp/libg.a(libc_a-mallocr.o) (_sbrk_r)
/Applications/ArmGNUToolchain/12.3.rel1/arm-none-eabi/bin/../lib/gcc/arm-none-eabi/12.3.1/../../../../arm-none-eabi/lib/thumb/v6-m/nofp/libg.a(libc_a-errno.o)
                              /Applications/ArmGNUToolchain/12.3.rel1/arm-none-eabi/bin/../lib/gcc/arm-none-eabi/12.3.1/../../../../arm-none-eabi/lib/thumb/v6-m/nofp/libg.a(libc_a-callocr.o) (__errno)
/Applications/ArmGNUToolchain/12.3.rel1/arm-none-eabi/bin/../lib/gcc/arm-none-eabi/12.3.1/../../../../arm-none-eabi/lib/thumb/v6-m/nofp/libg.a(libc_a-sysconf.o)
                              /Applications/ArmGNUToolchain/12.3.rel1/arm-none-eabi/bin/../lib/gcc/arm-none-eabi/12.3.1/../../../../arm-none-eabi/lib/thumb/v6-m/nofp/libg.a(libc_a-mallocr.o) (sysconf)
/Applications/ArmGNUToolchain/12.3.rel1/arm-none-eabi/bin/../lib/gcc/arm-none-eabi/12.3.1/../../../../arm-none-eabi/lib/thumb/v6-m/nofp/libg.a(libc_a-init.o)
                              /Applications/ArmGNUToolchain/12.3.rel1/arm-none-eabi/bin/../lib/gcc/arm-none-eabi/12.3.1/../../../../arm-none-eabi/lib/thumb/v6-m/nofp/crt0.o (__libc_init_array)
[...]
Memory Configuration

Name             Origin             Length             Attributes
FLASH            0x10000000         0x00200000         xr
RAM              0x20000000         0x00040000         xrw
SCRATCH_X        0x20040000         0x00001000         xrw
SCRATCH_Y        0x20041000         0x00001000         xrw
*default*        0x00000000         0xffffffff

Linker script and memory map

LOAD /Applications/ArmGNUToolchain/12.3.rel1/arm-none-eabi/bin/../lib/gcc/arm-none-eabi/12.3.1/thumb/v6-m/nofp/crti.o
LOAD /Applications/ArmGNUToolchain/12.3.rel1/arm-none-eabi/bin/../lib/gcc/arm-none-eabi/12.3.1/thumb/v6-m/nofp/crtbegin.o
LOAD /Applications/ArmGNUToolchain/12.3.rel1/arm-none-eabi/bin/../lib/gcc/arm-none-eabi/12.3.1/../../../../arm-none-eabi/lib/thumb/v6-m/nofp/crt0.o

.flash_begin    0x10000000        0x0
                0x10000000                        __flash_binary_start = .

.boot2          0x10000000      0x100
                0x10000000                        __boot2_start__ = .
 *(.boot2)
 .boot2         0x10000000      0x100 /var/folders/fy/2_twrpq90b57drm_mt3rx4240000gn/T//ccuamYMd.o
                0x10000100                        __boot2_end__ = .
                0x00000001                        ASSERT (((__boot2_end__ - __boot2_start__) == 0x100), ERROR: Pico second stage bootloader must be 256 bytes in size)

.text           0x10000100     0x6d30
                0x10000100                        __logical_binary_start = .
 *(.vectors)
 .vectors       0x10000100       0xd4 CMakeFiles/Ex_4_EEPROM.dir/Users/amerilain/pico/pico-sdk/src/rp2_common/pico_standard_link/crt0.S.obj
                0x10000100                __VECTOR_TABLE
                0x10000100                __vectors
                0x100001c0                __default_isrs_start
                0x100001c0                isr_invalid
                0x100001c2                isr_nmi
                0x100001c4                isr_hardfault
                0x100001c6                isr_svcall
                0x100001c8                isr_pendsv
                0x100001ca                isr_systick
                0x100001cc                isr_irq28
                0x100001cc                isr_irq19
                0x100001cc                isr_irq0
                0x100001cc                isr_irq6
                0x100001cc                isr_irq22
                0x100001cc                isr_irq17
                0x100001cc                isr_irq14
                0x100001cc                isr_irq2
                0x100001cc                isr_irq10
                0x100001cc                isr_irq8
                0x100001cc                isr_irq24
                0x100001cc                isr_irq1
                0x100001cc                isr_irq7
                0x100001cc                isr_irq21
                0x100001cc                isr_irq20
                0x100001cc                isr_irq15
                0x100001cc                isr_irq25
                0x100001cc                isr_irq4
                0x100001cc                isr_irq16
                0x100001cc                isr_irq29
                0x100001cc                isr_irq26
                0x100001cc                __default_isrs_end
                0x100001cc                isr_irq3
                0x100001cc                isr_irq9
                0x100001cc                __unhandled_user_irq
                0x100001cc                isr_irq13
                0x100001cc                isr_irq27
                0x100001cc                isr_irq31
                0x100001cc                isr_irq5
                0x100001cc                isr_irq11
                0x100001cc                isr_irq23
                0x100001cc                isr_irq18
                0x100001cc                isr_irq30
                0x100001cc                isr_irq12
                0x100001d2                unhandled_user_irq_num_in_r0
 *(.binary_info_header)
 .binary_info_header
                0x100001d4       0x14 CMakeFiles/Ex_4_EEPROM.dir/Users/amerilain/pico/pico-sdk/src/rp2_common/pico_standard_link/crt0.S.obj
                0x100001e8                        __binary_info_header_end = .
 *(.reset)
 .reset         0x100001e8       0xa0 CMakeFiles/Ex_4_EEPROM.dir/Users/amerilain/pico/pico-sdk/src/rp2_common/pico_standard_link/crt0.S.obj
                0x100001e8                _entry_point
 .reset         0x10000288       0x30 CMakeFiles/Ex_4_EEPROM.dir/Users/amerilain/pico/pico-sdk/src/rp2_common/pico_standard_link/binary_info.c.obj
 *(.init)
 .init          0x100002b8        0x4 /Applications/ArmGNUToolchain/12.3.rel1/arm-none-eabi/bin/../lib/gcc/arm-none-eabi/12.3.1/thumb/v6-m/nofp/crti.o
                0x100002b8                _init
 *(EXCLUDE_FILE(*libm.a: *libc.a:*lib_a-mem*.o *libgcc.a:) .text*)
 .text.register_tm_clones
                0x100002bc       0x28 /Applications/ArmGNUToolchain/12.3.rel1/arm-none-eabi/bin/../lib/gcc/arm-none-eabi/12.3.1/thumb/v6-m/nofp/crtbegin.o
 .text.frame_dummy
                0x100002e4       0x24 /Applications/ArmGNUToolchain/12.3.rel1/arm-none-eabi/bin/../lib/gcc/arm-none-eabi/12.3.1/thumb/v6-m/nofp/crtbegin.o
 .text.pwm_init
                0x10000308       0x34 CMakeFiles/Ex_4_EEPROM.dir/main.c.obj
 .text.pwm_get_default_config
                0x1000033c       0x18 CMakeFiles/Ex_4_EEPROM.dir/main.c.obj
 .text.pwm_set_chan_level
                0x10000354       0x40 CMakeFiles/Ex_4_EEPROM.dir/main.c.obj
 .text.update_us_since_boot
                0x10000394       0x24 CMakeFiles/Ex_4_EEPROM.dir/main.c.obj
 .text.get_absolute_time
                0x100003b8       0x22 CMakeFiles/Ex_4_EEPROM.dir/main.c.obj
 *fill*         0x100003da        0x2 
 .text.init_i2c
                0x100003dc       0x44 CMakeFiles/Ex_4_EEPROM.dir/main.c.obj
                0x100003dc                init_i2c
 .text.init_buttons
                0x10000420       0x48 CMakeFiles/Ex_4_EEPROM.dir/main.c.obj
                0x10000420                init_buttons
 .text.set_leds
                0x10000468       0x46 CMakeFiles/Ex_4_EEPROM.dir/main.c.obj
                0x10000468                set_leds
 .text.led_state_is_valid
                0x100004ae       0x12 CMakeFiles/Ex_4_EEPROM.dir/main.c.obj
                0x100004ae                led_state_is_valid
 .text.setup_pwm_for_led
                0x100004c0       0x3c CMakeFiles/Ex_4_EEPROM.dir/main.c.obj
                0x100004c0                setup_pwm_for_led
 .text.init_leds
                0x100004fc       0x2e CMakeFiles/Ex_4_EEPROM.dir/main.c.obj
                0x100004fc                init_leds
 *fill*         0x1000052a        0x2 
 .text.write_byte
                0x1000052c       0x34 CMakeFiles/Ex_4_EEPROM.dir/main.c.obj
                0x1000052c                write_byte
 .text.read_byte
                0x10000560       0x44 CMakeFiles/Ex_4_EEPROM.dir/main.c.obj
                0x10000560                read_byte
 .text.write_bytes
                0x100005a4       0x28 CMakeFiles/Ex_4_EEPROM.dir/main.c.obj
                0x100005a4                write_bytes
 .text.read_bytes
                0x100005cc       0x28 CMakeFiles/Ex_4_EEPROM.dir/main.c.obj
                0x100005cc                read_bytes
 .text.main     0x100005f4      0x148 CMakeFiles/Ex_4_EEPROM.dir/main.c.obj
                0x100005f4                main
 .text.gpio_set_function
                0x1000073c       0x30 CMakeFiles/Ex_4_EEPROM.dir/Users/amerilain/pico/pico-sdk/src/rp2_common/hardware_gpio/gpio.c.obj
                0x1000073c                gpio_set_function
 .text.gpio_set_pulls
                0x1000076c       0x34 CMakeFiles/Ex_4_EEPROM.dir/Users/amerilain/pico/pico-sdk/src/rp2_common/hardware_gpio/gpio.c.obj
                0x1000076c                gpio_set_pulls
 .text.gpio_init
                0x100007a0       0x16 CMakeFiles/Ex_4_EEPROM.dir/Users/amerilain/pico/pico-sdk/src/rp2_common/hardware_gpio/gpio.c.obj
                0x100007a0                gpio_init
 *fill*         0x100007b6        0x2 
 .text.running_on_fpga
                0x100007b8       0x14 CMakeFiles/Ex_4_EEPROM.dir/Users/amerilain/pico/pico-sdk/src/rp2_common/pico_platform/platform.c.obj
                0x100007b8                running_on_fpga
 .text.hw_claim_lock
                0x100007cc       0x18 CMakeFiles/Ex_4_EEPROM.dir/Users/amerilain/pico/pico-sdk/src/rp2_common/hardware_claim/claim.c.obj
                0x100007cc                hw_claim_lock
 .text.hw_claim_unlock
                0x100007e4       0x14 CMakeFiles/Ex_4_EEPROM.dir/Users/amerilain/pico/pico-sdk/src/rp2_common/hardware_claim/claim.c.obj
                0x100007e4                hw_claim_unlock
 .text.hw_claim_or_assert
                0x100007f8       0x32 CMakeFiles/Ex_4_EEPROM.dir/Users/amerilain/pico/pico-sdk/src/rp2_common/hardware_claim/claim.c.obj
                0x100007f8                hw_claim_or_assert
 .text.hw_claim_unused_from_range
                0x1000082a       0x50 CMakeFiles/Ex_4_EEPROM.dir/Users/amerilain/pico/pico-sdk/src/rp2_common/hardware_claim/claim.c.obj
                0x1000082a                hw_claim_unused_from_range
 *fill*         0x1000087a        0x2 
 .text.spin_locks_reset
                0x1000087c       0x20 CMakeFiles/Ex_4_EEPROM.dir/Users/amerilain/pico/pico-sdk/src/rp2_common/hardware_sync/sync.c.obj
                0x1000087c                spin_locks_reset
 .text.next_striped_spin_lock_num
                0x1000089c       0x1c CMakeFiles/Ex_4_EEPROM.dir/Users/amerilain/pico/pico-sdk/src/rp2_common/hardware_sync/sync.c.obj
                0x1000089c                next_striped_spin_lock_num
 .text.spin_lock_claim_unused
                0x100008b8       0x24 CMakeFiles/Ex_4_EEPROM.dir/Users/amerilain/pico/pico-sdk/src/rp2_common/hardware_sync/sync.c.obj
                0x100008b8                spin_lock_claim_unused
 .text.set_raw_irq_handler_and_unlock
                0x100008dc       0x28 CMakeFiles/Ex_4_EEPROM.dir/Users/amerilain/pico/pico-sdk/src/rp2_common/hardware_irq/irq.c.obj
 .text.resolve_branch
                0x10000904       0x30 CMakeFiles/Ex_4_EEPROM.dir/Users/amerilain/pico/pico-sdk/src/rp2_common/hardware_irq/irq.c.obj
 .text.make_branch
                0x10000934       0x48 CMakeFiles/Ex_4_EEPROM.dir/Users/amerilain/pico/pico-sdk/src/rp2_common/hardware_irq/irq.c.obj
 .text.insert_branch_and_link
                0x1000097c       0x40 CMakeFiles/Ex_4_EEPROM.dir/Users/amerilain/pico/pico-sdk/src/rp2_common/hardware_irq/irq.c.obj
 .text.irq_is_enabled
                0x100009bc       0x18 CMakeFiles/Ex_4_EEPROM.dir/Users/amerilain/pico/pico-sdk/src/rp2_common/hardware_irq/irq.c.obj
                0x100009bc                irq_is_enabled
 .text.irq_set_mask_enabled
                0x100009d4       0x20 CMakeFiles/Ex_4_EEPROM.dir/Users/amerilain/pico/pico-sdk/src/rp2_common/hardware_irq/irq.c.obj
                0x100009d4                irq_set_mask_enabled
 .text.irq_set_enabled
                0x100009f4        0xe CMakeFiles/Ex_4_EEPROM.dir/Users/amerilain/pico/pico-sdk/src/rp2_common/hardware_irq/irq.c.obj
                0x100009f4                irq_set_enabled
 *fill*         0x10000a02        0x2 
 .text.irq_set_pending
                0x10000a04       0x10 CMakeFiles/Ex_4_EEPROM.dir/Users/amerilain/pico/pico-sdk/src/rp2_common/hardware_irq/irq.c.obj
                0x10000a04                irq_set_pending
 .text.irq_get_vtable_handler
                0x10000a14       0x10 CMakeFiles/Ex_4_EEPROM.dir/Users/amerilain/pico/pico-sdk/src/rp2_common/hardware_irq/irq.c.obj
                0x10000a14                irq_get_vtable_handler
 .text.irq_has_shared_handler
                0x10000a24       0x24 CMakeFiles/Ex_4_EEPROM.dir/Users/amerilain/pico/pico-sdk/src/rp2_common/hardware_irq/irq.c.obj
                0x10000a24                irq_has_shared_handler
 .text.irq_set_exclusive_handler
                0x10000a48       0x54 CMakeFiles/Ex_4_EEPROM.dir/Users/amerilain/pico/pico-sdk/src/rp2_common/hardware_irq/irq.c.obj
                0x10000a48                irq_set_exclusive_handler
 .text.irq_add_shared_handler
                0x10000a9c      0x210 CMakeFiles/Ex_4_EEPROM.dir/Users/amerilain/pico/pico-sdk/src/rp2_common/hardware_irq/irq.c.obj
                0x10000a9c                irq_add_shared_handler
 .text.irq_remove_handler
                0x10000cac      0x188 CMakeFiles/Ex_4_EEPROM.dir/Users/amerilain/pico/pico-sdk/src/rp2_common/hardware_irq/irq.c.obj
                0x10000cac                irq_remove_handler
 .text.irq_add_tail_to_free_list
                0x10000e34       0xf0 CMakeFiles/Ex_4_EEPROM.dir/Users/amerilain/pico/pico-sdk/src/rp2_common/hardware_irq/irq.c.obj
                0x10000e34                irq_add_tail_to_free_list
 .text.irq_init_priorities
                0x10000f24       0x1c CMakeFiles/Ex_4_EEPROM.dir/Users/amerilain/pico/pico-sdk/src/rp2_common/hardware_irq/irq.c.obj
                0x10000f24                irq_init_priorities
 .text.user_irq_claim_unused
                0x10000f40       0x2c CMakeFiles/Ex_4_EEPROM.dir/Users/amerilain/pico/pico-sdk/src/rp2_common/hardware_irq/irq.c.obj
                0x10000f40                user_irq_claim_unused
 .text.lock_init
                0x10000f6c       0x10 CMakeFiles/Ex_4_EEPROM.dir/Users/amerilain/pico/pico-sdk/src/common/pico_sync/lock_core.c.obj
                0x10000f6c                lock_init
 .text.update_us_since_boot
                0x10000f7c       0x24 CMakeFiles/Ex_4_EEPROM.dir/Users/amerilain/pico/pico-sdk/src/common/pico_sync/mutex.c.obj
 .text.delayed_by_ms
                0x10000fa0       0x44 CMakeFiles/Ex_4_EEPROM.dir/Users/amerilain/pico/pico-sdk/src/common/pico_sync/mutex.c.obj
 .text.get_absolute_time
                0x10000fe4       0x22 CMakeFiles/Ex_4_EEPROM.dir/Users/amerilain/pico/pico-sdk/src/common/pico_sync/mutex.c.obj
 .text.make_timeout_time_ms
                0x10001006       0x20 CMakeFiles/Ex_4_EEPROM.dir/Users/amerilain/pico/pico-sdk/src/common/pico_sync/mutex.c.obj
 .text.mutex_init
                0x10001026       0x1a CMakeFiles/Ex_4_EEPROM.dir/Users/amerilain/pico/pico-sdk/src/common/pico_sync/mutex.c.obj
                0x10001026                mutex_init
 .text.recursive_mutex_init
                0x10001040       0x1e CMakeFiles/Ex_4_EEPROM.dir/Users/amerilain/pico/pico-sdk/src/common/pico_sync/mutex.c.obj
                0x10001040                recursive_mutex_init
 *fill*         0x1000105e        0x2 
 .text.critical_section_init_with_lock_num
                0x10001060       0x14 CMakeFiles/Ex_4_EEPROM.dir/Users/amerilain/pico/pico-sdk/src/common/pico_sync/critical_section.c.obj
                0x10001060                critical_section_init_with_lock_num
 .text.critical_section_init
                0x10001074       0x14 CMakeFiles/Ex_4_EEPROM.dir/Users/amerilain/pico/pico-sdk/src/common/pico_sync/critical_section.c.obj
                0x10001074                critical_section_init
 .text.time_reached
                0x10001088       0x28 CMakeFiles/Ex_4_EEPROM.dir/Users/amerilain/pico/pico-sdk/src/common/pico_time/time.c.obj
 .text.get_entry
                0x100010b0       0x38 CMakeFiles/Ex_4_EEPROM.dir/Users/amerilain/pico/pico-sdk/src/common/pico_time/time.c.obj
 .text.timer_pool_entry_comparator
                0x100010e8       0x2e CMakeFiles/Ex_4_EEPROM.dir/Users/amerilain/pico/pico-sdk/src/common/pico_time/time.c.obj
                0x100010e8                timer_pool_entry_comparator
 *fill*         0x10001116        0x2 
 .text.update_us_since_boot
                0x10001118       0x24 CMakeFiles/Ex_4_EEPROM.dir/Users/amerilain/pico/pico-sdk/src/common/pico_time/time.c.obj
 .text.delayed_by_us
                0x1000113c       0x34 CMakeFiles/Ex_4_EEPROM.dir/Users/amerilain/pico/pico-sdk/src/common/pico_time/time.c.obj
 .text.ph_get_node
                0x10001170       0x30 CMakeFiles/Ex_4_EEPROM.dir/Users/amerilain/pico/pico-sdk/src/common/pico_time/time.c.obj
 .text.ph_contains_node
                0x100011a0       0x1e CMakeFiles/Ex_4_EEPROM.dir/Users/amerilain/pico/pico-sdk/src/common/pico_time/time.c.obj
 .text.ph_new_node
                0x100011be       0x28 CMakeFiles/Ex_4_EEPROM.dir/Users/amerilain/pico/pico-sdk/src/common/pico_time/time.c.obj
 *fill*         0x100011e6        0x2 
 .text.ph_add_child_node
                0x100011e8       0x6c CMakeFiles/Ex_4_EEPROM.dir/Users/amerilain/pico/pico-sdk/src/common/pico_time/time.c.obj
 .text.ph_merge_nodes
                0x10001254       0x3e CMakeFiles/Ex_4_EEPROM.dir/Users/amerilain/pico/pico-sdk/src/common/pico_time/time.c.obj
 *fill*         0x10001292        0x2 
 .text.ph_insert_node
                0x10001294       0x3c CMakeFiles/Ex_4_EEPROM.dir/Users/amerilain/pico/pico-sdk/src/common/pico_time/time.c.obj
 .text.ph_free_node
                0x100012d0       0x5c CMakeFiles/Ex_4_EEPROM.dir/Users/amerilain/pico/pico-sdk/src/common/pico_time/time.c.obj
 .text.get_entry_id_high
                0x1000132c       0x30 CMakeFiles/Ex_4_EEPROM.dir/Users/amerilain/pico/pico-sdk/src/common/pico_time/time.c.obj
 .text.alarm_pool_post_alloc_init
                0x1000135c       0x40 CMakeFiles/Ex_4_EEPROM.dir/Users/amerilain/pico/pico-sdk/src/common/pico_time/time.c.obj
 .text.sleep_until_callback
                0x1000139c       0x30 CMakeFiles/Ex_4_EEPROM.dir/Users/amerilain/pico/pico-sdk/src/common/pico_time/time.c.obj
 .text.get_absolute_time
                0x100013cc       0x22 CMakeFiles/Ex_4_EEPROM.dir/Users/amerilain/pico/pico-sdk/src/common/pico_time/time.c.obj
 .text.make_timeout_time_us
                0x100013ee       0x24 CMakeFiles/Ex_4_EEPROM.dir/Users/amerilain/pico/pico-sdk/src/common/pico_time/time.c.obj
 *fill*         0x10001412        0x2 
 .text.add_alarm_under_lock
                0x10001414       0x94 CMakeFiles/Ex_4_EEPROM.dir/Users/amerilain/pico/pico-sdk/src/common/pico_time/time.c.obj
 .text.alarm_pool_alarm_callback
                0x100014a8      0x210 CMakeFiles/Ex_4_EEPROM.dir/Users/amerilain/pico/pico-sdk/src/common/pico_time/time.c.obj
 .text.alarm_pool_init_default
                0x100016b8       0x40 CMakeFiles/Ex_4_EEPROM.dir/Users/amerilain/pico/pico-sdk/src/common/pico_time/time.c.obj
                0x100016b8                alarm_pool_init_default
 .text.alarm_pool_get_default
                0x100016f8       0x2c CMakeFiles/Ex_4_EEPROM.dir/Users/amerilain/pico/pico-sdk/src/common/pico_time/time.c.obj
                0x100016f8                alarm_pool_get_default
 .text.alarm_pool_add_alarm_at
                0x10001724      0x10e CMakeFiles/Ex_4_EEPROM.dir/Users/amerilain/pico/pico-sdk/src/common/pico_time/time.c.obj
                0x10001724                alarm_pool_add_alarm_at
 .text.add_alarm_at
                0x10001832       0x2e CMakeFiles/Ex_4_EEPROM.dir/Users/amerilain/pico/pico-sdk/src/common/pico_time/time.c.obj
 .text.alarm_pool_cancel_alarm
                0x10001860       0xa8 CMakeFiles/Ex_4_EEPROM.dir/Users/amerilain/pico/pico-sdk/src/common/pico_time/time.c.obj
                0x10001860                alarm_pool_cancel_alarm
 .text.cancel_alarm
                0x10001908       0x10 CMakeFiles/Ex_4_EEPROM.dir/Users/amerilain/pico/pico-sdk/src/common/pico_time/time.c.obj
 .text.alarm_pool_core_num
                0x10001918        0x4 CMakeFiles/Ex_4_EEPROM.dir/Users/amerilain/pico/pico-sdk/src/common/pico_time/time.c.obj
                0x10001918                alarm_pool_core_num
 .text.sleep_until
                0x1000191c       0xb0 CMakeFiles/Ex_4_EEPROM.dir/Users/amerilain/pico/pico-sdk/src/common/pico_time/time.c.obj
                0x1000191c                sleep_until
 .text.sleep_us
                0x100019cc       0x1a CMakeFiles/Ex_4_EEPROM.dir/Users/amerilain/pico/pico-sdk/src/common/pico_time/time.c.obj
                0x100019cc                sleep_us
 .text.sleep_ms
                0x100019e6       0x14 CMakeFiles/Ex_4_EEPROM.dir/Users/amerilain/pico/pico-sdk/src/common/pico_time/time.c.obj
                0x100019e6                sleep_ms
 *fill*         0x100019fa        0x2 
 .text.best_effort_wfe_or_timeout
                0x100019fc       0x44 CMakeFiles/Ex_4_EEPROM.dir/Users/amerilain/pico/pico-sdk/src/common/pico_time/time.c.obj
                0x100019fc                best_effort_wfe_or_timeout
 .text.hardware_alarm_irq_handler
                0x10001a40       0x8c CMakeFiles/Ex_4_EEPROM.dir/Users/amerilain/pico/pico-sdk/src/rp2_common/hardware_timer/timer.c.obj
 .text.hardware_alarm_claim
                0x10001acc       0x18 CMakeFiles/Ex_4_EEPROM.dir/Users/amerilain/pico/pico-sdk/src/rp2_common/hardware_timer/timer.c.obj
                0x10001acc                hardware_alarm_claim
 .text.time_us_64
                0x10001ae4       0x18 CMakeFiles/Ex_4_EEPROM.dir/Users/amerilain/pico/pico-sdk/src/rp2_common/hardware_timer/timer.c.obj
                0x10001ae4                time_us_64
 .text.busy_wait_until
                0x10001afc       0x28 CMakeFiles/Ex_4_EEPROM.dir/Users/amerilain/pico/pico-sdk/src/rp2_common/hardware_timer/timer.c.obj
                0x10001afc                busy_wait_until
 .text.hardware_alarm_set_callback
                0x10001b24       0x90 CMakeFiles/Ex_4_EEPROM.dir/Users/amerilain/pico/pico-sdk/src/rp2_common/hardware_timer/timer.c.obj
                0x10001b24                hardware_alarm_set_callback
 .text.hardware_alarm_set_target
                0x10001bb4       0xe8 CMakeFiles/Ex_4_EEPROM.dir/Users/amerilain/pico/pico-sdk/src/rp2_common/hardware_timer/timer.c.obj
                0x10001bb4                hardware_alarm_set_target
 .text.hardware_alarm_cancel
                0x10001c9c       0x40 CMakeFiles/Ex_4_EEPROM.dir/Users/amerilain/pico/pico-sdk/src/rp2_common/hardware_timer/timer.c.obj
                0x10001c9c                hardware_alarm_cancel
 .text.ph_get_node
                0x10001cdc       0x30 CMakeFiles/Ex_4_EEPROM.dir/Users/amerilain/pico/pico-sdk/src/common/pico_util/pheap.c.obj
 .text.ph_add_child_node
                0x10001d0c       0x6c CMakeFiles/Ex_4_EEPROM.dir/Users/amerilain/pico/pico-sdk/src/common/pico_util/pheap.c.obj
 .text.ph_merge_nodes
                0x10001d78       0x3e CMakeFiles/Ex_4_EEPROM.dir/Users/amerilain/pico/pico-sdk/src/common/pico_util/pheap.c.obj
 .text.ph_clear
                0x10001db6       0x34 CMakeFiles/Ex_4_EEPROM.dir/Users/amerilain/pico/pico-sdk/src/common/pico_util/pheap.c.obj
                0x10001db6                ph_clear
 .text.ph_post_alloc_init
                0x10001dea        0xe CMakeFiles/Ex_4_EEPROM.dir/Users/amerilain/pico/pico-sdk/src/common/pico_util/pheap.c.obj
                0x10001dea                ph_post_alloc_init
 .text.ph_merge_two_pass
                0x10001df8       0x5c CMakeFiles/Ex_4_EEPROM.dir/Users/amerilain/pico/pico-sdk/src/common/pico_util/pheap.c.obj
                0x10001df8                ph_merge_two_pass
 .text.ph_remove_any_head
                0x10001e54       0xc0 CMakeFiles/Ex_4_EEPROM.dir/Users/amerilain/pico/pico-sdk/src/common/pico_util/pheap.c.obj
 .text.ph_remove_head
                0x10001f14       0x14 CMakeFiles/Ex_4_EEPROM.dir/Users/amerilain/pico/pico-sdk/src/common/pico_util/pheap.c.obj
                0x10001f14                ph_remove_head
 .text.ph_remove_and_free_node
                0x10001f28       0xa0 CMakeFiles/Ex_4_EEPROM.dir/Users/amerilain/pico/pico-sdk/src/common/pico_util/pheap.c.obj
                0x10001f28                ph_remove_and_free_node
 .text.clock_configure
                0x10001fc8      0x108 CMakeFiles/Ex_4_EEPROM.dir/Users/amerilain/pico/pico-sdk/src/rp2_common/hardware_clocks/clocks.c.obj
                0x10001fc8                clock_configure
 .text.clocks_init
                0x100020d0      0x100 CMakeFiles/Ex_4_EEPROM.dir/Users/amerilain/pico/pico-sdk/src/rp2_common/hardware_clocks/clocks.c.obj
                0x100020d0                clocks_init
 .text.clock_get_hz
                0x100021d0        0xc CMakeFiles/Ex_4_EEPROM.dir/Users/amerilain/pico/pico-sdk/src/rp2_common/hardware_clocks/clocks.c.obj
                0x100021d0                clock_get_hz
 .text.pll_init
                0x100021dc      0x120 CMakeFiles/Ex_4_EEPROM.dir/Users/amerilain/pico/pico-sdk/src/rp2_common/hardware_pll/pll.c.obj
                0x100021dc                pll_init
 .text.watchdog_start_tick
                0x100022fc       0x10 CMakeFiles/Ex_4_EEPROM.dir/Users/amerilain/pico/pico-sdk/src/rp2_common/hardware_watchdog/watchdog.c.obj
                0x100022fc                watchdog_start_tick
 .text.watchdog_update
                0x1000230c       0x14 CMakeFiles/Ex_4_EEPROM.dir/Users/amerilain/pico/pico-sdk/src/rp2_common/hardware_watchdog/watchdog.c.obj
                0x1000230c                watchdog_update
 .text._watchdog_enable
                0x10002320       0x78 CMakeFiles/Ex_4_EEPROM.dir/Users/amerilain/pico/pico-sdk/src/rp2_common/hardware_watchdog/watchdog.c.obj
                0x10002320                _watchdog_enable
 .text.watchdog_reboot
                0x10002398       0x48 CMakeFiles/Ex_4_EEPROM.dir/Users/amerilain/pico/pico-sdk/src/rp2_common/hardware_watchdog/watchdog.c.obj
                0x10002398                watchdog_reboot
 .text.xosc_init
                0x100023e0       0x28 CMakeFiles/Ex_4_EEPROM.dir/Users/amerilain/pico/pico-sdk/src/rp2_common/hardware_xosc/xosc.c.obj
                0x100023e0                xosc_init
 .text._exit    0x10002408        0x4 CMakeFiles/Ex_4_EEPROM.dir/Users/amerilain/pico/pico-sdk/src/rp2_common/pico_runtime/runtime.c.obj
                0x10002408                _exit
 .text.exit     0x1000240c        0x6 CMakeFiles/Ex_4_EEPROM.dir/Users/amerilain/pico/pico-sdk/src/rp2_common/pico_runtime/runtime.c.obj
                0x1000240c                exit
 *fill*         0x10002412        0x2 
 .text.__assert_func
                0x10002414       0x38 CMakeFiles/Ex_4_EEPROM.dir/Users/amerilain/pico/pico-sdk/src/rp2_common/pico_runtime/runtime.c.obj
                0x10002414                __assert_func
 .text.runtime_init
                0x1000244c       0xf8 CMakeFiles/Ex_4_EEPROM.dir/Users/amerilain/pico/pico-sdk/src/rp2_common/pico_runtime/runtime.c.obj
                0x1000244c                runtime_init
 .text.panic    0x10002544       0x30 CMakeFiles/Ex_4_EEPROM.dir/Users/amerilain/pico/pico-sdk/src/rp2_common/pico_runtime/runtime.c.obj
                0x10002544                panic
 .text._out_null
                0x10002574        0x2 CMakeFiles/Ex_4_EEPROM.dir/Users/amerilain/pico/pico-sdk/src/rp2_common/pico_printf/printf.c.obj
 .text._out_fct
                0x10002576        0xe CMakeFiles/Ex_4_EEPROM.dir/Users/amerilain/pico/pico-sdk/src/rp2_common/pico_printf/printf.c.obj
 .text._atoi    0x10002584       0x24 CMakeFiles/Ex_4_EEPROM.dir/Users/amerilain/pico/pico-sdk/src/rp2_common/pico_printf/printf.c.obj
 .text._out_rev
                0x100025a8       0xae CMakeFiles/Ex_4_EEPROM.dir/Users/amerilain/pico/pico-sdk/src/rp2_common/pico_printf/printf.c.obj
 .text._ntoa_format
                0x10002656      0x110 CMakeFiles/Ex_4_EEPROM.dir/Users/amerilain/pico/pico-sdk/src/rp2_common/pico_printf/printf.c.obj
 .text._ntoa_long
                0x10002766       0xbc CMakeFiles/Ex_4_EEPROM.dir/Users/amerilain/pico/pico-sdk/src/rp2_common/pico_printf/printf.c.obj
 .text._ntoa_long_long
                0x10002822      0x10e CMakeFiles/Ex_4_EEPROM.dir/Users/amerilain/pico/pico-sdk/src/rp2_common/pico_printf/printf.c.obj
 .text._etoa    0x10002930      0x420 CMakeFiles/Ex_4_EEPROM.dir/Users/amerilain/pico/pico-sdk/src/rp2_common/pico_printf/printf.c.obj
 .text._ftoa    0x10002d50      0x354 CMakeFiles/Ex_4_EEPROM.dir/Users/amerilain/pico/pico-sdk/src/rp2_common/pico_printf/printf.c.obj
 .text._vsnprintf
                0x100030a4      0x65c CMakeFiles/Ex_4_EEPROM.dir/Users/amerilain/pico/pico-sdk/src/rp2_common/pico_printf/printf.c.obj
 .text.vfctprintf
                0x10003700       0x20 CMakeFiles/Ex_4_EEPROM.dir/Users/amerilain/pico/pico-sdk/src/rp2_common/pico_printf/printf.c.obj
                0x10003700                vfctprintf
 .text          0x10003720       0x10 CMakeFiles/Ex_4_EEPROM.dir/Users/amerilain/pico/pico-sdk/src/rp2_common/pico_bit_ops/bit_ops_aeabi.S.obj
 .text.rom_func_lookup
                0x10003730       0x10 CMakeFiles/Ex_4_EEPROM.dir/Users/amerilain/pico/pico-sdk/src/rp2_common/pico_bootrom/bootrom.c.obj
                0x10003730                rom_func_lookup
 .text.rom_data_lookup
                0x10003740       0x10 CMakeFiles/Ex_4_EEPROM.dir/Users/amerilain/pico/pico-sdk/src/rp2_common/pico_bootrom/bootrom.c.obj
                0x10003740                rom_data_lookup
 .text.rom_funcs_lookup
                0x10003750       0x36 CMakeFiles/Ex_4_EEPROM.dir/Users/amerilain/pico/pico-sdk/src/rp2_common/pico_bootrom/bootrom.c.obj
                0x10003750                rom_funcs_lookup
 *fill*         0x10003786        0x2 
 .text.__wrap___aeabi_idiv
                0x10003788       0x50 CMakeFiles/Ex_4_EEPROM.dir/Users/amerilain/pico/pico-sdk/src/rp2_common/pico_divider/divider.S.obj
                0x10003788                __wrap___aeabi_idivmod
                0x10003788                divmod_s32s32
                0x10003788                div_s32s32
                0x10003788                __wrap___aeabi_idiv
                0x10003790                divmod_s32s32_unsafe
                0x100037bc                divmod_s32s32_savestate
 .text.__wrap___aeabi_uidiv
                0x100037d8       0x4c CMakeFiles/Ex_4_EEPROM.dir/Users/amerilain/pico/pico-sdk/src/rp2_common/pico_divider/divider.S.obj
                0x100037d8                __wrap___aeabi_uidiv
                0x100037d8                __wrap___aeabi_uidivmod
                0x100037d8                div_u32u32
                0x100037d8                divmod_u32u32
                0x100037e0                divmod_u32u32_unsafe
                0x10003808                divmod_u32u32_savestate
 .text.__wrap___aeabi_ldiv
                0x10003824      0x424 CMakeFiles/Ex_4_EEPROM.dir/Users/amerilain/pico/pico-sdk/src/rp2_common/pico_divider/divider.S.obj
                0x10003824                __wrap___aeabi_ldivmod
                0x10003824                div_s64s64
                0x10003824                divmod_s64s64
                0x10003854                divmod_u64u64
                0x10003854                div_u64u64
                0x10003854                __wrap___aeabi_uldivmod
                0x10003864                divmod_u64u64_savestate
                0x10003884                divmod_s64s64_unsafe
                0x1000390c                divmod_u64u64_unsafe
 .text.__wrap___aeabi_darithmetic
                0x10003c48       0x60 CMakeFiles/Ex_4_EEPROM.dir/Users/amerilain/pico/pico-sdk/src/rp2_common/pico_double/double_aeabi.S.obj
                0x10003c48                __wrap___aeabi_drsub
                0x10003c4e                __wrap___aeabi_dsub
                0x10003c58                __wrap___aeabi_dadd
                0x10003c62                __wrap___aeabi_ddiv
                0x10003c96                __wrap___aeabi_dmul
 .text.__wrap___aeabi_cdcmple
                0x10003ca8       0x6c CMakeFiles/Ex_4_EEPROM.dir/Users/amerilain/pico/pico-sdk/src/rp2_common/pico_double/double_aeabi.S.obj
                0x10003ca8                __wrap___aeabi_cdrcmple
                0x10003cb8                __wrap___aeabi_cdcmple
                0x10003cb8                __wrap___aeabi_cdcmpeq
 .text.__wrap___aeabi_dcmplt
                0x10003d14        0xc CMakeFiles/Ex_4_EEPROM.dir/Users/amerilain/pico/pico-sdk/src/rp2_common/pico_double/double_aeabi.S.obj
                0x10003d14                __wrap___aeabi_dcmplt
 .text.__wrap___aeabi_dcmple
                0x10003d20       0x10 CMakeFiles/Ex_4_EEPROM.dir/Users/amerilain/pico/pico-sdk/src/rp2_common/pico_double/double_aeabi.S.obj
                0x10003d20                __wrap___aeabi_dcmple
 .text.__wrap___aeabi_dcmpge
                0x10003d30       0x10 CMakeFiles/Ex_4_EEPROM.dir/Users/amerilain/pico/pico-sdk/src/rp2_common/pico_double/double_aeabi.S.obj
                0x10003d30                __wrap___aeabi_dcmpge
 .text.__wrap___aeabi_dcmpgt
                0x10003d40        0xa CMakeFiles/Ex_4_EEPROM.dir/Users/amerilain/pico/pico-sdk/src/rp2_common/pico_double/double_aeabi.S.obj
                0x10003d40                __wrap___aeabi_dcmpgt
 .text.__wrap___aeabi_dcmpun
                0x10003d4a       0x1c CMakeFiles/Ex_4_EEPROM.dir/Users/amerilain/pico/pico-sdk/src/rp2_common/pico_double/double_aeabi.S.obj
                0x10003d4a                __wrap___aeabi_dcmpun
 *fill*         0x10003d66        0x2 
 .text.__wrap___aeabi_i2d
                0x10003d68       0x38 CMakeFiles/Ex_4_EEPROM.dir/Users/amerilain/pico/pico-sdk/src/rp2_common/pico_double/double_aeabi.S.obj
                0x10003d68                __wrap___aeabi_ui2d
                0x10003d70                __wrap___aeabi_i2d
 .text.__wrap___aeabi_d2iz
                0x10003da0       0x48 CMakeFiles/Ex_4_EEPROM.dir/Users/amerilain/pico/pico-sdk/src/rp2_common/pico_double/double_aeabi.S.obj
                0x10003da0                __wrap___aeabi_d2iz
                0x10003da0                double2int_z
 .text.__wrap___aeabi_d2uiz
                0x10003de8       0x10 CMakeFiles/Ex_4_EEPROM.dir/Users/amerilain/pico/pico-sdk/src/rp2_common/pico_double/double_aeabi.S.obj
                0x10003de8                double2uint
                0x10003de8                __wrap___aeabi_d2uiz
 .text.missing_double_func_shim
                0x10003df8        0xc CMakeFiles/Ex_4_EEPROM.dir/Users/amerilain/pico/pico-sdk/src/rp2_common/pico_double/double_init_rom.c.obj
 .text.__aeabi_double_init
                0x10003e04       0xd0 CMakeFiles/Ex_4_EEPROM.dir/Users/amerilain/pico/pico-sdk/src/rp2_common/pico_double/double_init_rom.c.obj
                0x10003e04                __aeabi_double_init
 .text.double_table_shim_on_use_helper
                0x10003ed4       0x34 CMakeFiles/Ex_4_EEPROM.dir/Users/amerilain/pico/pico-sdk/src/rp2_common/pico_double/double_v1_rom_shim.S.obj
                0x10003ed4                double_table_shim_on_use_helper
 .text.__aeabi_lmul
                0x10003f08       0x32 CMakeFiles/Ex_4_EEPROM.dir/Users/amerilain/pico/pico-sdk/src/rp2_common/pico_int64_ops/pico_int64_ops_aeabi.S.obj
                0x10003f08                __wrap___aeabi_lmul
 *fill*         0x10003f3a        0x2 
 .text.missing_float_func_shim
                0x10003f3c        0xc CMakeFiles/Ex_4_EEPROM.dir/Users/amerilain/pico/pico-sdk/src/rp2_common/pico_float/float_init_rom.c.obj
 .text.__aeabi_float_init
                0x10003f48       0x88 CMakeFiles/Ex_4_EEPROM.dir/Users/amerilain/pico/pico-sdk/src/rp2_common/pico_float/float_init_rom.c.obj
                0x10003f48                __aeabi_float_init
 .text          0x10003fd0       0x10 CMakeFiles/Ex_4_EEPROM.dir/Users/amerilain/pico/pico-sdk/src/rp2_common/pico_mem_ops/mem_ops_aeabi.S.obj
                0x10003fd0                __aeabi_mem_init
 .text.memset   0x10003fe0        0xc CMakeFiles/Ex_4_EEPROM.dir/Users/amerilain/pico/pico-sdk/src/rp2_common/pico_mem_ops/mem_ops_aeabi.S.obj
                0x10003fe0                __wrap_memset
 .text.memcpy   0x10003fec        0xc CMakeFiles/Ex_4_EEPROM.dir/Users/amerilain/pico/pico-sdk/src/rp2_common/pico_mem_ops/mem_ops_aeabi.S.obj
                0x10003fec                __wrap___aeabi_memcpy
                0x10003fec                __wrap_memcpy
 .text.stdio_out_chars_no_crlf
                0x10003ff8        0xe CMakeFiles/Ex_4_EEPROM.dir/Users/amerilain/pico/pico-sdk/src/rp2_common/pico_stdio/stdio.c.obj
 *fill*         0x10004006        0x2 
 .text.stdio_out_chars_crlf
                0x10004008       0x80 CMakeFiles/Ex_4_EEPROM.dir/Users/amerilain/pico/pico-sdk/src/rp2_common/pico_stdio/stdio.c.obj
 .text.stdio_stack_buffer_flush
                0x10004088       0x44 CMakeFiles/Ex_4_EEPROM.dir/Users/amerilain/pico/pico-sdk/src/rp2_common/pico_stdio/stdio.c.obj
 .text.stdio_buffered_printer
                0x100040cc       0x20 CMakeFiles/Ex_4_EEPROM.dir/Users/amerilain/pico/pico-sdk/src/rp2_common/pico_stdio/stdio.c.obj
 .text.update_us_since_boot
                0x100040ec       0x24 CMakeFiles/Ex_4_EEPROM.dir/Users/amerilain/pico/pico-sdk/src/rp2_common/pico_stdio/stdio.c.obj
 .text.get_absolute_time
                0x10004110       0x22 CMakeFiles/Ex_4_EEPROM.dir/Users/amerilain/pico/pico-sdk/src/rp2_common/pico_stdio/stdio.c.obj
 *fill*         0x10004132        0x2 
 .text.delayed_by_ms
                0x10004134       0x44 CMakeFiles/Ex_4_EEPROM.dir/Users/amerilain/pico/pico-sdk/src/rp2_common/pico_stdio/stdio.c.obj
 .text.make_timeout_time_ms
                0x10004178       0x20 CMakeFiles/Ex_4_EEPROM.dir/Users/amerilain/pico/pico-sdk/src/rp2_common/pico_stdio/stdio.c.obj
 .text.stdout_serialize_begin
                0x10004198       0x20 CMakeFiles/Ex_4_EEPROM.dir/Users/amerilain/pico/pico-sdk/src/rp2_common/pico_stdio/stdio.c.obj
                0x10004198                stdout_serialize_begin
 .text.stdout_serialize_end
                0x100041b8       0x10 CMakeFiles/Ex_4_EEPROM.dir/Users/amerilain/pico/pico-sdk/src/rp2_common/pico_stdio/stdio.c.obj
                0x100041b8                stdout_serialize_end
 .text.stdio_put_string
                0x100041c8       0x98 CMakeFiles/Ex_4_EEPROM.dir/Users/amerilain/pico/pico-sdk/src/rp2_common/pico_stdio/stdio.c.obj
 .text.stdio_set_driver_enabled
                0x10004260       0x2c CMakeFiles/Ex_4_EEPROM.dir/Users/amerilain/pico/pico-sdk/src/rp2_common/pico_stdio/stdio.c.obj
                0x10004260                stdio_set_driver_enabled
 .text.stdio_flush
                0x1000428c       0x20 CMakeFiles/Ex_4_EEPROM.dir/Users/amerilain/pico/pico-sdk/src/rp2_common/pico_stdio/stdio.c.obj
                0x1000428c                stdio_flush
 .text.__wrap_puts
                0x100042ac       0x1e CMakeFiles/Ex_4_EEPROM.dir/Users/amerilain/pico/pico-sdk/src/rp2_common/pico_stdio/stdio.c.obj
                0x100042ac                __wrap_puts
 *fill*         0x100042ca        0x2 
 .text.__wrap_vprintf
                0x100042cc       0x40 CMakeFiles/Ex_4_EEPROM.dir/Users/amerilain/pico/pico-sdk/src/rp2_common/pico_stdio/stdio.c.obj
                0x100042cc                __wrap_vprintf
 .text.__wrap_printf
                0x1000430c       0x18 CMakeFiles/Ex_4_EEPROM.dir/Users/amerilain/pico/pico-sdk/src/rp2_common/pico_stdio/stdio.c.obj
                0x1000430c                __wrap_printf
 .text.stdio_init_all
                0x10004324        0x8 CMakeFiles/Ex_4_EEPROM.dir/Users/amerilain/pico/pico-sdk/src/rp2_common/pico_stdio/stdio.c.obj
                0x10004324                stdio_init_all
 .text.resetd_init
                0x1000432c        0x2 CMakeFiles/Ex_4_EEPROM.dir/Users/amerilain/pico/pico-sdk/src/rp2_common/pico_stdio_usb/reset_interface.c.obj
 *fill*         0x1000432e        0x2 
 .text.resetd_reset
                0x10004330        0xc CMakeFiles/Ex_4_EEPROM.dir/Users/amerilain/pico/pico-sdk/src/rp2_common/pico_stdio_usb/reset_interface.c.obj
 .text.resetd_open
                0x1000433c       0x34 CMakeFiles/Ex_4_EEPROM.dir/Users/amerilain/pico/pico-sdk/src/rp2_common/pico_stdio_usb/reset_interface.c.obj
 .text.resetd_xfer_cb
                0x10004370        0x4 CMakeFiles/Ex_4_EEPROM.dir/Users/amerilain/pico/pico-sdk/src/rp2_common/pico_stdio_usb/reset_interface.c.obj
 .text.reset_usb_boot
                0x10004374       0x18 CMakeFiles/Ex_4_EEPROM.dir/Users/amerilain/pico/pico-sdk/src/rp2_common/pico_stdio_usb/reset_interface.c.obj
 .text.resetd_control_xfer_cb
                0x1000438c       0x5c CMakeFiles/Ex_4_EEPROM.dir/Users/amerilain/pico/pico-sdk/src/rp2_common/pico_stdio_usb/reset_interface.c.obj
 .text.usbd_app_driver_get_cb
                0x100043e8        0xc CMakeFiles/Ex_4_EEPROM.dir/Users/amerilain/pico/pico-sdk/src/rp2_common/pico_stdio_usb/reset_interface.c.obj
                0x100043e8                usbd_app_driver_get_cb
 .text.tud_cdc_line_coding_cb
                0x100043f4       0x28 CMakeFiles/Ex_4_EEPROM.dir/Users/amerilain/pico/pico-sdk/src/rp2_common/pico_stdio_usb/reset_interface.c.obj
                0x100043f4                tud_cdc_line_coding_cb
 .text.stdio_usb_set_chars_available_callback
                0x1000441c       0x14 CMakeFiles/Ex_4_EEPROM.dir/Users/amerilain/pico/pico-sdk/src/rp2_common/pico_stdio_usb/stdio_usb.c.obj
                0x1000441c                stdio_usb_set_chars_available_callback
 .text.update_us_since_boot
                0x10004430       0x24 CMakeFiles/Ex_4_EEPROM.dir/Users/amerilain/pico/pico-sdk/src/rp2_common/pico_stdio_usb/stdio_usb.c.obj
 .text.get_absolute_time
                0x10004454       0x22 CMakeFiles/Ex_4_EEPROM.dir/Users/amerilain/pico/pico-sdk/src/rp2_common/pico_stdio_usb/stdio_usb.c.obj
 *fill*         0x10004476        0x2 
 .text.delayed_by_ms
                0x10004478       0x44 CMakeFiles/Ex_4_EEPROM.dir/Users/amerilain/pico/pico-sdk/src/rp2_common/pico_stdio_usb/stdio_usb.c.obj
 .text.make_timeout_time_ms
                0x100044bc       0x20 CMakeFiles/Ex_4_EEPROM.dir/Users/amerilain/pico/pico-sdk/src/rp2_common/pico_stdio_usb/stdio_usb.c.obj
 .text.delayed_by_us
                0x100044dc       0x34 CMakeFiles/Ex_4_EEPROM.dir/Users/amerilain/pico/pico-sdk/src/rp2_common/pico_stdio_usb/stdio_usb.c.obj
 .text.usb_irq  0x10004510       0x10 CMakeFiles/Ex_4_EEPROM.dir/Users/amerilain/pico/pico-sdk/src/rp2_common/pico_stdio_usb/stdio_usb.c.obj
 .text.critical_section_enter_blocking
                0x10004520       0x16 CMakeFiles/Ex_4_EEPROM.dir/Users/amerilain/pico/pico-sdk/src/rp2_common/pico_stdio_usb/stdio_usb.c.obj
 *fill*         0x10004536        0x2 
 .text.timer_task
                0x10004538       0x4c CMakeFiles/Ex_4_EEPROM.dir/Users/amerilain/pico/pico-sdk/src/rp2_common/pico_stdio_usb/stdio_usb.c.obj
 .text.alarm_pool_add_alarm_in_us
                0x10004584       0x3a CMakeFiles/Ex_4_EEPROM.dir/Users/amerilain/pico/pico-sdk/src/rp2_common/pico_stdio_usb/stdio_usb.c.obj
 .text.add_alarm_in_us
                0x100045be       0x2e CMakeFiles/Ex_4_EEPROM.dir/Users/amerilain/pico/pico-sdk/src/rp2_common/pico_stdio_usb/stdio_usb.c.obj
 .text.low_priority_worker_irq
                0x100045ec       0x7c CMakeFiles/Ex_4_EEPROM.dir/Users/amerilain/pico/pico-sdk/src/rp2_common/pico_stdio_usb/stdio_usb.c.obj
 .text.tud_cdc_rx_cb
                0x10004668       0x20 CMakeFiles/Ex_4_EEPROM.dir/Users/amerilain/pico/pico-sdk/src/rp2_common/pico_stdio_usb/stdio_usb.c.obj
                0x10004668                tud_cdc_rx_cb
 .text.stdio_usb_init
                0x10004688       0xd0 CMakeFiles/Ex_4_EEPROM.dir/Users/amerilain/pico/pico-sdk/src/rp2_common/pico_stdio_usb/stdio_usb.c.obj
                0x10004688                stdio_usb_init
 .text.stdio_usb_connected
                0x10004758        0xa CMakeFiles/Ex_4_EEPROM.dir/Users/amerilain/pico/pico-sdk/src/rp2_common/pico_stdio_usb/stdio_usb.c.obj
                0x10004758                stdio_usb_connected
 *fill*         0x10004762        0x2 
 .text.stdio_usb_in_chars
                0x10004764       0x88 CMakeFiles/Ex_4_EEPROM.dir/Users/amerilain/pico/pico-sdk/src/rp2_common/pico_stdio_usb/stdio_usb.c.obj
                0x10004764                stdio_usb_in_chars
 .text.stdio_usb_out_chars
                0x100047ec       0xd8 CMakeFiles/Ex_4_EEPROM.dir/Users/amerilain/pico/pico-sdk/src/rp2_common/pico_stdio_usb/stdio_usb.c.obj
 .text.tud_descriptor_device_cb
                0x100048c4        0x8 CMakeFiles/Ex_4_EEPROM.dir/Users/amerilain/pico/pico-sdk/src/rp2_common/pico_stdio_usb/stdio_usb_descriptors.c.obj
                0x100048c4                tud_descriptor_device_cb
 .text.tud_descriptor_configuration_cb
                0x100048cc        0x8 CMakeFiles/Ex_4_EEPROM.dir/Users/amerilain/pico/pico-sdk/src/rp2_common/pico_stdio_usb/stdio_usb_descriptors.c.obj
                0x100048cc                tud_descriptor_configuration_cb
 .text.tud_descriptor_string_cb
                0x100048d4       0x6c CMakeFiles/Ex_4_EEPROM.dir/Users/amerilain/pico/pico-sdk/src/rp2_common/pico_stdio_usb/stdio_usb_descriptors.c.obj
                0x100048d4                tud_descriptor_string_cb
 .text._retrieve_unique_id_on_boot
                0x10004940       0x10 CMakeFiles/Ex_4_EEPROM.dir/Users/amerilain/pico/pico-sdk/src/rp2_common/pico_unique_id/unique_id.c.obj
 .text.pico_get_unique_board_id_string
                0x10004950       0x5c CMakeFiles/Ex_4_EEPROM.dir/Users/amerilain/pico/pico-sdk/src/rp2_common/pico_unique_id/unique_id.c.obj
                0x10004950                pico_get_unique_board_id_string
 .text.flash_get_unique_id
                0x100049ac       0x46 CMakeFiles/Ex_4_EEPROM.dir/Users/amerilain/pico/pico-sdk/src/rp2_common/hardware_flash/flash.c.obj
                0x100049ac                flash_get_unique_id
 *fill*         0x100049f2        0x2 
 .text.hw_endpoint_get_by_addr
                0x100049f4       0x18 CMakeFiles/Ex_4_EEPROM.dir/Users/amerilain/pico/pico-sdk/lib/tinyusb/src/portable/raspberrypi/rp2040/dcd_rp2040.c.obj
 .text._hw_endpoint_alloc
                0x10004a0c       0x70 CMakeFiles/Ex_4_EEPROM.dir/Users/amerilain/pico/pico-sdk/lib/tinyusb/src/portable/raspberrypi/rp2040/dcd_rp2040.c.obj
 .text.hw_endpoint_init
                0x10004a7c       0x88 CMakeFiles/Ex_4_EEPROM.dir/Users/amerilain/pico/pico-sdk/lib/tinyusb/src/portable/raspberrypi/rp2040/dcd_rp2040.c.obj
 .text.dcd_event_sof
                0x10004b04       0x2c CMakeFiles/Ex_4_EEPROM.dir/Users/amerilain/pico/pico-sdk/lib/tinyusb/src/portable/raspberrypi/rp2040/dcd_rp2040.c.obj
 .text.hw_endpoint_xfer
                0x10004b30       0x14 CMakeFiles/Ex_4_EEPROM.dir/Users/amerilain/pico/pico-sdk/lib/tinyusb/src/portable/raspberrypi/rp2040/dcd_rp2040.c.obj
 .text.dcd_int_enable
                0x10004b44       0x2c CMakeFiles/Ex_4_EEPROM.dir/Users/amerilain/pico/pico-sdk/lib/tinyusb/src/portable/raspberrypi/rp2040/dcd_rp2040.c.obj
                0x10004b44                dcd_int_enable
 .text.dcd_set_address
                0x10004b70       0x2c CMakeFiles/Ex_4_EEPROM.dir/Users/amerilain/pico/pico-sdk/lib/tinyusb/src/portable/raspberrypi/rp2040/dcd_rp2040.c.obj
                0x10004b70                dcd_set_address
 .text.dcd_connect
                0x10004b9c       0x10 CMakeFiles/Ex_4_EEPROM.dir/Users/amerilain/pico/pico-sdk/lib/tinyusb/src/portable/raspberrypi/rp2040/dcd_rp2040.c.obj
                0x10004b9c                dcd_connect
 .text.dcd_init
                0x10004bac       0x80 CMakeFiles/Ex_4_EEPROM.dir/Users/amerilain/pico/pico-sdk/lib/tinyusb/src/portable/raspberrypi/rp2040/dcd_rp2040.c.obj
                0x10004bac                dcd_init
 .text.dcd_edpt0_status_complete
                0x10004c2c       0x1c CMakeFiles/Ex_4_EEPROM.dir/Users/amerilain/pico/pico-sdk/lib/tinyusb/src/portable/raspberrypi/rp2040/dcd_rp2040.c.obj
                0x10004c2c                dcd_edpt0_status_complete
 .text.dcd_edpt_open
                0x10004c48       0x40 CMakeFiles/Ex_4_EEPROM.dir/Users/amerilain/pico/pico-sdk/lib/tinyusb/src/portable/raspberrypi/rp2040/dcd_rp2040.c.obj
                0x10004c48                dcd_edpt_open
 .text.dcd_edpt_close_all
                0x10004c88        0x8 CMakeFiles/Ex_4_EEPROM.dir/Users/amerilain/pico/pico-sdk/lib/tinyusb/src/portable/raspberrypi/rp2040/dcd_rp2040.c.obj
                0x10004c88                dcd_edpt_close_all
 .text.dcd_edpt_xfer
                0x10004c90       0x34 CMakeFiles/Ex_4_EEPROM.dir/Users/amerilain/pico/pico-sdk/lib/tinyusb/src/portable/raspberrypi/rp2040/dcd_rp2040.c.obj
                0x10004c90                dcd_edpt_xfer
 .text.dcd_edpt_stall
                0x10004cc4       0x2c CMakeFiles/Ex_4_EEPROM.dir/Users/amerilain/pico/pico-sdk/lib/tinyusb/src/portable/raspberrypi/rp2040/dcd_rp2040.c.obj
                0x10004cc4                dcd_edpt_stall
 .text.dcd_edpt_clear_stall
                0x10004cf0       0x20 CMakeFiles/Ex_4_EEPROM.dir/Users/amerilain/pico/pico-sdk/lib/tinyusb/src/portable/raspberrypi/rp2040/dcd_rp2040.c.obj
                0x10004cf0                dcd_edpt_clear_stall
 .text.rp2040_usb_init
                0x10004d10       0x4c CMakeFiles/Ex_4_EEPROM.dir/Users/amerilain/pico/pico-sdk/lib/tinyusb/src/portable/raspberrypi/rp2040/rp2040_usb.c.obj
                0x10004d10                rp2040_usb_init
 .text.hw_endpoint_xfer_start
                0x10004d5c       0x50 CMakeFiles/Ex_4_EEPROM.dir/Users/amerilain/pico/pico-sdk/lib/tinyusb/src/portable/raspberrypi/rp2040/rp2040_usb.c.obj
                0x10004d5c                hw_endpoint_xfer_start
 .text.configuration_reset
                0x10004dac       0x84 CMakeFiles/Ex_4_EEPROM.dir/Users/amerilain/pico/pico-sdk/lib/tinyusb/src/device/usbd.c.obj
 .text.critical_section_enter_blocking
                0x10004e30       0x16 CMakeFiles/Ex_4_EEPROM.dir/Users/amerilain/pico/pico-sdk/lib/tinyusb/src/device/usbd.c.obj
 .text.usbd_reset
                0x10004e46        0xc CMakeFiles/Ex_4_EEPROM.dir/Users/amerilain/pico/pico-sdk/lib/tinyusb/src/device/usbd.c.obj
 .text.invoke_class_control
                0x10004e52       0x1a CMakeFiles/Ex_4_EEPROM.dir/Users/amerilain/pico/pico-sdk/lib/tinyusb/src/device/usbd.c.obj
 .text.process_set_config
                0x10004e6c      0x178 CMakeFiles/Ex_4_EEPROM.dir/Users/amerilain/pico/pico-sdk/lib/tinyusb/src/device/usbd.c.obj
 .text.process_get_descriptor
                0x10004fe4       0xdc CMakeFiles/Ex_4_EEPROM.dir/Users/amerilain/pico/pico-sdk/lib/tinyusb/src/device/usbd.c.obj
 .text.tud_mounted
                0x100050c0       0x10 CMakeFiles/Ex_4_EEPROM.dir/Users/amerilain/pico/pico-sdk/lib/tinyusb/src/device/usbd.c.obj
                0x100050c0                tud_mounted
 .text.tud_suspended
                0x100050d0       0x10 CMakeFiles/Ex_4_EEPROM.dir/Users/amerilain/pico/pico-sdk/lib/tinyusb/src/device/usbd.c.obj
                0x100050d0                tud_suspended
 .text.tud_inited
                0x100050e0       0x14 CMakeFiles/Ex_4_EEPROM.dir/Users/amerilain/pico/pico-sdk/lib/tinyusb/src/device/usbd.c.obj
                0x100050e0                tud_inited
 .text.tud_init
                0x100050f4       0xcc CMakeFiles/Ex_4_EEPROM.dir/Users/amerilain/pico/pico-sdk/lib/tinyusb/src/device/usbd.c.obj
                0x100050f4                tud_init
 .text.usbd_defer_func
                0x100051c0       0x2a CMakeFiles/Ex_4_EEPROM.dir/Users/amerilain/pico/pico-sdk/lib/tinyusb/src/device/usbd.c.obj
                0x100051c0                usbd_defer_func
 *fill*         0x100051ea        0x2 
 .text.usbd_edpt_open
                0x100051ec       0x34 CMakeFiles/Ex_4_EEPROM.dir/Users/amerilain/pico/pico-sdk/lib/tinyusb/src/device/usbd.c.obj
                0x100051ec                usbd_edpt_open
 .text.usbd_open_edpt_pair
                0x10005220       0x62 CMakeFiles/Ex_4_EEPROM.dir/Users/amerilain/pico/pico-sdk/lib/tinyusb/src/device/usbd.c.obj
                0x10005220                usbd_open_edpt_pair
 *fill*         0x10005282        0x2 
 .text.usbd_edpt_claim
                0x10005284       0x28 CMakeFiles/Ex_4_EEPROM.dir/Users/amerilain/pico/pico-sdk/lib/tinyusb/src/device/usbd.c.obj
                0x10005284                usbd_edpt_claim
 .text.usbd_edpt_release
                0x100052ac       0x28 CMakeFiles/Ex_4_EEPROM.dir/Users/amerilain/pico/pico-sdk/lib/tinyusb/src/device/usbd.c.obj
                0x100052ac                usbd_edpt_release
 .text.usbd_edpt_xfer
                0x100052d4       0x78 CMakeFiles/Ex_4_EEPROM.dir/Users/amerilain/pico/pico-sdk/lib/tinyusb/src/device/usbd.c.obj
                0x100052d4                usbd_edpt_xfer
 .text.usbd_edpt_stall
                0x1000534c       0x48 CMakeFiles/Ex_4_EEPROM.dir/Users/amerilain/pico/pico-sdk/lib/tinyusb/src/device/usbd.c.obj
                0x1000534c                usbd_edpt_stall
 .text.usbd_edpt_clear_stall
                0x10005394       0x48 CMakeFiles/Ex_4_EEPROM.dir/Users/amerilain/pico/pico-sdk/lib/tinyusb/src/device/usbd.c.obj
                0x10005394                usbd_edpt_clear_stall
 .text.usbd_edpt_stalled
                0x100053dc       0x1c CMakeFiles/Ex_4_EEPROM.dir/Users/amerilain/pico/pico-sdk/lib/tinyusb/src/device/usbd.c.obj
                0x100053dc                usbd_edpt_stalled
 .text.process_control_request
                0x100053f8      0x374 CMakeFiles/Ex_4_EEPROM.dir/Users/amerilain/pico/pico-sdk/lib/tinyusb/src/device/usbd.c.obj
 .text.tud_task_ext
                0x1000576c      0x1a8 CMakeFiles/Ex_4_EEPROM.dir/Users/amerilain/pico/pico-sdk/lib/tinyusb/src/device/usbd.c.obj
                0x1000576c                tud_task_ext
 .text._status_stage_xact
                0x10005914       0x1a CMakeFiles/Ex_4_EEPROM.dir/Users/amerilain/pico/pico-sdk/lib/tinyusb/src/device/usbd_control.c.obj
 *fill*         0x1000592e        0x2 
 .text._data_stage_xact
                0x10005930       0x58 CMakeFiles/Ex_4_EEPROM.dir/Users/amerilain/pico/pico-sdk/lib/tinyusb/src/device/usbd_control.c.obj
 .text.tud_control_status
                0x10005988       0x28 CMakeFiles/Ex_4_EEPROM.dir/Users/amerilain/pico/pico-sdk/lib/tinyusb/src/device/usbd_control.c.obj
                0x10005988                tud_control_status
 .text.tud_control_xfer
                0x100059b0       0x68 CMakeFiles/Ex_4_EEPROM.dir/Users/amerilain/pico/pico-sdk/lib/tinyusb/src/device/usbd_control.c.obj
                0x100059b0                tud_control_xfer
 .text.usbd_control_reset
                0x10005a18       0x14 CMakeFiles/Ex_4_EEPROM.dir/Users/amerilain/pico/pico-sdk/lib/tinyusb/src/device/usbd_control.c.obj
                0x10005a18                usbd_control_reset
 .text.usbd_control_set_complete_callback
                0x10005a2c        0xc CMakeFiles/Ex_4_EEPROM.dir/Users/amerilain/pico/pico-sdk/lib/tinyusb/src/device/usbd_control.c.obj
                0x10005a2c                usbd_control_set_complete_callback
 .text.usbd_control_set_request
                0x10005a38       0x1c CMakeFiles/Ex_4_EEPROM.dir/Users/amerilain/pico/pico-sdk/lib/tinyusb/src/device/usbd_control.c.obj
                0x10005a38                usbd_control_set_request
 .text.usbd_control_xfer_cb
                0x10005a54       0xbc CMakeFiles/Ex_4_EEPROM.dir/Users/amerilain/pico/pico-sdk/lib/tinyusb/src/device/usbd_control.c.obj
                0x10005a54                usbd_control_xfer_cb
 .text._prep_out_transaction
                0x10005b10       0x4a CMakeFiles/Ex_4_EEPROM.dir/Users/amerilain/pico/pico-sdk/lib/tinyusb/src/class/cdc/cdc_device.c.obj
 *fill*         0x10005b5a        0x2 
 .text.tud_cdc_n_connected
                0x10005b5c       0x38 CMakeFiles/Ex_4_EEPROM.dir/Users/amerilain/pico/pico-sdk/lib/tinyusb/src/class/cdc/cdc_device.c.obj
                0x10005b5c                tud_cdc_n_connected
 .text.tud_cdc_n_available
                0x10005b94       0x18 CMakeFiles/Ex_4_EEPROM.dir/Users/amerilain/pico/pico-sdk/lib/tinyusb/src/class/cdc/cdc_device.c.obj
                0x10005b94                tud_cdc_n_available
 .text.tud_cdc_n_read
                0x10005bac       0x28 CMakeFiles/Ex_4_EEPROM.dir/Users/amerilain/pico/pico-sdk/lib/tinyusb/src/class/cdc/cdc_device.c.obj
                0x10005bac                tud_cdc_n_read
 .text.tud_cdc_n_write_flush
                0x10005bd4       0xb8 CMakeFiles/Ex_4_EEPROM.dir/Users/amerilain/pico/pico-sdk/lib/tinyusb/src/class/cdc/cdc_device.c.obj
                0x10005bd4                tud_cdc_n_write_flush
 .text.tud_cdc_n_write
                0x10005c8c       0x38 CMakeFiles/Ex_4_EEPROM.dir/Users/amerilain/pico/pico-sdk/lib/tinyusb/src/class/cdc/cdc_device.c.obj
                0x10005c8c                tud_cdc_n_write
 .text.tud_cdc_n_write_available
                0x10005cc4       0x1c CMakeFiles/Ex_4_EEPROM.dir/Users/amerilain/pico/pico-sdk/lib/tinyusb/src/class/cdc/cdc_device.c.obj
                0x10005cc4                tud_cdc_n_write_available
 .text.cdcd_init
                0x10005ce0       0xbc CMakeFiles/Ex_4_EEPROM.dir/Users/amerilain/pico/pico-sdk/lib/tinyusb/src/class/cdc/cdc_device.c.obj
                0x10005ce0                cdcd_init
 .text.cdcd_reset
                0x10005d9c       0x44 CMakeFiles/Ex_4_EEPROM.dir/Users/amerilain/pico/pico-sdk/lib/tinyusb/src/class/cdc/cdc_device.c.obj
                0x10005d9c                cdcd_reset
 .text.cdcd_open
                0x10005de0       0xc4 CMakeFiles/Ex_4_EEPROM.dir/Users/amerilain/pico/pico-sdk/lib/tinyusb/src/class/cdc/cdc_device.c.obj
                0x10005de0                cdcd_open
 .text.cdcd_control_xfer_cb
                0x10005ea4      0x134 CMakeFiles/Ex_4_EEPROM.dir/Users/amerilain/pico/pico-sdk/lib/tinyusb/src/class/cdc/cdc_device.c.obj
                0x10005ea4                cdcd_control_xfer_cb
 .text.cdcd_xfer_cb
                0x10005fd8      0x130 CMakeFiles/Ex_4_EEPROM.dir/Users/amerilain/pico/pico-sdk/lib/tinyusb/src/class/cdc/cdc_device.c.obj
                0x10005fd8                cdcd_xfer_cb
 .text.tusb_init
                0x10006108        0xa CMakeFiles/Ex_4_EEPROM.dir/Users/amerilain/pico/pico-sdk/lib/tinyusb/src/tusb.c.obj
                0x10006108                tusb_init
 .text.tusb_inited
                0x10006112        0xe CMakeFiles/Ex_4_EEPROM.dir/Users/amerilain/pico/pico-sdk/lib/tinyusb/src/tusb.c.obj
                0x10006112                tusb_inited
 .text.tu_edpt_claim
                0x10006120       0x50 CMakeFiles/Ex_4_EEPROM.dir/Users/amerilain/pico/pico-sdk/lib/tinyusb/src/tusb.c.obj
                0x10006120                tu_edpt_claim
 .text.tu_edpt_release
                0x10006170       0x38 CMakeFiles/Ex_4_EEPROM.dir/Users/amerilain/pico/pico-sdk/lib/tinyusb/src/tusb.c.obj
                0x10006170                tu_edpt_release
 .text.tu_edpt_validate
                0x100061a8       0x78 CMakeFiles/Ex_4_EEPROM.dir/Users/amerilain/pico/pico-sdk/lib/tinyusb/src/tusb.c.obj
                0x100061a8                tu_edpt_validate
 .text.tu_edpt_bind_driver
                0x10006220       0x26 CMakeFiles/Ex_4_EEPROM.dir/Users/amerilain/pico/pico-sdk/lib/tinyusb/src/tusb.c.obj
                0x10006220                tu_edpt_bind_driver
 .text.advance_index
                0x10006246       0x1a CMakeFiles/Ex_4_EEPROM.dir/Users/amerilain/pico/pico-sdk/lib/tinyusb/src/common/tusb_fifo.c.obj
 .text._tu_fifo_peek
                0x10006260       0x56 CMakeFiles/Ex_4_EEPROM.dir/Users/amerilain/pico/pico-sdk/lib/tinyusb/src/common/tusb_fifo.c.obj
 .text._ff_pull_const_addr
                0x100062b6       0x4c CMakeFiles/Ex_4_EEPROM.dir/Users/amerilain/pico/pico-sdk/lib/tinyusb/src/common/tusb_fifo.c.obj
 .text._ff_pull_n
                0x10006302      0x110 CMakeFiles/Ex_4_EEPROM.dir/Users/amerilain/pico/pico-sdk/lib/tinyusb/src/common/tusb_fifo.c.obj
 .text._tu_fifo_peek_n
                0x10006412       0x6a CMakeFiles/Ex_4_EEPROM.dir/Users/amerilain/pico/pico-sdk/lib/tinyusb/src/common/tusb_fifo.c.obj
 .text._tu_fifo_read_n
                0x1000647c       0x4e CMakeFiles/Ex_4_EEPROM.dir/Users/amerilain/pico/pico-sdk/lib/tinyusb/src/common/tusb_fifo.c.obj
 .text._ff_push_const_addr
                0x100064ca       0x40 CMakeFiles/Ex_4_EEPROM.dir/Users/amerilain/pico/pico-sdk/lib/tinyusb/src/common/tusb_fifo.c.obj
 .text._ff_push_n
                0x1000650a      0x10c CMakeFiles/Ex_4_EEPROM.dir/Users/amerilain/pico/pico-sdk/lib/tinyusb/src/common/tusb_fifo.c.obj
 .text._tu_fifo_write_n
                0x10006616       0xf0 CMakeFiles/Ex_4_EEPROM.dir/Users/amerilain/pico/pico-sdk/lib/tinyusb/src/common/tusb_fifo.c.obj
 .text.tu_fifo_config
                0x10006706       0x7c CMakeFiles/Ex_4_EEPROM.dir/Users/amerilain/pico/pico-sdk/lib/tinyusb/src/common/tusb_fifo.c.obj
                0x10006706                tu_fifo_config
 .text.tu_fifo_count
                0x10006782       0x2a CMakeFiles/Ex_4_EEPROM.dir/Users/amerilain/pico/pico-sdk/lib/tinyusb/src/common/tusb_fifo.c.obj
                0x10006782                tu_fifo_count
 .text.tu_fifo_empty
                0x100067ac        0xe CMakeFiles/Ex_4_EEPROM.dir/Users/amerilain/pico/pico-sdk/lib/tinyusb/src/common/tusb_fifo.c.obj
                0x100067ac                tu_fifo_empty
 .text.tu_fifo_full
                0x100067ba       0x28 CMakeFiles/Ex_4_EEPROM.dir/Users/amerilain/pico/pico-sdk/lib/tinyusb/src/common/tusb_fifo.c.obj
                0x100067ba                tu_fifo_full
 .text.tu_fifo_remaining
                0x100067e2       0x2c CMakeFiles/Ex_4_EEPROM.dir/Users/amerilain/pico/pico-sdk/lib/tinyusb/src/common/tusb_fifo.c.obj
                0x100067e2                tu_fifo_remaining
 .text.tu_fifo_read
                0x1000680e       0x42 CMakeFiles/Ex_4_EEPROM.dir/Users/amerilain/pico/pico-sdk/lib/tinyusb/src/common/tusb_fifo.c.obj
                0x1000680e                tu_fifo_read
 .text.tu_fifo_read_n
                0x10006850        0xa CMakeFiles/Ex_4_EEPROM.dir/Users/amerilain/pico/pico-sdk/lib/tinyusb/src/common/tusb_fifo.c.obj
                0x10006850                tu_fifo_read_n
 .text.tu_fifo_write
                0x1000685a       0x64 CMakeFiles/Ex_4_EEPROM.dir/Users/amerilain/pico/pico-sdk/lib/tinyusb/src/common/tusb_fifo.c.obj
                0x1000685a                tu_fifo_write
 .text.tu_fifo_write_n
                0x100068be        0xa CMakeFiles/Ex_4_EEPROM.dir/Users/amerilain/pico/pico-sdk/lib/tinyusb/src/common/tusb_fifo.c.obj
                0x100068be                tu_fifo_write_n
 .text.tu_fifo_clear
                0x100068c8       0x3e CMakeFiles/Ex_4_EEPROM.dir/Users/amerilain/pico/pico-sdk/lib/tinyusb/src/common/tusb_fifo.c.obj
                0x100068c8                tu_fifo_clear
 .text.tu_fifo_set_overwritable
                0x10006906       0x46 CMakeFiles/Ex_4_EEPROM.dir/Users/amerilain/pico/pico-sdk/lib/tinyusb/src/common/tusb_fifo.c.obj
                0x10006906                tu_fifo_set_overwritable
 .text.i2c_write_blocking_internal
                0x1000694c      0x146 CMakeFiles/Ex_4_EEPROM.dir/Users/amerilain/pico/pico-sdk/src/rp2_common/hardware_i2c/i2c.c.obj
 .text.i2c_read_blocking_internal
                0x10006a92       0xe6 CMakeFiles/Ex_4_EEPROM.dir/Users/amerilain/pico/pico-sdk/src/rp2_common/hardware_i2c/i2c.c.obj
 .text.i2c_set_baudrate
                0x10006b78       0xf0 CMakeFiles/Ex_4_EEPROM.dir/Users/amerilain/pico/pico-sdk/src/rp2_common/hardware_i2c/i2c.c.obj
                0x10006b78                i2c_set_baudrate
 .text.i2c_init
                0x10006c68       0x58 CMakeFiles/Ex_4_EEPROM.dir/Users/amerilain/pico/pico-sdk/src/rp2_common/hardware_i2c/i2c.c.obj
                0x10006c68                i2c_init
 .text.i2c_write_blocking
                0x10006cc0       0x18 CMakeFiles/Ex_4_EEPROM.dir/Users/amerilain/pico/pico-sdk/src/rp2_common/hardware_i2c/i2c.c.obj
                0x10006cc0                i2c_write_blocking
 .text.i2c_read_blocking
                0x10006cd8       0x18 CMakeFiles/Ex_4_EEPROM.dir/Users/amerilain/pico/pico-sdk/src/rp2_common/hardware_i2c/i2c.c.obj
                0x10006cd8                i2c_read_blocking
 .text.strlen   0x10006cf0       0x5c /Applications/ArmGNUToolchain/12.3.rel1/arm-none-eabi/bin/../lib/gcc/arm-none-eabi/12.3.1/../../../../arm-none-eabi/lib/thumb/v6-m/nofp/libg.a(libc_a-strlen-stub.o)
                0x10006cf0                strlen
 *(.fini)
 .fini          0x10006d4c        0x4 /Applications/ArmGNUToolchain/12.3.rel1/arm-none-eabi/bin/../lib/gcc/arm-none-eabi/12.3.1/thumb/v6-m/nofp/crti.o
                0x10006d4c                _fini
 .fini.__stub   0x10006d50       0xe0 linker stubs
 *crtbegin.o(.ctors)
 *crtbegin?.o(.ctors)
 *(EXCLUDE_FILE(*crtend.o *crtend?.o) .ctors)
 *(SORT_BY_NAME(.ctors.*))
 *(.ctors)
 *crtbegin.o(.dtors)
 *crtbegin?.o(.dtors)
 *(EXCLUDE_FILE(*crtend.o *crtend?.o) .dtors)
 *(SORT_BY_NAME(.dtors.*))
 *(.dtors)
 *(.eh_frame*)
 .eh_frame      0x10006e30        0x0 /Applications/ArmGNUToolchain/12.3.rel1/arm-none-eabi/bin/../lib/gcc/arm-none-eabi/12.3.1/thumb/v6-m/nofp/crtbegin.o
                0x10006e30                        . = ALIGN (0x4)

.glue_7         0x10006e30        0x0
 .glue_7        0x10006e30        0x0 linker stubs

.glue_7t        0x10006e30        0x0
 .glue_7t       0x10006e30        0x0 linker stubs

.vfp11_veneer   0x10006e30        0x0
 .vfp11_veneer  0x10006e30        0x0 linker stubs

.v4_bx          0x10006e30        0x0
 .v4_bx         0x10006e30        0x0 linker stubs

.iplt           0x10006e30        0x0
 .iplt          0x10006e30        0x0 /Applications/ArmGNUToolchain/12.3.rel1/arm-none-eabi/bin/../lib/gcc/arm-none-eabi/12.3.1/thumb/v6-m/nofp/crtbegin.o

.rodata         0x10006e30     0x1640
 *(EXCLUDE_FILE(*libm.a: *libc.a:*lib_a-mem*.o *libgcc.a:) .rodata*)
 .rodata.update_us_since_boot.str1.4
                0x10006e30       0x65 CMakeFiles/Ex_4_EEPROM.dir/main.c.obj
 *fill*         0x10006e95        0x3 
 .rodata.init_i2c.str1.4
                0x10006e98       0x10 CMakeFiles/Ex_4_EEPROM.dir/main.c.obj
 .rodata.main.str1.4
                0x10006ea8       0x3f CMakeFiles/Ex_4_EEPROM.dir/main.c.obj
 *fill*         0x10006ee7        0x1 
 .rodata.__func__.0
                0x10006ee8       0x15 CMakeFiles/Ex_4_EEPROM.dir/main.c.obj
 *fill*         0x10006efd        0x3 
 .rodata        0x10006f00        0x3 CMakeFiles/Ex_4_EEPROM.dir/main.c.obj
 *fill*         0x10006f03        0x1 
 .rodata.spin_lock_claim_unused.str1.4
                0x10006f04       0x1b CMakeFiles/Ex_4_EEPROM.dir/Users/amerilain/pico/pico-sdk/src/rp2_common/hardware_sync/sync.c.obj
 *fill*         0x10006f1f        0x1 
 .rodata.resolve_branch.str1.4
                0x10006f20       0x59 CMakeFiles/Ex_4_EEPROM.dir/Users/amerilain/pico/pico-sdk/src/rp2_common/hardware_irq/irq.c.obj
 *fill*         0x10006f79        0x3 
 .rodata.make_branch.str1.4
                0x10006f7c       0x30 CMakeFiles/Ex_4_EEPROM.dir/Users/amerilain/pico/pico-sdk/src/rp2_common/hardware_irq/irq.c.obj
 .rodata.insert_branch_and_link.str1.4
                0x10006fac       0x10 CMakeFiles/Ex_4_EEPROM.dir/Users/amerilain/pico/pico-sdk/src/rp2_common/hardware_irq/irq.c.obj
 .rodata.irq_set_exclusive_handler.str1.4
                0x10006fbc       0x36 CMakeFiles/Ex_4_EEPROM.dir/Users/amerilain/pico/pico-sdk/src/rp2_common/hardware_irq/irq.c.obj
 *fill*         0x10006ff2        0x2 
 .rodata.irq_add_shared_handler.str1.4
                0x10006ff4       0xc2 CMakeFiles/Ex_4_EEPROM.dir/Users/amerilain/pico/pico-sdk/src/rp2_common/hardware_irq/irq.c.obj
 *fill*         0x100070b6        0x2 
 .rodata.irq_remove_handler.str1.4
                0x100070b8       0x3a CMakeFiles/Ex_4_EEPROM.dir/Users/amerilain/pico/pico-sdk/src/rp2_common/hardware_irq/irq.c.obj
 *fill*         0x100070f2        0x2 
 .rodata.irq_add_tail_to_free_list.str1.4
                0x100070f4       0x3a CMakeFiles/Ex_4_EEPROM.dir/Users/amerilain/pico/pico-sdk/src/rp2_common/hardware_irq/irq.c.obj
 *fill*         0x1000712e        0x2 
 .rodata.user_irq_claim_unused.str1.4
                0x10007130       0x1b CMakeFiles/Ex_4_EEPROM.dir/Users/amerilain/pico/pico-sdk/src/rp2_common/hardware_irq/irq.c.obj
 *fill*         0x1000714b        0x1 
 .rodata.__func__.0
                0x1000714c       0x1a CMakeFiles/Ex_4_EEPROM.dir/Users/amerilain/pico/pico-sdk/src/rp2_common/hardware_irq/irq.c.obj
 *fill*         0x10007166        0x2 
 .rodata.__func__.1
                0x10007168       0x17 CMakeFiles/Ex_4_EEPROM.dir/Users/amerilain/pico/pico-sdk/src/rp2_common/hardware_irq/irq.c.obj
 *fill*         0x1000717f        0x1 
 .rodata.__func__.2
                0x10007180       0x13 CMakeFiles/Ex_4_EEPROM.dir/Users/amerilain/pico/pico-sdk/src/rp2_common/hardware_irq/irq.c.obj
 *fill*         0x10007193        0x1 
 .rodata.__func__.3
                0x10007194        0xc CMakeFiles/Ex_4_EEPROM.dir/Users/amerilain/pico/pico-sdk/src/rp2_common/hardware_irq/irq.c.obj
 .rodata.__func__.4
                0x100071a0        0xf CMakeFiles/Ex_4_EEPROM.dir/Users/amerilain/pico/pico-sdk/src/rp2_common/hardware_irq/irq.c.obj
 *fill*         0x100071af        0x1 
 .rodata.__func__.5
                0x100071b0       0x17 CMakeFiles/Ex_4_EEPROM.dir/Users/amerilain/pico/pico-sdk/src/rp2_common/hardware_irq/irq.c.obj
 *fill*         0x100071c7        0x1 
 .rodata.__func__.6
                0x100071c8       0x1a CMakeFiles/Ex_4_EEPROM.dir/Users/amerilain/pico/pico-sdk/src/rp2_common/hardware_irq/irq.c.obj
 .rodata.update_us_since_boot.str1.4
                0x100071e2       0x65 CMakeFiles/Ex_4_EEPROM.dir/Users/amerilain/pico/pico-sdk/src/common/pico_sync/mutex.c.obj
 *fill*         0x100071e2        0x2 
 .rodata.str1.4
                0x100071e4       0x8d CMakeFiles/Ex_4_EEPROM.dir/Users/amerilain/pico/pico-sdk/src/common/pico_sync/mutex.c.obj
 *fill*         0x10007271        0x3 
 .rodata.__func__.1
                0x10007274        0xb CMakeFiles/Ex_4_EEPROM.dir/Users/amerilain/pico/pico-sdk/src/common/pico_sync/mutex.c.obj
 *fill*         0x1000727f        0x1 
 .rodata.__func__.3
                0x10007280       0x18 CMakeFiles/Ex_4_EEPROM.dir/Users/amerilain/pico/pico-sdk/src/common/pico_sync/mutex.c.obj
 .rodata.__func__.4
                0x10007298       0x15 CMakeFiles/Ex_4_EEPROM.dir/Users/amerilain/pico/pico-sdk/src/common/pico_sync/mutex.c.obj
 *fill*         0x100072ad        0x3 
 .rodata.get_entry.str1.4
                0x100072b0       0x5f CMakeFiles/Ex_4_EEPROM.dir/Users/amerilain/pico/pico-sdk/src/common/pico_time/time.c.obj
 .rodata.update_us_since_boot.str1.4
                0x1000730f       0x65 CMakeFiles/Ex_4_EEPROM.dir/Users/amerilain/pico/pico-sdk/src/common/pico_time/time.c.obj
 *fill*         0x1000730f        0x1 
 .rodata.ph_get_node.str1.4
                0x10007310       0x6a CMakeFiles/Ex_4_EEPROM.dir/Users/amerilain/pico/pico-sdk/src/common/pico_time/time.c.obj
 *fill*         0x1000737a        0x2 
 .rodata.ph_add_child_node.str1.4
                0x1000737c       0x2e CMakeFiles/Ex_4_EEPROM.dir/Users/amerilain/pico/pico-sdk/src/common/pico_time/time.c.obj
 *fill*         0x100073aa        0x2 
 .rodata.ph_insert_node.str1.4
                0x100073ac        0x3 CMakeFiles/Ex_4_EEPROM.dir/Users/amerilain/pico/pico-sdk/src/common/pico_time/time.c.obj
 *fill*         0x100073af        0x1 
 .rodata.ph_free_node.str1.4
                0x100073b0       0x38 CMakeFiles/Ex_4_EEPROM.dir/Users/amerilain/pico/pico-sdk/src/common/pico_time/time.c.obj
 .rodata.add_alarm_under_lock.str1.4
                0x100073e8       0x28 CMakeFiles/Ex_4_EEPROM.dir/Users/amerilain/pico/pico-sdk/src/common/pico_time/time.c.obj
 .rodata.alarm_pool_alarm_callback.str1.4
                0x10007410       0x60 CMakeFiles/Ex_4_EEPROM.dir/Users/amerilain/pico/pico-sdk/src/common/pico_time/time.c.obj
 .rodata.alarm_pool_get_default.str1.4
                0x10007470       0x21 CMakeFiles/Ex_4_EEPROM.dir/Users/amerilain/pico/pico-sdk/src/common/pico_time/time.c.obj
 *fill*         0x10007491        0x3 
 .rodata.alarm_pool_cancel_alarm.str1.4
                0x10007494       0x27 CMakeFiles/Ex_4_EEPROM.dir/Users/amerilain/pico/pico-sdk/src/common/pico_time/time.c.obj
 *fill*         0x100074bb        0x1 
 .rodata.sleep_until.str1.4
                0x100074bc       0x4d CMakeFiles/Ex_4_EEPROM.dir/Users/amerilain/pico/pico-sdk/src/common/pico_time/time.c.obj
 *fill*         0x10007509        0x3 
 .rodata.__func__.1
                0x1000750c       0x18 CMakeFiles/Ex_4_EEPROM.dir/Users/amerilain/pico/pico-sdk/src/common/pico_time/time.c.obj
 .rodata.__func__.3
                0x10007524       0x17 CMakeFiles/Ex_4_EEPROM.dir/Users/amerilain/pico/pico-sdk/src/common/pico_time/time.c.obj
 *fill*         0x1000753b        0x1 
 .rodata.__func__.4
                0x1000753c       0x12 CMakeFiles/Ex_4_EEPROM.dir/Users/amerilain/pico/pico-sdk/src/common/pico_time/time.c.obj
 *fill*         0x1000754e        0x2 
 .rodata.__func__.5
                0x10007550        0xd CMakeFiles/Ex_4_EEPROM.dir/Users/amerilain/pico/pico-sdk/src/common/pico_time/time.c.obj
 *fill*         0x1000755d        0x3 
 .rodata.__func__.6
                0x10007560       0x12 CMakeFiles/Ex_4_EEPROM.dir/Users/amerilain/pico/pico-sdk/src/common/pico_time/time.c.obj
 *fill*         0x10007572        0x2 
 .rodata.__func__.7
                0x10007574        0xf CMakeFiles/Ex_4_EEPROM.dir/Users/amerilain/pico/pico-sdk/src/common/pico_time/time.c.obj
 *fill*         0x10007583        0x1 
 .rodata.__func__.8
                0x10007584        0xc CMakeFiles/Ex_4_EEPROM.dir/Users/amerilain/pico/pico-sdk/src/common/pico_time/time.c.obj
 .rodata.__func__.9
                0x10007590       0x15 CMakeFiles/Ex_4_EEPROM.dir/Users/amerilain/pico/pico-sdk/src/common/pico_time/time.c.obj
 *fill*         0x100075a5        0x3 
 .rodata.__func__.10
                0x100075a8       0x15 CMakeFiles/Ex_4_EEPROM.dir/Users/amerilain/pico/pico-sdk/src/common/pico_time/time.c.obj
 *fill*         0x100075bd        0x3 
 .rodata.__func__.11
                0x100075c0       0x1a CMakeFiles/Ex_4_EEPROM.dir/Users/amerilain/pico/pico-sdk/src/common/pico_time/time.c.obj
 *fill*         0x100075da        0x2 
 .rodata.__func__.12
                0x100075dc        0xa CMakeFiles/Ex_4_EEPROM.dir/Users/amerilain/pico/pico-sdk/src/common/pico_time/time.c.obj
 *fill*         0x100075e6        0x2 
 .rodata.hardware_alarm_claim.str1.4
                0x100075e8       0x22 CMakeFiles/Ex_4_EEPROM.dir/Users/amerilain/pico/pico-sdk/src/rp2_common/hardware_timer/timer.c.obj
 *fill*         0x1000760a        0x2 
 .rodata.hardware_alarm_set_target.str1.4
                0x1000760c       0x69 CMakeFiles/Ex_4_EEPROM.dir/Users/amerilain/pico/pico-sdk/src/rp2_common/hardware_timer/timer.c.obj
 *fill*         0x10007675        0x3 
 .rodata.__func__.0
                0x10007678       0x1a CMakeFiles/Ex_4_EEPROM.dir/Users/amerilain/pico/pico-sdk/src/rp2_common/hardware_timer/timer.c.obj
 .rodata.ph_get_node.str1.4
                0x10007692       0x6a CMakeFiles/Ex_4_EEPROM.dir/Users/amerilain/pico/pico-sdk/src/common/pico_util/pheap.c.obj
 .rodata.ph_add_child_node.str1.4
                0x10007692       0x2e CMakeFiles/Ex_4_EEPROM.dir/Users/amerilain/pico/pico-sdk/src/common/pico_util/pheap.c.obj
 *fill*         0x10007692        0x2 
 .rodata.ph_remove_any_head.str1.4
                0x10007694       0x90 CMakeFiles/Ex_4_EEPROM.dir/Users/amerilain/pico/pico-sdk/src/common/pico_util/pheap.c.obj
                                 0xa4 (size before relaxing)
 .rodata.ph_remove_and_free_node.str1.4
                0x10007724       0x1e CMakeFiles/Ex_4_EEPROM.dir/Users/amerilain/pico/pico-sdk/src/common/pico_util/pheap.c.obj
                                 0x26 (size before relaxing)
 *fill*         0x10007742        0x2 
 .rodata.__func__.0
                0x10007744       0x18 CMakeFiles/Ex_4_EEPROM.dir/Users/amerilain/pico/pico-sdk/src/common/pico_util/pheap.c.obj
 .rodata.__func__.1
                0x1000775c       0x13 CMakeFiles/Ex_4_EEPROM.dir/Users/amerilain/pico/pico-sdk/src/common/pico_util/pheap.c.obj
 *fill*         0x1000776f        0x1 
 .rodata.__func__.2
                0x10007770       0x12 CMakeFiles/Ex_4_EEPROM.dir/Users/amerilain/pico/pico-sdk/src/common/pico_util/pheap.c.obj
 *fill*         0x10007782        0x2 
 .rodata.__func__.3
                0x10007784        0xc CMakeFiles/Ex_4_EEPROM.dir/Users/amerilain/pico/pico-sdk/src/common/pico_util/pheap.c.obj
 .rodata.clock_configure.str1.4
                0x10007790       0x5b CMakeFiles/Ex_4_EEPROM.dir/Users/amerilain/pico/pico-sdk/src/rp2_common/hardware_clocks/clocks.c.obj
 *fill*         0x100077eb        0x1 
 .rodata.__func__.1
                0x100077ec       0x10 CMakeFiles/Ex_4_EEPROM.dir/Users/amerilain/pico/pico-sdk/src/rp2_common/hardware_clocks/clocks.c.obj
 .rodata.pll_init.str1.4
                0x100077fc      0x128 CMakeFiles/Ex_4_EEPROM.dir/Users/amerilain/pico/pico-sdk/src/rp2_common/hardware_pll/pll.c.obj
 .rodata.__func__.0
                0x10007924        0x9 CMakeFiles/Ex_4_EEPROM.dir/Users/amerilain/pico/pico-sdk/src/rp2_common/hardware_pll/pll.c.obj
 *fill*         0x1000792d        0x3 
 .rodata.__assert_func.str1.4
                0x10007930       0x3f CMakeFiles/Ex_4_EEPROM.dir/Users/amerilain/pico/pico-sdk/src/rp2_common/pico_runtime/runtime.c.obj
                                 0x43 (size before relaxing)
 *fill*         0x1000796f        0x1 
 .rodata.runtime_init.str1.4
                0x10007970       0x65 CMakeFiles/Ex_4_EEPROM.dir/Users/amerilain/pico/pico-sdk/src/rp2_common/pico_runtime/runtime.c.obj
 *fill*         0x100079d5        0x3 
 .rodata.panic.str1.4
                0x100079d8       0x12 CMakeFiles/Ex_4_EEPROM.dir/Users/amerilain/pico/pico-sdk/src/rp2_common/pico_runtime/runtime.c.obj
 *fill*         0x100079ea        0x2 
 .rodata.__func__.2
                0x100079ec        0xd CMakeFiles/Ex_4_EEPROM.dir/Users/amerilain/pico/pico-sdk/src/rp2_common/pico_runtime/runtime.c.obj
 *fill*         0x100079f9        0x3 
 .rodata._ftoa.str1.4
                0x100079fc       0x15 CMakeFiles/Ex_4_EEPROM.dir/Users/amerilain/pico/pico-sdk/src/rp2_common/pico_printf/printf.c.obj
 *fill*         0x10007a11        0x3 
 .rodata._vsnprintf
                0x10007a14      0x19c CMakeFiles/Ex_4_EEPROM.dir/Users/amerilain/pico/pico-sdk/src/rp2_common/pico_printf/printf.c.obj
 .rodata.pow10.0
                0x10007bb0       0x50 CMakeFiles/Ex_4_EEPROM.dir/Users/amerilain/pico/pico-sdk/src/rp2_common/pico_printf/printf.c.obj
 .rodata.missing_double_func_shim.str1.4
                0x10007c00       0x18 CMakeFiles/Ex_4_EEPROM.dir/Users/amerilain/pico/pico-sdk/src/rp2_common/pico_double/double_init_rom.c.obj
 .rodata.__aeabi_double_init.str1.4
                0x10007c18       0xa0 CMakeFiles/Ex_4_EEPROM.dir/Users/amerilain/pico/pico-sdk/src/rp2_common/pico_double/double_init_rom.c.obj
 .rodata.__func__.0
                0x10007cb8       0x14 CMakeFiles/Ex_4_EEPROM.dir/Users/amerilain/pico/pico-sdk/src/rp2_common/pico_double/double_init_rom.c.obj
 .rodata.missing_float_func_shim.str1.4
                0x10007ccc        0x1 CMakeFiles/Ex_4_EEPROM.dir/Users/amerilain/pico/pico-sdk/src/rp2_common/pico_float/float_init_rom.c.obj
 .rodata.__aeabi_float_init.str1.4
                0x10007ccc       0x7e CMakeFiles/Ex_4_EEPROM.dir/Users/amerilain/pico/pico-sdk/src/rp2_common/pico_float/float_init_rom.c.obj
 *fill*         0x10007d4a        0x2 
 .rodata.__func__.0
                0x10007d4c       0x13 CMakeFiles/Ex_4_EEPROM.dir/Users/amerilain/pico/pico-sdk/src/rp2_common/pico_float/float_init_rom.c.obj
 *fill*         0x10007d5f        0x1 
 .rodata.str1.4
                0x10007d60       0x40 CMakeFiles/Ex_4_EEPROM.dir/Users/amerilain/pico/pico-sdk/src/rp2_common/pico_standard_link/binary_info.c.obj
 .rodata.__bi_81
                0x10007da0        0xc CMakeFiles/Ex_4_EEPROM.dir/Users/amerilain/pico/pico-sdk/src/rp2_common/pico_standard_link/binary_info.c.obj
 .rodata.__bi_75
                0x10007dac        0xc CMakeFiles/Ex_4_EEPROM.dir/Users/amerilain/pico/pico-sdk/src/rp2_common/pico_standard_link/binary_info.c.obj
 .rodata.__bi_44
                0x10007db8        0xc CMakeFiles/Ex_4_EEPROM.dir/Users/amerilain/pico/pico-sdk/src/rp2_common/pico_standard_link/binary_info.c.obj
 .rodata.update_us_since_boot.str1.4
                0x10007dc4       0x65 CMakeFiles/Ex_4_EEPROM.dir/Users/amerilain/pico/pico-sdk/src/rp2_common/pico_stdio/stdio.c.obj
 .rodata.crlf_str.2
                0x10007dc4        0x2 CMakeFiles/Ex_4_EEPROM.dir/Users/amerilain/pico/pico-sdk/src/rp2_common/pico_stdio/stdio.c.obj
 *fill*         0x10007dc6        0x2 
 .rodata.__func__.3
                0x10007dc8       0x15 CMakeFiles/Ex_4_EEPROM.dir/Users/amerilain/pico/pico-sdk/src/rp2_common/pico_stdio/stdio.c.obj
 *fill*         0x10007ddd        0x3 
 .rodata._resetd_driver
                0x10007de0       0x18 CMakeFiles/Ex_4_EEPROM.dir/Users/amerilain/pico/pico-sdk/src/rp2_common/pico_stdio_usb/reset_interface.c.obj
 .rodata.update_us_since_boot.str1.4
                0x10007df8       0x65 CMakeFiles/Ex_4_EEPROM.dir/Users/amerilain/pico/pico-sdk/src/rp2_common/pico_stdio_usb/stdio_usb.c.obj
 .rodata.stdio_usb_init.str1.4
                0x10007df8       0x49 CMakeFiles/Ex_4_EEPROM.dir/Users/amerilain/pico/pico-sdk/src/rp2_common/pico_stdio_usb/stdio_usb.c.obj
                                 0x51 (size before relaxing)
 *fill*         0x10007e41        0x3 
 .rodata.str1.4
                0x10007e44       0x13 CMakeFiles/Ex_4_EEPROM.dir/Users/amerilain/pico/pico-sdk/src/rp2_common/pico_stdio_usb/stdio_usb.c.obj
 *fill*         0x10007e57        0x1 
 .rodata.__bi_182.0
                0x10007e58        0xc CMakeFiles/Ex_4_EEPROM.dir/Users/amerilain/pico/pico-sdk/src/rp2_common/pico_stdio_usb/stdio_usb.c.obj
 .rodata.__func__.1
                0x10007e64        0xf CMakeFiles/Ex_4_EEPROM.dir/Users/amerilain/pico/pico-sdk/src/rp2_common/pico_stdio_usb/stdio_usb.c.obj
 *fill*         0x10007e73        0x1 
 .rodata.__func__.3
                0x10007e74       0x15 CMakeFiles/Ex_4_EEPROM.dir/Users/amerilain/pico/pico-sdk/src/rp2_common/pico_stdio_usb/stdio_usb.c.obj
 *fill*         0x10007e89        0x3 
 .rodata.str1.4
                0x10007e8c       0x2a CMakeFiles/Ex_4_EEPROM.dir/Users/amerilain/pico/pico-sdk/src/rp2_common/pico_stdio_usb/stdio_usb_descriptors.c.obj
 *fill*         0x10007eb6        0x2 
 .rodata.usbd_desc_str
                0x10007eb8       0x18 CMakeFiles/Ex_4_EEPROM.dir/Users/amerilain/pico/pico-sdk/src/rp2_common/pico_stdio_usb/stdio_usb_descriptors.c.obj
 .rodata.usbd_desc_cfg
                0x10007ed0       0x54 CMakeFiles/Ex_4_EEPROM.dir/Users/amerilain/pico/pico-sdk/src/rp2_common/pico_stdio_usb/stdio_usb_descriptors.c.obj
 .rodata.usbd_desc_device
                0x10007f24       0x12 CMakeFiles/Ex_4_EEPROM.dir/Users/amerilain/pico/pico-sdk/src/rp2_common/pico_stdio_usb/stdio_usb_descriptors.c.obj
 *fill*         0x10007f36        0x2 
 .rodata.pico_get_unique_board_id_string.str1.4
                0x10007f38       0x51 CMakeFiles/Ex_4_EEPROM.dir/Users/amerilain/pico/pico-sdk/src/rp2_common/pico_unique_id/unique_id.c.obj
 *fill*         0x10007f89        0x3 
 .rodata.__func__.0
                0x10007f8c       0x20 CMakeFiles/Ex_4_EEPROM.dir/Users/amerilain/pico/pico-sdk/src/rp2_common/pico_unique_id/unique_id.c.obj
 .rodata.str1.4
                0x10007fac      0x15e CMakeFiles/Ex_4_EEPROM.dir/Users/amerilain/pico/pico-sdk/src/rp2_common/hardware_flash/flash.c.obj
 *fill*         0x1000810a        0x2 
 .rodata.__func__.0
                0x1000810c        0xd CMakeFiles/Ex_4_EEPROM.dir/Users/amerilain/pico/pico-sdk/src/rp2_common/hardware_flash/flash.c.obj
 *fill*         0x10008119        0x3 
 .rodata._hw_endpoint_alloc.str1.4
                0x1000811c       0xb9 CMakeFiles/Ex_4_EEPROM.dir/Users/amerilain/pico/pico-sdk/lib/tinyusb/src/portable/raspberrypi/rp2040/dcd_rp2040.c.obj
 *fill*         0x100081d5        0x3 
 .rodata.str1.4
                0x100081d8       0x14 CMakeFiles/Ex_4_EEPROM.dir/Users/amerilain/pico/pico-sdk/lib/tinyusb/src/portable/raspberrypi/rp2040/dcd_rp2040.c.obj
 .rodata.dcd_int_enable.str1.4
                0x100081ec        0xc CMakeFiles/Ex_4_EEPROM.dir/Users/amerilain/pico/pico-sdk/lib/tinyusb/src/portable/raspberrypi/rp2040/dcd_rp2040.c.obj
 .rodata.__func__.0
                0x100081f8        0xe CMakeFiles/Ex_4_EEPROM.dir/Users/amerilain/pico/pico-sdk/lib/tinyusb/src/portable/raspberrypi/rp2040/dcd_rp2040.c.obj
 *fill*         0x10008206        0x2 
 .rodata.__func__.1
                0x10008208        0xe CMakeFiles/Ex_4_EEPROM.dir/Users/amerilain/pico/pico-sdk/lib/tinyusb/src/portable/raspberrypi/rp2040/dcd_rp2040.c.obj
 *fill*         0x10008216        0x2 
 .rodata.__func__.3
                0x10008218       0x10 CMakeFiles/Ex_4_EEPROM.dir/Users/amerilain/pico/pico-sdk/lib/tinyusb/src/portable/raspberrypi/rp2040/dcd_rp2040.c.obj
 .rodata.__func__.5
                0x10008228        0xf CMakeFiles/Ex_4_EEPROM.dir/Users/amerilain/pico/pico-sdk/lib/tinyusb/src/portable/raspberrypi/rp2040/dcd_rp2040.c.obj
 *fill*         0x10008237        0x1 
 .rodata.__func__.6
                0x10008238       0x13 CMakeFiles/Ex_4_EEPROM.dir/Users/amerilain/pico/pico-sdk/lib/tinyusb/src/portable/raspberrypi/rp2040/dcd_rp2040.c.obj
 *fill*         0x1000824b        0x1 
 .rodata.__func__.7
                0x1000824c        0x9 CMakeFiles/Ex_4_EEPROM.dir/Users/amerilain/pico/pico-sdk/lib/tinyusb/src/portable/raspberrypi/rp2040/dcd_rp2040.c.obj
 *fill*         0x10008255        0x3 
 .rodata.str1.4
                0x10008258       0xeb CMakeFiles/Ex_4_EEPROM.dir/Users/amerilain/pico/pico-sdk/lib/tinyusb/src/portable/raspberrypi/rp2040/rp2040_usb.c.obj
 *fill*         0x10008343        0x1 
 .rodata.__func__.0
                0x10008344        0xf CMakeFiles/Ex_4_EEPROM.dir/Users/amerilain/pico/pico-sdk/lib/tinyusb/src/portable/raspberrypi/rp2040/rp2040_usb.c.obj
 *fill*         0x10008353        0x1 
 .rodata.process_get_descriptor
                0x10008354       0x40 CMakeFiles/Ex_4_EEPROM.dir/Users/amerilain/pico/pico-sdk/lib/tinyusb/src/device/usbd.c.obj
 .rodata.process_control_request
                0x10008394       0x28 CMakeFiles/Ex_4_EEPROM.dir/Users/amerilain/pico/pico-sdk/lib/tinyusb/src/device/usbd.c.obj
 .rodata.tud_task_ext
                0x100083bc       0x24 CMakeFiles/Ex_4_EEPROM.dir/Users/amerilain/pico/pico-sdk/lib/tinyusb/src/device/usbd.c.obj
 .rodata._usbd_driver
                0x100083e0       0x18 CMakeFiles/Ex_4_EEPROM.dir/Users/amerilain/pico/pico-sdk/lib/tinyusb/src/device/usbd.c.obj
 .rodata.i2c_set_baudrate.str1.4
                0x100083f8       0x61 CMakeFiles/Ex_4_EEPROM.dir/Users/amerilain/pico/pico-sdk/src/rp2_common/hardware_i2c/i2c.c.obj
 *fill*         0x10008459        0x3 
 .rodata.__func__.0
                0x1000845c       0x11 CMakeFiles/Ex_4_EEPROM.dir/Users/amerilain/pico/pico-sdk/src/rp2_common/hardware_i2c/i2c.c.obj
                0x10008470                        . = ALIGN (0x4)
 *fill*         0x1000846d        0x3 
 *(SORT_BY_ALIGNMENT(SORT_BY_NAME(.flashdata*)))
                0x10008470                        . = ALIGN (0x4)

.ARM.extab
 *(.ARM.extab* .gnu.linkonce.armextab.*)
                0x10008470                        __exidx_start = .

.ARM.exidx
 *(.ARM.exidx* .gnu.linkonce.armexidx.*)
                0x10008470                        __exidx_end = .
                0x10008470                        . = ALIGN (0x4)
                0x10008470                        __binary_info_start = .

.binary_info    0x10008470       0x20
 *(.binary_info.keep.*)
 .binary_info.keep.__bi_ptr81
                0x10008470        0x4 CMakeFiles/Ex_4_EEPROM.dir/Users/amerilain/pico/pico-sdk/src/rp2_common/pico_standard_link/binary_info.c.obj
 .binary_info.keep.__bi_ptr75
                0x10008474        0x4 CMakeFiles/Ex_4_EEPROM.dir/Users/amerilain/pico/pico-sdk/src/rp2_common/pico_standard_link/binary_info.c.obj
 .binary_info.keep.__bi_ptr50
                0x10008478        0x4 CMakeFiles/Ex_4_EEPROM.dir/Users/amerilain/pico/pico-sdk/src/rp2_common/pico_standard_link/binary_info.c.obj
 .binary_info.keep.__bi_ptr44
                0x1000847c        0x4 CMakeFiles/Ex_4_EEPROM.dir/Users/amerilain/pico/pico-sdk/src/rp2_common/pico_standard_link/binary_info.c.obj
 .binary_info.keep.__bi_ptr38
                0x10008480        0x4 CMakeFiles/Ex_4_EEPROM.dir/Users/amerilain/pico/pico-sdk/src/rp2_common/pico_standard_link/binary_info.c.obj
 .binary_info.keep.__bi_ptr30
                0x10008484        0x4 CMakeFiles/Ex_4_EEPROM.dir/Users/amerilain/pico/pico-sdk/src/rp2_common/pico_standard_link/binary_info.c.obj
 .binary_info.keep.__bi_ptr22
                0x10008488        0x4 CMakeFiles/Ex_4_EEPROM.dir/Users/amerilain/pico/pico-sdk/src/rp2_common/pico_standard_link/binary_info.c.obj
 *(.binary_info.*)
 .binary_info.__bi_ptr182
                0x1000848c        0x4 CMakeFiles/Ex_4_EEPROM.dir/Users/amerilain/pico/pico-sdk/src/rp2_common/pico_stdio_usb/stdio_usb.c.obj
                0x10008490                        __binary_info_end = .

.rel.dyn        0x10008490        0x0
 .rel.iplt      0x10008490        0x0 /Applications/ArmGNUToolchain/12.3.rel1/arm-none-eabi/bin/../lib/gcc/arm-none-eabi/12.3.1/thumb/v6-m/nofp/crtbegin.o
                0x10008490                        . = ALIGN (0x4)

.ram_vector_table
                0x20000000       0xc0
 *(.ram_vector_table)
 .ram_vector_table
                0x20000000       0xc0 CMakeFiles/Ex_4_EEPROM.dir/Users/amerilain/pico/pico-sdk/src/rp2_common/pico_runtime/runtime.c.obj
                0x20000000                ram_vector_table

.data           0x200000c0      0xb38 load address 0x10008490
                0x200000c0                        __data_start__ = .
 *(vtable)
 *(.time_critical*)
 .time_critical.mutex_try_enter
                0x200000c0       0x46 CMakeFiles/Ex_4_EEPROM.dir/Users/amerilain/pico/pico-sdk/src/common/pico_sync/mutex.c.obj
                0x200000c0                mutex_try_enter
 *fill*         0x20000106        0x2 
 .time_critical.mutex_enter_block_until
                0x20000108       0x8c CMakeFiles/Ex_4_EEPROM.dir/Users/amerilain/pico/pico-sdk/src/common/pico_sync/mutex.c.obj
                0x20000108                mutex_enter_block_until
 .time_critical.mutex_try_enter_block_until
                0x20000194       0x34 CMakeFiles/Ex_4_EEPROM.dir/Users/amerilain/pico/pico-sdk/src/common/pico_sync/mutex.c.obj
                0x20000194                mutex_try_enter_block_until
 .time_critical.mutex_enter_timeout_ms
                0x200001c8       0x1a CMakeFiles/Ex_4_EEPROM.dir/Users/amerilain/pico/pico-sdk/src/common/pico_sync/mutex.c.obj
                0x200001c8                mutex_enter_timeout_ms
 *fill*         0x200001e2        0x2 
 .time_critical.mutex_exit
                0x200001e4       0x4c CMakeFiles/Ex_4_EEPROM.dir/Users/amerilain/pico/pico-sdk/src/common/pico_sync/mutex.c.obj
                0x200001e4                mutex_exit
 .time_critical.flash_init_boot2_copyout
                0x20000230       0x30 CMakeFiles/Ex_4_EEPROM.dir/Users/amerilain/pico/pico-sdk/src/rp2_common/hardware_flash/flash.c.obj
 .time_critical.flash_enable_xip_via_boot2
                0x20000260        0xc CMakeFiles/Ex_4_EEPROM.dir/Users/amerilain/pico/pico-sdk/src/rp2_common/hardware_flash/flash.c.obj
 .time_critical.flash_cs_force
                0x2000026c       0x28 CMakeFiles/Ex_4_EEPROM.dir/Users/amerilain/pico/pico-sdk/src/rp2_common/hardware_flash/flash.c.obj
 .time_critical.flash_do_cmd
                0x20000294       0xd8 CMakeFiles/Ex_4_EEPROM.dir/Users/amerilain/pico/pico-sdk/src/rp2_common/hardware_flash/flash.c.obj
                0x20000294                flash_do_cmd
 .time_critical.reset_non_control_endpoints
                0x2000036c       0x40 CMakeFiles/Ex_4_EEPROM.dir/Users/amerilain/pico/pico-sdk/lib/tinyusb/src/portable/raspberrypi/rp2040/dcd_rp2040.c.obj
 .time_critical.hw_handle_buff_status
                0x200003ac       0xa4 CMakeFiles/Ex_4_EEPROM.dir/Users/amerilain/pico/pico-sdk/lib/tinyusb/src/portable/raspberrypi/rp2040/dcd_rp2040.c.obj
 .time_critical.dcd_rp2040_irq
                0x20000450      0x1b8 CMakeFiles/Ex_4_EEPROM.dir/Users/amerilain/pico/pico-sdk/lib/tinyusb/src/portable/raspberrypi/rp2040/dcd_rp2040.c.obj
 .time_critical.e15_is_bulkin_ep
                0x20000608       0x2c CMakeFiles/Ex_4_EEPROM.dir/Users/amerilain/pico/pico-sdk/lib/tinyusb/src/portable/raspberrypi/rp2040/rp2040_usb.c.obj
 .time_critical.e15_is_critical_frame_period
                0x20000634       0x30 CMakeFiles/Ex_4_EEPROM.dir/Users/amerilain/pico/pico-sdk/lib/tinyusb/src/portable/raspberrypi/rp2040/rp2040_usb.c.obj
 .time_critical.prepare_ep_buffer
                0x20000664       0x6c CMakeFiles/Ex_4_EEPROM.dir/Users/amerilain/pico/pico-sdk/lib/tinyusb/src/portable/raspberrypi/rp2040/rp2040_usb.c.obj
 .time_critical.sync_ep_buffer
                0x200006d0       0x7c CMakeFiles/Ex_4_EEPROM.dir/Users/amerilain/pico/pico-sdk/lib/tinyusb/src/portable/raspberrypi/rp2040/rp2040_usb.c.obj
 .time_critical._hw_endpoint_xfer_sync
                0x2000074c       0x28 CMakeFiles/Ex_4_EEPROM.dir/Users/amerilain/pico/pico-sdk/lib/tinyusb/src/portable/raspberrypi/rp2040/rp2040_usb.c.obj
 .time_critical.hw_endpoint_reset_transfer
                0x20000774        0xc CMakeFiles/Ex_4_EEPROM.dir/Users/amerilain/pico/pico-sdk/lib/tinyusb/src/portable/raspberrypi/rp2040/rp2040_usb.c.obj
                0x20000774                hw_endpoint_reset_transfer
 .time_critical._hw_endpoint_buffer_control_update32
                0x20000780       0x58 CMakeFiles/Ex_4_EEPROM.dir/Users/amerilain/pico/pico-sdk/lib/tinyusb/src/portable/raspberrypi/rp2040/rp2040_usb.c.obj
                0x20000780                _hw_endpoint_buffer_control_update32
 .time_critical.hw_endpoint_start_next_buffer
                0x200007d8       0x7c CMakeFiles/Ex_4_EEPROM.dir/Users/amerilain/pico/pico-sdk/lib/tinyusb/src/portable/raspberrypi/rp2040/rp2040_usb.c.obj
                0x200007d8                hw_endpoint_start_next_buffer
 .time_critical.hw_endpoint_xfer_continue
                0x20000854       0x50 CMakeFiles/Ex_4_EEPROM.dir/Users/amerilain/pico/pico-sdk/lib/tinyusb/src/portable/raspberrypi/rp2040/rp2040_usb.c.obj
                0x20000854                hw_endpoint_xfer_continue
 .time_critical.tinyusb
                0x200008a4      0x1ac CMakeFiles/Ex_4_EEPROM.dir/Users/amerilain/pico/pico-sdk/lib/tinyusb/src/device/usbd.c.obj
                0x200008a4                dcd_event_handler
 *(.text*)
 .text          0x20000a50        0x4 /Applications/ArmGNUToolchain/12.3.rel1/arm-none-eabi/bin/../lib/gcc/arm-none-eabi/12.3.1/thumb/v6-m/nofp/libgcc.a(_dvmd_tls.o)
                0x20000a50                __aeabi_ldiv0
                0x20000a50                __aeabi_idiv0
 *fill*         0x20000a54        0x4 
 .text.__stub   0x20000a58       0xa0 linker stubs
                0x20000af8                        . = ALIGN (0x4)
 *(.rodata*)