Archive member included to satisfy reference by file (symbol)

/Applications/ArmGNUToolchain/12.3.rel1/arm-none-eabi/bin/../lib/gcc/arm-none-eabi/12.3.1/thumb/v6-m/nofp/libgcc.a(_dvmd_tls.o)
                              CMakeFiles/Ex_4_EEPROM.dir/Users/amerilain/pico/pico-sdk/src/rp2_common/pico_divider/divider.S.obj (__aeabi_idiv0)
/Applications/ArmGNUToolchain/12.3.rel1/arm-none-eabi/bin/../lib/gcc/arm-none-eabi/12.3.1/../../../../arm-none-eabi/lib/thumb/v6-m/nofp/libg.a(libc_a-calloc.o)
                              CMakeFiles/Ex_4_EEPROM.dir/Users/amerilain/pico/pico-sdk/src/rp2_common/pico_malloc/pico_malloc.c.obj (calloc)
/Applications/ArmGNUToolchain/12.3.rel1/arm-none-eabi/bin/../lib/gcc/arm-none-eabi/12.3.1/../../../../arm-none-eabi/lib/thumb/v6-m/nofp/libg.a(libc_a-callocr.o)
                              /Applications/ArmGNUToolchain/12.3.rel1/arm-none-eabi/bin/../lib/gcc/arm-none-eabi/12.3.1/../../../../arm-none-eabi/lib/thumb/v6-m/nofp/libg.a(libc_a-calloc.o) (_calloc_r)
/Applications/ArmGNUToolchain/12.3.rel1/arm-none-eabi/bin/../lib/gcc/arm-none-eabi/12.3.1/../../../../arm-none-eabi/lib/thumb/v6-m/nofp/libg.a(libc_a-malloc.o)
                              CMakeFiles/Ex_4_EEPROM.dir/Users/amerilain/pico/pico-sdk/src/rp2_common/pico_malloc/pico_malloc.c.obj (malloc)
/Applications/ArmGNUToolchain/12.3.rel1/arm-none-eabi/bin/../lib/gcc/arm-none-eabi/12.3.1/../../../../arm-none-eabi/lib/thumb/v6-m/nofp/libg.a(libc_a-mallocr.o)
                              /Applications/ArmGNUToolchain/12.3.rel1/arm-none-eabi/bin/../lib/gcc/arm-none-eabi/12.3.1/../../../../arm-none-eabi/lib/thumb/v6-m/nofp/libg.a(libc_a-callocr.o) (_malloc_r)
/Applications/ArmGNUToolchain/12.3.rel1/arm-none-eabi/bin/../lib/gcc/arm-none-eabi/12.3.1/../../../../arm-none-eabi/lib/thumb/v6-m/nofp/libg.a(libc_a-mlock.o)
                              /Applications/ArmGNUToolchain/12.3.rel1/arm-none-eabi/bin/../lib/gcc/arm-none-eabi/12.3.1/../../../../arm-none-eabi/lib/thumb/v6-m/nofp/libg.a(libc_a-mallocr.o) (__malloc_lock)
/Applications/ArmGNUToolchain/12.3.rel1/arm-none-eabi/bin/../lib/gcc/arm-none-eabi/12.3.1/../../../../arm-none-eabi/lib/thumb/v6-m/nofp/libg.a(libc_a-realloc.o)
                              CMakeFiles/Ex_4_EEPROM.dir/Users/amerilain/pico/pico-sdk/src/rp2_common/pico_malloc/pico_malloc.c.obj (realloc)
/Applications/ArmGNUToolchain/12.3.rel1/arm-none-eabi/bin/../lib/gcc/arm-none-eabi/12.3.1/../../../../arm-none-eabi/lib/thumb/v6-m/nofp/libg.a(libc_a-reallocr.o)
                              /Applications/ArmGNUToolchain/12.3.rel1/arm-none-eabi/bin/../lib/gcc/arm-none-eabi/12.3.1/../../../../arm-none-eabi/lib/thumb/v6-m/nofp/libg.a(libc_a-realloc.o) (_realloc_r)
/Applications/ArmGNUToolchain/12.3.rel1/arm-none-eabi/bin/../lib/gcc/arm-none-eabi/12.3.1/../../../../arm-none-eabi/lib/thumb/v6-m/nofp/libg.a(libc_a-memmove.o)
                              /Applications/ArmGNUToolchain/12.3.rel1/arm-none-eabi/bin/../lib/gcc/arm-none-eabi/12.3.1/../../../../arm-none-eabi/lib/thumb/v6-m/nofp/libg.a(libc_a-reallocr.o) (memmove)
/Applications/ArmGNUToolchain/12.3.rel1/arm-none-eabi/bin/../lib/gcc/arm-none-eabi/12.3.1/../../../../arm-none-eabi/lib/thumb/v6-m/nofp/libg.a(libc_a-impure.o)
                              /Applications/ArmGNUToolchain/12.3.rel1/arm-none-eabi/bin/../lib/gcc/arm-none-eabi/12.3.1/../../../../arm-none-eabi/lib/thumb/v6-m/nofp/libg.a(libc_a-calloc.o) (_impure_ptr)
/Applications/ArmGNUToolchain/12.3.rel1/arm-none-eabi/bin/../lib/gcc/arm-none-eabi/12.3.1/../../../../arm-none-eabi/lib/thumb/v6-m/nofp/libg.a(libc_a-sbrkr.o)
                              /Applications/ArmGNUToolchain/12.3.rel1/arm-none-eabi/bin/../lib/gcc/arm-none-eabi/12.3.1/../../../../arm-none-eabi/lib/thumb/v6-m/nofp/libg.a(libc_a-mallocr.o) (_sbrk_r)
/Applications/ArmGNUToolchain/12.3.rel1/arm-none-eabi/bin/../lib/gcc/arm-none-eabi/12.3.1/../../../../arm-none-eabi/lib/thumb/v6-m/nofp/libg.a(libc_a-errno.o)
                              /Applications/ArmGNUToolchain/12.3.rel1/arm-none-eabi/bin/../lib/gcc/arm-none-eabi/12.3.1/../../../../arm-none-eabi/lib/thumb/v6-m/nofp/libg.a(libc_a-callocr.o) (__errno)
/Applications/ArmGNUToolchain/12.3.rel1/arm-none-eabi/bin/../lib/gcc/arm-none-eabi/12.3.1/../../../../arm-none-eabi/lib/thumb/v6-m/nofp/libg.a(libc_a-sysconf.o)
                              /Applications/ArmGNUToolchain/12.3.rel1/arm-none-eabi/bin/../lib/gcc/arm-none-eabi/12.3.1/../../../../arm-none-eabi/lib/thumb/v6-m/nofp/libg.a(libc_a-mallocr.o) (sysconf)
/Applications/ArmGNUToolchain/12.3.rel1/arm-none-eabi/bin/../lib/gcc/arm-none-eabi/12.3.1/../../../../arm-none-eabi/lib/thumb/v6-m/nofp/libg.a(libc_a-init.o)
                              /Applications/ArmGNUToolchain/12.3.rel1/arm-none-eabi/bin/../lib/gcc/arm-none-eabi/12.3.1/../../../../arm-none-eabi/lib/thumb/v6-m/nofp/crt0.o (__libc_init_array)
[...]
Memory Configuration

Name             Origin             Length             Attributes
FLASH            0x10000000         0x00200000         xr
RAM              0x20000000         0x00040000         xrw
SCRATCH_X        0x20040000         0x00001000         xrw
SCRATCH_Y        0x20041000         0x00001000         xrw
*default*        0x00000000         0xffffffff

Linker script and memory map

LOAD /Applications/ArmGNUToolchain/12.3.rel1/arm-none-eabi/bin/../lib/gcc/arm-none-eabi/12.3.1/thumb/v6-m/nofp/crti.o
LOAD /Applications/ArmGNUToolchain/12.3.rel1/arm-none-eabi/bin/../lib/gcc/arm-none-eabi/12.3.1/thumb/v6-m/nofp/crtbegin.o
LOAD /Applications/ArmGNUToolchain/12.3.rel1/arm-none-eabi/bin/../lib/gcc/arm-none-eabi/12.3.1/../../../../arm-none-eabi/lib/thumb/v6-m/nofp/crt0.o

.flash_begin    0x10000000        0x0
                0x10000000                        __flash_binary_start = .

.boot2          0x10000000      0x100
                0x10000000                        __boot2_start__ = .
 *(.boot2)
 .boot2         0x10000000      0x100 /var/folders/fy/2_twrpq90b57drm_mt3rx4240000gn/T//ccL1Dzjd.o
                0x10000100                        __boot2_end__ = .
                0x00000001                        ASSERT (((__boot2_end__ - __boot2_start__) == 0x100), ERROR: Pico second stage bootloader must be 256 bytes in size)

.text           0x10000100     0x6d48
                0x10000100                        __logical_binary_start = .
 *(.vectors)
 .vectors       0x10000100       0xd4 CMakeFiles/Ex_4_EEPROM.dir/Users/amerilain/pico/pico-sdk/src/rp2_common/pico_standard_link/crt0.S.obj
                0x10000100                __VECTOR_TABLE
                0x10000100                __vectors
                0x100001c0                __default_isrs_start
                0x100001c0                isr_invalid
                0x100001c2                isr_nmi
                0x100001c4                isr_hardfault
                0x100001c6                isr_svcall
                0x100001c8                isr_pendsv
                0x100001ca                isr_systick
                0x100001cc                isr_irq28
                0x100001cc                isr_irq19
                0x100001cc                isr_irq0
                0x100001cc                isr_irq6
                0x100001cc                isr_irq22
                0x100001cc                isr_irq17
                0x100001cc                isr_irq14
                0x100001cc                isr_irq2
                0x100001cc                isr_irq10
                0x100001cc                isr_irq8
                0x100001cc                isr_irq24
                0x100001cc                isr_irq1
                0x100001cc                isr_irq7
                0x100001cc                isr_irq21
                0x100001cc                isr_irq20
                0x100001cc                isr_irq15
                0x100001cc                isr_irq25
                0x100001cc                isr_irq4
                0x100001cc                isr_irq16
                0x100001cc                isr_irq29
                0x100001cc                isr_irq26
                0x100001cc                __default_isrs_end
                0x100001cc                isr_irq3
                0x100001cc                isr_irq9
                0x100001cc                __unhandled_user_irq
                0x100001cc                isr_irq13
                0x100001cc                isr_irq27
                0x100001cc                isr_irq31
                0x100001cc                isr_irq5
                0x100001cc                isr_irq11
                0x100001cc                isr_irq23
                0x100001cc                isr_irq18
                0x100001cc                isr_irq30
                0x100001cc                isr_irq12
                0x100001d2                unhandled_user_irq_num_in_r0
 *(.binary_info_header)
 .binary_info_header
                0x100001d4       0x14 CMakeFiles/Ex_4_EEPROM.dir/Users/amerilain/pico/pico-sdk/src/rp2_common/pico_standard_link/crt0.S.obj
                0x100001e8                        __binary_info_header_end = .
 *(.reset)
 .reset         0x100001e8       0xa0 CMakeFiles/Ex_4_EEPROM.dir/Users/amerilain/pico/pico-sdk/src/rp2_common/pico_standard_link/crt0.S.obj
                0x100001e8                _entry_point
 .reset         0x10000288       0x30 CMakeFiles/Ex_4_EEPROM.dir/Users/amerilain/pico/pico-sdk/src/rp2_common/pico_standard_link/binary_info.c.obj
 *(.init)
 .init          0x100002b8        0x4 /Applications/ArmGNUToolchain/12.3.rel1/arm-none-eabi/bin/../lib/gcc/arm-none-eabi/12.3.1/thumb/v6-m/nofp/crti.o
                0x100002b8                _init
 *(EXCLUDE_FILE(*libm.a: *libc.a:*lib_a-mem*.o *libgcc.a:) .text*)
 .text.register_tm_clones
                0x100002bc       0x28 /Applications/ArmGNUToolchain/12.3.rel1/arm-none-eabi/bin/../lib/gcc/arm-none-eabi/12.3.1/thumb/v6-m/nofp/crtbegin.o
 .text.frame_dummy
                0x100002e4       0x24 /Applications/ArmGNUToolchain/12.3.rel1/arm-none-eabi/bin/../lib/gcc/arm-none-eabi/12.3.1/thumb/v6-m/nofp/crtbegin.o
 .text.pwm_init
                0x10000308       0x34 CMakeFiles/Ex_4_EEPROM.dir/main.c.obj
 .text.pwm_get_default_config
                0x1000033c       0x18 CMakeFiles/Ex_4_EEPROM.dir/main.c.obj
 .text.pwm_set_chan_level
                0x10000354       0x40 CMakeFiles/Ex_4_EEPROM.dir/main.c.obj
 .text.update_us_since_boot
                0x10000394       0x24 CMakeFiles/Ex_4_EEPROM.dir/main.c.obj
 .text.get_absolute_time
                0x100003b8       0x22 CMakeFiles/Ex_4_EEPROM.dir/main.c.obj
 *fill*         0x100003da        0x2 
 .text.init_i2c
                0x100003dc       0x44 CMakeFiles/Ex_4_EEPROM.dir/main.c.obj
                0x100003dc                init_i2c
 .text.init_buttons
                0x10000420       0x48 CMakeFiles/Ex_4_EEPROM.dir/main.c.obj
                0x10000420                init_buttons
 .text.setup_pwm_for_led
                0x10000468       0x3c CMakeFiles/Ex_4_EEPROM.dir/main.c.obj
                0x10000468                setup_pwm_for_led
 .text.init_leds
                0x100004a4       0x2e CMakeFiles/Ex_4_EEPROM.dir/main.c.obj
                0x100004a4                init_leds
 .text.set_leds
                0x100004d2       0x46 CMakeFiles/Ex_4_EEPROM.dir/main.c.obj
                0x100004d2                set_leds
 .text.led_state_is_valid
                0x10000518       0x12 CMakeFiles/Ex_4_EEPROM.dir/main.c.obj
                0x10000518                led_state_is_valid
 *fill*         0x1000052a        0x2 
 .text.write_byte
                0x1000052c       0x34 CMakeFiles/Ex_4_EEPROM.dir/main.c.obj
                0x1000052c                write_byte
 .text.read_byte
                0x10000560       0x44 CMakeFiles/Ex_4_EEPROM.dir/main.c.obj
                0x10000560                read_byte
 .text.write_bytes
                0x100005a4       0x28 CMakeFiles/Ex_4_EEPROM.dir/main.c.obj
                0x100005a4                write_bytes
 .text.read_bytes
                0x100005cc       0x28 CMakeFiles/Ex_4_EEPROM.dir/main.c.obj
                0x100005cc                read_bytes
 .text.write_state_to_eeprom
                0x100005f4       0x18 CMakeFiles/Ex_4_EEPROM.dir/main.c.obj
                0x100005f4                write_state_to_eeprom
 .text.read_state_from_eeprom
                0x1000060c       0x18 CMakeFiles/Ex_4_EEPROM.dir/main.c.obj
                0x1000060c                read_state_from_eeprom
 .text.main     0x10000624      0x12c CMakeFiles/Ex_4_EEPROM.dir/main.c.obj
                0x10000624                main
 .text.gpio_set_function
                0x10000750       0x30 CMakeFiles/Ex_4_EEPROM.dir/Users/amerilain/pico/pico-sdk/src/rp2_common/hardware_gpio/gpio.c.obj
                0x10000750                gpio_set_function
 .text.gpio_set_pulls
                0x10000780       0x34 CMakeFiles/Ex_4_EEPROM.dir/Users/amerilain/pico/pico-sdk/src/rp2_common/hardware_gpio/gpio.c.obj
                0x10000780                gpio_set_pulls
 .text.gpio_init
                0x100007b4       0x16 CMakeFiles/Ex_4_EEPROM.dir/Users/amerilain/pico/pico-sdk/src/rp2_common/hardware_gpio/gpio.c.obj
                0x100007b4                gpio_init
 *fill*         0x100007ca        0x2 
 .text.running_on_fpga
                0x100007cc       0x14 CMakeFiles/Ex_4_EEPROM.dir/Users/amerilain/pico/pico-sdk/src/rp2_common/pico_platform/platform.c.obj
                0x100007cc                running_on_fpga
 .text.hw_claim_lock
                0x100007e0       0x18 CMakeFiles/Ex_4_EEPROM.dir/Users/amerilain/pico/pico-sdk/src/rp2_common/hardware_claim/claim.c.obj
                0x100007e0                hw_claim_lock
 .text.hw_claim_unlock
                0x100007f8       0x14 CMakeFiles/Ex_4_EEPROM.dir/Users/amerilain/pico/pico-sdk/src/rp2_common/hardware_claim/claim.c.obj
                0x100007f8                hw_claim_unlock
 .text.hw_claim_or_assert
                0x1000080c       0x32 CMakeFiles/Ex_4_EEPROM.dir/Users/amerilain/pico/pico-sdk/src/rp2_common/hardware_claim/claim.c.obj
                0x1000080c                hw_claim_or_assert
 .text.hw_claim_unused_from_range
                0x1000083e       0x50 CMakeFiles/Ex_4_EEPROM.dir/Users/amerilain/pico/pico-sdk/src/rp2_common/hardware_claim/claim.c.obj
                0x1000083e                hw_claim_unused_from_range
 *fill*         0x1000088e        0x2 
 .text.spin_locks_reset
                0x10000890       0x20 CMakeFiles/Ex_4_EEPROM.dir/Users/amerilain/pico/pico-sdk/src/rp2_common/hardware_sync/sync.c.obj
                0x10000890                spin_locks_reset
 .text.next_striped_spin_lock_num
                0x100008b0       0x1c CMakeFiles/Ex_4_EEPROM.dir/Users/amerilain/pico/pico-sdk/src/rp2_common/hardware_sync/sync.c.obj
                0x100008b0                next_striped_spin_lock_num
 .text.spin_lock_claim_unused
                0x100008cc       0x24 CMakeFiles/Ex_4_EEPROM.dir/Users/amerilain/pico/pico-sdk/src/rp2_common/hardware_sync/sync.c.obj
                0x100008cc                spin_lock_claim_unused
 .text.set_raw_irq_handler_and_unlock
                0x100008f0       0x28 CMakeFiles/Ex_4_EEPROM.dir/Users/amerilain/pico/pico-sdk/src/rp2_common/hardware_irq/irq.c.obj
 .text.resolve_branch
                0x10000918       0x30 CMakeFiles/Ex_4_EEPROM.dir/Users/amerilain/pico/pico-sdk/src/rp2_common/hardware_irq/irq.c.obj
 .text.make_branch
                0x10000948       0x48 CMakeFiles/Ex_4_EEPROM.dir/Users/amerilain/pico/pico-sdk/src/rp2_common/hardware_irq/irq.c.obj
 .text.insert_branch_and_link
                0x10000990       0x40 CMakeFiles/Ex_4_EEPROM.dir/Users/amerilain/pico/pico-sdk/src/rp2_common/hardware_irq/irq.c.obj
 .text.irq_is_enabled
                0x100009d0       0x18 CMakeFiles/Ex_4_EEPROM.dir/Users/amerilain/pico/pico-sdk/src/rp2_common/hardware_irq/irq.c.obj
                0x100009d0                irq_is_enabled
 .text.irq_set_mask_enabled
                0x100009e8       0x20 CMakeFiles/Ex_4_EEPROM.dir/Users/amerilain/pico/pico-sdk/src/rp2_common/hardware_irq/irq.c.obj
                0x100009e8                irq_set_mask_enabled
 .text.irq_set_enabled
                0x10000a08        0xe CMakeFiles/Ex_4_EEPROM.dir/Users/amerilain/pico/pico-sdk/src/rp2_common/hardware_irq/irq.c.obj
                0x10000a08                irq_set_enabled
 *fill*         0x10000a16        0x2 
 .text.irq_set_pending
                0x10000a18       0x10 CMakeFiles/Ex_4_EEPROM.dir/Users/amerilain/pico/pico-sdk/src/rp2_common/hardware_irq/irq.c.obj
                0x10000a18                irq_set_pending
 .text.irq_get_vtable_handler
                0x10000a28       0x10 CMakeFiles/Ex_4_EEPROM.dir/Users/amerilain/pico/pico-sdk/src/rp2_common/hardware_irq/irq.c.obj
                0x10000a28                irq_get_vtable_handler
 .text.irq_has_shared_handler
                0x10000a38       0x24 CMakeFiles/Ex_4_EEPROM.dir/Users/amerilain/pico/pico-sdk/src/rp2_common/hardware_irq/irq.c.obj
                0x10000a38                irq_has_shared_handler
 .text.irq_set_exclusive_handler
                0x10000a5c       0x54 CMakeFiles/Ex_4_EEPROM.dir/Users/amerilain/pico/pico-sdk/src/rp2_common/hardware_irq/irq.c.obj
                0x10000a5c                irq_set_exclusive_handler
 .text.irq_add_shared_handler
                0x10000ab0      0x210 CMakeFiles/Ex_4_EEPROM.dir/Users/amerilain/pico/pico-sdk/src/rp2_common/hardware_irq/irq.c.obj
                0x10000ab0                irq_add_shared_handler
 .text.irq_remove_handler
                0x10000cc0      0x188 CMakeFiles/Ex_4_EEPROM.dir/Users/amerilain/pico/pico-sdk/src/rp2_common/hardware_irq/irq.c.obj
                0x10000cc0                irq_remove_handler
 .text.irq_add_tail_to_free_list
                0x10000e48       0xf0 CMakeFiles/Ex_4_EEPROM.dir/Users/amerilain/pico/pico-sdk/src/rp2_common/hardware_irq/irq.c.obj
                0x10000e48                irq_add_tail_to_free_list
 .text.irq_init_priorities
                0x10000f38       0x1c CMakeFiles/Ex_4_EEPROM.dir/Users/amerilain/pico/pico-sdk/src/rp2_common/hardware_irq/irq.c.obj
                0x10000f38                irq_init_priorities
 .text.user_irq_claim_unused
                0x10000f54       0x2c CMakeFiles/Ex_4_EEPROM.dir/Users/amerilain/pico/pico-sdk/src/rp2_common/hardware_irq/irq.c.obj
                0x10000f54                user_irq_claim_unused
 .text.lock_init
                0x10000f80       0x10 CMakeFiles/Ex_4_EEPROM.dir/Users/amerilain/pico/pico-sdk/src/common/pico_sync/lock_core.c.obj
                0x10000f80                lock_init
 .text.update_us_since_boot
                0x10000f90       0x24 CMakeFiles/Ex_4_EEPROM.dir/Users/amerilain/pico/pico-sdk/src/common/pico_sync/mutex.c.obj
 .text.delayed_by_ms
                0x10000fb4       0x44 CMakeFiles/Ex_4_EEPROM.dir/Users/amerilain/pico/pico-sdk/src/common/pico_sync/mutex.c.obj
 .text.get_absolute_time
                0x10000ff8       0x22 CMakeFiles/Ex_4_EEPROM.dir/Users/amerilain/pico/pico-sdk/src/common/pico_sync/mutex.c.obj
 .text.make_timeout_time_ms
                0x1000101a       0x20 CMakeFiles/Ex_4_EEPROM.dir/Users/amerilain/pico/pico-sdk/src/common/pico_sync/mutex.c.obj
 .text.mutex_init
                0x1000103a       0x1a CMakeFiles/Ex_4_EEPROM.dir/Users/amerilain/pico/pico-sdk/src/common/pico_sync/mutex.c.obj
                0x1000103a                mutex_init
 .text.recursive_mutex_init
                0x10001054       0x1e CMakeFiles/Ex_4_EEPROM.dir/Users/amerilain/pico/pico-sdk/src/common/pico_sync/mutex.c.obj
                0x10001054                recursive_mutex_init
 *fill*         0x10001072        0x2 
 .text.critical_section_init_with_lock_num
                0x10001074       0x14 CMakeFiles/Ex_4_EEPROM.dir/Users/amerilain/pico/pico-sdk/src/common/pico_sync/critical_section.c.obj
                0x10001074                critical_section_init_with_lock_num
 .text.critical_section_init
                0x10001088       0x14 CMakeFiles/Ex_4_EEPROM.dir/Users/amerilain/pico/pico-sdk/src/common/pico_sync/critical_section.c.obj
                0x10001088                critical_section_init
 .text.time_reached
                0x1000109c       0x28 CMakeFiles/Ex_4_EEPROM.dir/Users/amerilain/pico/pico-sdk/src/common/pico_time/time.c.obj
 .text.get_entry
                0x100010c4       0x38 CMakeFiles/Ex_4_EEPROM.dir/Users/amerilain/pico/pico-sdk/src/common/pico_time/time.c.obj
 .text.timer_pool_entry_comparator
                0x100010fc       0x2e CMakeFiles/Ex_4_EEPROM.dir/Users/amerilain/pico/pico-sdk/src/common/pico_time/time.c.obj
                0x100010fc                timer_pool_entry_comparator
 *fill*         0x1000112a        0x2 
 .text.update_us_since_boot
                0x1000112c       0x24 CMakeFiles/Ex_4_EEPROM.dir/Users/amerilain/pico/pico-sdk/src/common/pico_time/time.c.obj
 .text.delayed_by_us
                0x10001150       0x34 CMakeFiles/Ex_4_EEPROM.dir/Users/amerilain/pico/pico-sdk/src/common/pico_time/time.c.obj
 .text.ph_get_node
                0x10001184       0x30 CMakeFiles/Ex_4_EEPROM.dir/Users/amerilain/pico/pico-sdk/src/common/pico_time/time.c.obj
 .text.ph_contains_node
                0x100011b4       0x1e CMakeFiles/Ex_4_EEPROM.dir/Users/amerilain/pico/pico-sdk/src/common/pico_time/time.c.obj
 .text.ph_new_node
                0x100011d2       0x28 CMakeFiles/Ex_4_EEPROM.dir/Users/amerilain/pico/pico-sdk/src/common/pico_time/time.c.obj
 *fill*         0x100011fa        0x2 
 .text.ph_add_child_node
                0x100011fc       0x6c CMakeFiles/Ex_4_EEPROM.dir/Users/amerilain/pico/pico-sdk/src/common/pico_time/time.c.obj
 .text.ph_merge_nodes
                0x10001268       0x3e CMakeFiles/Ex_4_EEPROM.dir/Users/amerilain/pico/pico-sdk/src/common/pico_time/time.c.obj
 *fill*         0x100012a6        0x2 
 .text.ph_insert_node
                0x100012a8       0x3c CMakeFiles/Ex_4_EEPROM.dir/Users/amerilain/pico/pico-sdk/src/common/pico_time/time.c.obj
 .text.ph_free_node
                0x100012e4       0x5c CMakeFiles/Ex_4_EEPROM.dir/Users/amerilain/pico/pico-sdk/src/common/pico_time/time.c.obj
 .text.get_entry_id_high
                0x10001340       0x30 CMakeFiles/Ex_4_EEPROM.dir/Users/amerilain/pico/pico-sdk/src/common/pico_time/time.c.obj
 .text.alarm_pool_post_alloc_init
                0x10001370       0x40 CMakeFiles/Ex_4_EEPROM.dir/Users/amerilain/pico/pico-sdk/src/common/pico_time/time.c.obj
 .text.sleep_until_callback
                0x100013b0       0x30 CMakeFiles/Ex_4_EEPROM.dir/Users/amerilain/pico/pico-sdk/src/common/pico_time/time.c.obj
 .text.get_absolute_time
                0x100013e0       0x22 CMakeFiles/Ex_4_EEPROM.dir/Users/amerilain/pico/pico-sdk/src/common/pico_time/time.c.obj
 .text.make_timeout_time_us
                0x10001402       0x24 CMakeFiles/Ex_4_EEPROM.dir/Users/amerilain/pico/pico-sdk/src/common/pico_time/time.c.obj
 *fill*         0x10001426        0x2 
 .text.add_alarm_under_lock
                0x10001428       0x94 CMakeFiles/Ex_4_EEPROM.dir/Users/amerilain/pico/pico-sdk/src/common/pico_time/time.c.obj
 .text.alarm_pool_alarm_callback
                0x100014bc      0x210 CMakeFiles/Ex_4_EEPROM.dir/Users/amerilain/pico/pico-sdk/src/common/pico_time/time.c.obj
 .text.alarm_pool_init_default
                0x100016cc       0x40 CMakeFiles/Ex_4_EEPROM.dir/Users/amerilain/pico/pico-sdk/src/common/pico_time/time.c.obj
                0x100016cc                alarm_pool_init_default
 .text.alarm_pool_get_default
                0x1000170c       0x2c CMakeFiles/Ex_4_EEPROM.dir/Users/amerilain/pico/pico-sdk/src/common/pico_time/time.c.obj
                0x1000170c                alarm_pool_get_default
 .text.alarm_pool_add_alarm_at
                0x10001738      0x10e CMakeFiles/Ex_4_EEPROM.dir/Users/amerilain/pico/pico-sdk/src/common/pico_time/time.c.obj
                0x10001738                alarm_pool_add_alarm_at
 .text.add_alarm_at
                0x10001846       0x2e CMakeFiles/Ex_4_EEPROM.dir/Users/amerilain/pico/pico-sdk/src/common/pico_time/time.c.obj
 .text.alarm_pool_cancel_alarm
                0x10001874       0xa8 CMakeFiles/Ex_4_EEPROM.dir/Users/amerilain/pico/pico-sdk/src/common/pico_time/time.c.obj
                0x10001874                alarm_pool_cancel_alarm
 .text.cancel_alarm
                0x1000191c       0x10 CMakeFiles/Ex_4_EEPROM.dir/Users/amerilain/pico/pico-sdk/src/common/pico_time/time.c.obj
 .text.alarm_pool_core_num
                0x1000192c        0x4 CMakeFiles/Ex_4_EEPROM.dir/Users/amerilain/pico/pico-sdk/src/common/pico_time/time.c.obj
                0x1000192c                alarm_pool_core_num
 .text.sleep_until
                0x10001930       0xb0 CMakeFiles/Ex_4_EEPROM.dir/Users/amerilain/pico/pico-sdk/src/common/pico_time/time.c.obj
                0x10001930                sleep_until
 .text.sleep_us
                0x100019e0       0x1a CMakeFiles/Ex_4_EEPROM.dir/Users/amerilain/pico/pico-sdk/src/common/pico_time/time.c.obj
                0x100019e0                sleep_us
 .text.sleep_ms
                0x100019fa       0x14 CMakeFiles/Ex_4_EEPROM.dir/Users/amerilain/pico/pico-sdk/src/common/pico_time/time.c.obj
                0x100019fa                sleep_ms
 *fill*         0x10001a0e        0x2 
 .text.best_effort_wfe_or_timeout
                0x10001a10       0x44 CMakeFiles/Ex_4_EEPROM.dir/Users/amerilain/pico/pico-sdk/src/common/pico_time/time.c.obj
                0x10001a10                best_effort_wfe_or_timeout
 .text.hardware_alarm_irq_handler
                0x10001a54       0x8c CMakeFiles/Ex_4_EEPROM.dir/Users/amerilain/pico/pico-sdk/src/rp2_common/hardware_timer/timer.c.obj
 .text.hardware_alarm_claim
                0x10001ae0       0x18 CMakeFiles/Ex_4_EEPROM.dir/Users/amerilain/pico/pico-sdk/src/rp2_common/hardware_timer/timer.c.obj
                0x10001ae0                hardware_alarm_claim
 .text.time_us_64
                0x10001af8       0x18 CMakeFiles/Ex_4_EEPROM.dir/Users/amerilain/pico/pico-sdk/src/rp2_common/hardware_timer/timer.c.obj
                0x10001af8                time_us_64
 .text.busy_wait_until
                0x10001b10       0x28 CMakeFiles/Ex_4_EEPROM.dir/Users/amerilain/pico/pico-sdk/src/rp2_common/hardware_timer/timer.c.obj
                0x10001b10                busy_wait_until
 .text.hardware_alarm_set_callback
                0x10001b38       0x90 CMakeFiles/Ex_4_EEPROM.dir/Users/amerilain/pico/pico-sdk/src/rp2_common/hardware_timer/timer.c.obj
                0x10001b38                hardware_alarm_set_callback
 .text.hardware_alarm_set_target
                0x10001bc8       0xe8 CMakeFiles/Ex_4_EEPROM.dir/Users/amerilain/pico/pico-sdk/src/rp2_common/hardware_timer/timer.c.obj
                0x10001bc8                hardware_alarm_set_target
 .text.hardware_alarm_cancel
                0x10001cb0       0x40 CMakeFiles/Ex_4_EEPROM.dir/Users/amerilain/pico/pico-sdk/src/rp2_common/hardware_timer/timer.c.obj
                0x10001cb0                hardware_alarm_cancel
 .text.ph_get_node
                0x10001cf0       0x30 CMakeFiles/Ex_4_EEPROM.dir/Users/amerilain/pico/pico-sdk/src/common/pico_util/pheap.c.obj
 .text.ph_add_child_node
                0x10001d20       0x6c CMakeFiles/Ex_4_EEPROM.dir/Users/amerilain/pico/pico-sdk/src/common/pico_util/pheap.c.obj
 .text.ph_merge_nodes
                0x10001d8c       0x3e CMakeFiles/Ex_4_EEPROM.dir/Users/amerilain/pico/pico-sdk/src/common/pico_util/pheap.c.obj
 .text.ph_clear
                0x10001dca       0x34 CMakeFiles/Ex_4_EEPROM.dir/Users/amerilain/pico/pico-sdk/src/common/pico_util/pheap.c.obj
                0x10001dca                ph_clear
 .text.ph_post_alloc_init
                0x10001dfe        0xe CMakeFiles/Ex_4_EEPROM.dir/Users/amerilain/pico/pico-sdk/src/common/pico_util/pheap.c.obj
                0x10001dfe                ph_post_alloc_init
 .text.ph_merge_two_pass
                0x10001e0c       0x5c CMakeFiles/Ex_4_EEPROM.dir/Users/amerilain/pico/pico-sdk/src/common/pico_util/pheap.c.obj
                0x10001e0c                ph_merge_two_pass
 .text.ph_remove_any_head
                0x10001e68       0xc0 CMakeFiles/Ex_4_EEPROM.dir/Users/amerilain/pico/pico-sdk/src/common/pico_util/pheap.c.obj
 .text.ph_remove_head
                0x10001f28       0x14 CMakeFiles/Ex_4_EEPROM.dir/Users/amerilain/pico/pico-sdk/src/common/pico_util/pheap.c.obj
                0x10001f28                ph_remove_head
 .text.ph_remove_and_free_node
                0x10001f3c       0xa0 CMakeFiles/Ex_4_EEPROM.dir/Users/amerilain/pico/pico-sdk/src/common/pico_util/pheap.c.obj
                0x10001f3c                ph_remove_and_free_node
 .text.clock_configure
                0x10001fdc      0x108 CMakeFiles/Ex_4_EEPROM.dir/Users/amerilain/pico/pico-sdk/src/rp2_common/hardware_clocks/clocks.c.obj
                0x10001fdc                clock_configure
 .text.clocks_init
                0x100020e4      0x100 CMakeFiles/Ex_4_EEPROM.dir/Users/amerilain/pico/pico-sdk/src/rp2_common/hardware_clocks/clocks.c.obj
                0x100020e4                clocks_init
 .text.clock_get_hz
                0x100021e4        0xc CMakeFiles/Ex_4_EEPROM.dir/Users/amerilain/pico/pico-sdk/src/rp2_common/hardware_clocks/clocks.c.obj
                0x100021e4                clock_get_hz
 .text.pll_init
                0x100021f0      0x120 CMakeFiles/Ex_4_EEPROM.dir/Users/amerilain/pico/pico-sdk/src/rp2_common/hardware_pll/pll.c.obj
                0x100021f0                pll_init
 .text.watchdog_start_tick
                0x10002310       0x10 CMakeFiles/Ex_4_EEPROM.dir/Users/amerilain/pico/pico-sdk/src/rp2_common/hardware_watchdog/watchdog.c.obj
                0x10002310                watchdog_start_tick
 .text.watchdog_update
                0x10002320       0x14 CMakeFiles/Ex_4_EEPROM.dir/Users/amerilain/pico/pico-sdk/src/rp2_common/hardware_watchdog/watchdog.c.obj
                0x10002320                watchdog_update
 .text._watchdog_enable
                0x10002334       0x78 CMakeFiles/Ex_4_EEPROM.dir/Users/amerilain/pico/pico-sdk/src/rp2_common/hardware_watchdog/watchdog.c.obj
                0x10002334                _watchdog_enable
 .text.watchdog_reboot
                0x100023ac       0x48 CMakeFiles/Ex_4_EEPROM.dir/Users/amerilain/pico/pico-sdk/src/rp2_common/hardware_watchdog/watchdog.c.obj
                0x100023ac                watchdog_reboot
 .text.xosc_init
                0x100023f4       0x28 CMakeFiles/Ex_4_EEPROM.dir/Users/amerilain/pico/pico-sdk/src/rp2_common/hardware_xosc/xosc.c.obj
                0x100023f4                xosc_init
 .text._exit    0x1000241c        0x4 CMakeFiles/Ex_4_EEPROM.dir/Users/amerilain/pico/pico-sdk/src/rp2_common/pico_runtime/runtime.c.obj
                0x1000241c                _exit
 .text.exit     0x10002420        0x6 CMakeFiles/Ex_4_EEPROM.dir/Users/amerilain/pico/pico-sdk/src/rp2_common/pico_runtime/runtime.c.obj
                0x10002420                exit
 *fill*         0x10002426        0x2 
 .text.__assert_func
                0x10002428       0x38 CMakeFiles/Ex_4_EEPROM.dir/Users/amerilain/pico/pico-sdk/src/rp2_common/pico_runtime/runtime.c.obj
                0x10002428                __assert_func
 .text.runtime_init
                0x10002460       0xf8 CMakeFiles/Ex_4_EEPROM.dir/Users/amerilain/pico/pico-sdk/src/rp2_common/pico_runtime/runtime.c.obj
                0x10002460                runtime_init
 .text.panic    0x10002558       0x30 CMakeFiles/Ex_4_EEPROM.dir/Users/amerilain/pico/pico-sdk/src/rp2_common/pico_runtime/runtime.c.obj
                0x10002558                panic
 .text._out_null
                0x10002588        0x2 CMakeFiles/Ex_4_EEPROM.dir/Users/amerilain/pico/pico-sdk/src/rp2_common/pico_printf/printf.c.obj
 .text._out_fct
                0x1000258a        0xe CMakeFiles/Ex_4_EEPROM.dir/Users/amerilain/pico/pico-sdk/src/rp2_common/pico_printf/printf.c.obj
 .text._atoi    0x10002598       0x24 CMakeFiles/Ex_4_EEPROM.dir/Users/amerilain/pico/pico-sdk/src/rp2_common/pico_printf/printf.c.obj
 .text._out_rev
                0x100025bc       0xae CMakeFiles/Ex_4_EEPROM.dir/Users/amerilain/pico/pico-sdk/src/rp2_common/pico_printf/printf.c.obj
 .text._ntoa_format
                0x1000266a      0x110 CMakeFiles/Ex_4_EEPROM.dir/Users/amerilain/pico/pico-sdk/src/rp2_common/pico_printf/printf.c.obj
 .text._ntoa_long
                0x1000277a       0xbc CMakeFiles/Ex_4_EEPROM.dir/Users/amerilain/pico/pico-sdk/src/rp2_common/pico_printf/printf.c.obj
 .text._ntoa_long_long
                0x10002836      0x10e CMakeFiles/Ex_4_EEPROM.dir/Users/amerilain/pico/pico-sdk/src/rp2_common/pico_printf/printf.c.obj
 .text._etoa    0x10002944      0x420 CMakeFiles/Ex_4_EEPROM.dir/Users/amerilain/pico/pico-sdk/src/rp2_common/pico_printf/printf.c.obj
 .text._ftoa    0x10002d64      0x354 CMakeFiles/Ex_4_EEPROM.dir/Users/amerilain/pico/pico-sdk/src/rp2_common/pico_printf/printf.c.obj
 .text._vsnprintf
                0x100030b8      0x65c CMakeFiles/Ex_4_EEPROM.dir/Users/amerilain/pico/pico-sdk/src/rp2_common/pico_printf/printf.c.obj
 .text.vfctprintf
                0x10003714       0x20 CMakeFiles/Ex_4_EEPROM.dir/Users/amerilain/pico/pico-sdk/src/rp2_common/pico_printf/printf.c.obj
                0x10003714                vfctprintf
 .text          0x10003734       0x10 CMakeFiles/Ex_4_EEPROM.dir/Users/amerilain/pico/pico-sdk/src/rp2_common/pico_bit_ops/bit_ops_aeabi.S.obj
 .text.rom_func_lookup
                0x10003744       0x10 CMakeFiles/Ex_4_EEPROM.dir/Users/amerilain/pico/pico-sdk/src/rp2_common/pico_bootrom/bootrom.c.obj
                0x10003744                rom_func_lookup
 .text.rom_data_lookup
                0x10003754       0x10 CMakeFiles/Ex_4_EEPROM.dir/Users/amerilain/pico/pico-sdk/src/rp2_common/pico_bootrom/bootrom.c.obj
                0x10003754                rom_data_lookup
 .text.rom_funcs_lookup
                0x10003764       0x36 CMakeFiles/Ex_4_EEPROM.dir/Users/amerilain/pico/pico-sdk/src/rp2_common/pico_bootrom/bootrom.c.obj
                0x10003764                rom_funcs_lookup
 *fill*         0x1000379a        0x2 
 .text.__wrap___aeabi_idiv
                0x1000379c       0x50 CMakeFiles/Ex_4_EEPROM.dir/Users/amerilain/pico/pico-sdk/src/rp2_common/pico_divider/divider.S.obj
                0x1000379c                __wrap___aeabi_idivmod
                0x1000379c                divmod_s32s32
                0x1000379c                div_s32s32
                0x1000379c                __wrap___aeabi_idiv
                0x100037a4                divmod_s32s32_unsafe
                0x100037d0                divmod_s32s32_savestate
 .text.__wrap___aeabi_uidiv
                0x100037ec       0x4c CMakeFiles/Ex_4_EEPROM.dir/Users/amerilain/pico/pico-sdk/src/rp2_common/pico_divider/divider.S.obj
                0x100037ec                __wrap___aeabi_uidiv
                0x100037ec                __wrap___aeabi_uidivmod
                0x100037ec                div_u32u32
                0x100037ec                divmod_u32u32
                0x100037f4                divmod_u32u32_unsafe
                0x1000381c                divmod_u32u32_savestate
 .text.__wrap___aeabi_ldiv
                0x10003838      0x424 CMakeFiles/Ex_4_EEPROM.dir/Users/amerilain/pico/pico-sdk/src/rp2_common/pico_divider/divider.S.obj
                0x10003838                __wrap___aeabi_ldivmod
                0x10003838                div_s64s64
                0x10003838                divmod_s64s64
                0x10003868                divmod_u64u64
                0x10003868                div_u64u64
                0x10003868                __wrap___aeabi_uldivmod
                0x10003878                divmod_u64u64_savestate
                0x10003898                divmod_s64s64_unsafe
                0x10003920                divmod_u64u64_unsafe
 .text.__wrap___aeabi_darithmetic
                0x10003c5c       0x60 CMakeFiles/Ex_4_EEPROM.dir/Users/amerilain/pico/pico-sdk/src/rp2_common/pico_double/double_aeabi.S.obj
                0x10003c5c                __wrap___aeabi_drsub
                0x10003c62                __wrap___aeabi_dsub
                0x10003c6c                __wrap___aeabi_dadd
                0x10003c76                __wrap___aeabi_ddiv
                0x10003caa                __wrap___aeabi_dmul
 .text.__wrap___aeabi_cdcmple
                0x10003cbc       0x6c CMakeFiles/Ex_4_EEPROM.dir/Users/amerilain/pico/pico-sdk/src/rp2_common/pico_double/double_aeabi.S.obj
                0x10003cbc                __wrap___aeabi_cdrcmple
                0x10003ccc                __wrap___aeabi_cdcmple
                0x10003ccc                __wrap___aeabi_cdcmpeq
 .text.__wrap___aeabi_dcmplt
                0x10003d28        0xc CMakeFiles/Ex_4_EEPROM.dir/Users/amerilain/pico/pico-sdk/src/rp2_common/pico_double/double_aeabi.S.obj
                0x10003d28                __wrap___aeabi_dcmplt
 .text.__wrap___aeabi_dcmple
                0x10003d34       0x10 CMakeFiles/Ex_4_EEPROM.dir/Users/amerilain/pico/pico-sdk/src/rp2_common/pico_double/double_aeabi.S.obj
                0x10003d34                __wrap___aeabi_dcmple
 .text.__wrap___aeabi_dcmpge
                0x10003d44       0x10 CMakeFiles/Ex_4_EEPROM.dir/Users/amerilain/pico/pico-sdk/src/rp2_common/pico_double/double_aeabi.S.obj
                0x10003d44                __wrap___aeabi_dcmpge
 .text.__wrap___aeabi_dcmpgt
                0x10003d54        0xa CMakeFiles/Ex_4_EEPROM.dir/Users/amerilain/pico/pico-sdk/src/rp2_common/pico_double/double_aeabi.S.obj
                0x10003d54                __wrap___aeabi_dcmpgt
 .text.__wrap___aeabi_dcmpun
                0x10003d5e       0x1c CMakeFiles/Ex_4_EEPROM.dir/Users/amerilain/pico/pico-sdk/src/rp2_common/pico_double/double_aeabi.S.obj
                0x10003d5e                __wrap___aeabi_dcmpun
 *fill*         0x10003d7a        0x2 
 .text.__wrap___aeabi_i2d
                0x10003d7c       0x38 CMakeFiles/Ex_4_EEPROM.dir/Users/amerilain/pico/pico-sdk/src/rp2_common/pico_double/double_aeabi.S.obj
                0x10003d7c                __wrap___aeabi_ui2d
                0x10003d84                __wrap___aeabi_i2d
 .text.__wrap___aeabi_d2iz
                0x10003db4       0x48 CMakeFiles/Ex_4_EEPROM.dir/Users/amerilain/pico/pico-sdk/src/rp2_common/pico_double/double_aeabi.S.obj
                0x10003db4                __wrap___aeabi_d2iz
                0x10003db4                double2int_z
 .text.__wrap___aeabi_d2uiz
                0x10003dfc       0x10 CMakeFiles/Ex_4_EEPROM.dir/Users/amerilain/pico/pico-sdk/src/rp2_common/pico_double/double_aeabi.S.obj
                0x10003dfc                double2uint
                0x10003dfc                __wrap___aeabi_d2uiz
 .text.missing_double_func_shim
                0x10003e0c        0xc CMakeFiles/Ex_4_EEPROM.dir/Users/amerilain/pico/pico-sdk/src/rp2_common/pico_double/double_init_rom.c.obj
 .text.__aeabi_double_init
                0x10003e18       0xd0 CMakeFiles/Ex_4_EEPROM.dir/Users/amerilain/pico/pico-sdk/src/rp2_common/pico_double/double_init_rom.c.obj
                0x10003e18                __aeabi_double_init
 .text.double_table_shim_on_use_helper
                0x10003ee8       0x34 CMakeFiles/Ex_4_EEPROM.dir/Users/amerilain/pico/pico-sdk/src/rp2_common/pico_double/double_v1_rom_shim.S.obj
                0x10003ee8                double_table_shim_on_use_helper
 .text.__aeabi_lmul
                0x10003f1c       0x32 CMakeFiles/Ex_4_EEPROM.dir/Users/amerilain/pico/pico-sdk/src/rp2_common/pico_int64_ops/pico_int64_ops_aeabi.S.obj
                0x10003f1c                __wrap___aeabi_lmul
 *fill*         0x10003f4e        0x2 
 .text.missing_float_func_shim
                0x10003f50        0xc CMakeFiles/Ex_4_EEPROM.dir/Users/amerilain/pico/pico-sdk/src/rp2_common/pico_float/float_init_rom.c.obj
 .text.__aeabi_float_init
                0x10003f5c       0x88 CMakeFiles/Ex_4_EEPROM.dir/Users/amerilain/pico/pico-sdk/src/rp2_common/pico_float/float_init_rom.c.obj
                0x10003f5c                __aeabi_float_init
 .text          0x10003fe4       0x10 CMakeFiles/Ex_4_EEPROM.dir/Users/amerilain/pico/pico-sdk/src/rp2_common/pico_mem_ops/mem_ops_aeabi.S.obj
                0x10003fe4                __aeabi_mem_init
 .text.memset   0x10003ff4        0xc CMakeFiles/Ex_4_EEPROM.dir/Users/amerilain/pico/pico-sdk/src/rp2_common/pico_mem_ops/mem_ops_aeabi.S.obj
                0x10003ff4                __wrap_memset
 .text.memcpy   0x10004000        0xc CMakeFiles/Ex_4_EEPROM.dir/Users/amerilain/pico/pico-sdk/src/rp2_common/pico_mem_ops/mem_ops_aeabi.S.obj
                0x10004000                __wrap___aeabi_memcpy
                0x10004000                __wrap_memcpy
 .text.stdio_out_chars_no_crlf
                0x1000400c        0xe CMakeFiles/Ex_4_EEPROM.dir/Users/amerilain/pico/pico-sdk/src/rp2_common/pico_stdio/stdio.c.obj
 *fill*         0x1000401a        0x2 
 .text.stdio_out_chars_crlf
                0x1000401c       0x80 CMakeFiles/Ex_4_EEPROM.dir/Users/amerilain/pico/pico-sdk/src/rp2_common/pico_stdio/stdio.c.obj
 .text.stdio_stack_buffer_flush
                0x1000409c       0x44 CMakeFiles/Ex_4_EEPROM.dir/Users/amerilain/pico/pico-sdk/src/rp2_common/pico_stdio/stdio.c.obj
 .text.stdio_buffered_printer
                0x100040e0       0x20 CMakeFiles/Ex_4_EEPROM.dir/Users/amerilain/pico/pico-sdk/src/rp2_common/pico_stdio/stdio.c.obj
 .text.update_us_since_boot
                0x10004100       0x24 CMakeFiles/Ex_4_EEPROM.dir/Users/amerilain/pico/pico-sdk/src/rp2_common/pico_stdio/stdio.c.obj
 .text.get_absolute_time
                0x10004124       0x22 CMakeFiles/Ex_4_EEPROM.dir/Users/amerilain/pico/pico-sdk/src/rp2_common/pico_stdio/stdio.c.obj
 *fill*         0x10004146        0x2 
 .text.delayed_by_ms
                0x10004148       0x44 CMakeFiles/Ex_4_EEPROM.dir/Users/amerilain/pico/pico-sdk/src/rp2_common/pico_stdio/stdio.c.obj
 .text.make_timeout_time_ms
                0x1000418c       0x20 CMakeFiles/Ex_4_EEPROM.dir/Users/amerilain/pico/pico-sdk/src/rp2_common/pico_stdio/stdio.c.obj
 .text.stdout_serialize_begin
                0x100041ac       0x20 CMakeFiles/Ex_4_EEPROM.dir/Users/amerilain/pico/pico-sdk/src/rp2_common/pico_stdio/stdio.c.obj
                0x100041ac                stdout_serialize_begin
 .text.stdout_serialize_end
                0x100041cc       0x10 CMakeFiles/Ex_4_EEPROM.dir/Users/amerilain/pico/pico-sdk/src/rp2_common/pico_stdio/stdio.c.obj
                0x100041cc                stdout_serialize_end
 .text.stdio_put_string
                0x100041dc       0x98 CMakeFiles/Ex_4_EEPROM.dir/Users/amerilain/pico/pico-sdk/src/rp2_common/pico_stdio/stdio.c.obj
 .text.stdio_set_driver_enabled
                0x10004274       0x2c CMakeFiles/Ex_4_EEPROM.dir/Users/amerilain/pico/pico-sdk/src/rp2_common/pico_stdio/stdio.c.obj
                0x10004274                stdio_set_driver_enabled
 .text.stdio_flush
                0x100042a0       0x20 CMakeFiles/Ex_4_EEPROM.dir/Users/amerilain/pico/pico-sdk/src/rp2_common/pico_stdio/stdio.c.obj
                0x100042a0                stdio_flush
 .text.__wrap_puts
                0x100042c0       0x1e CMakeFiles/Ex_4_EEPROM.dir/Users/amerilain/pico/pico-sdk/src/rp2_common/pico_stdio/stdio.c.obj
                0x100042c0                __wrap_puts
 *fill*         0x100042de        0x2 
 .text.__wrap_vprintf
                0x100042e0       0x40 CMakeFiles/Ex_4_EEPROM.dir/Users/amerilain/pico/pico-sdk/src/rp2_common/pico_stdio/stdio.c.obj
                0x100042e0                __wrap_vprintf
 .text.__wrap_printf
                0x10004320       0x18 CMakeFiles/Ex_4_EEPROM.dir/Users/amerilain/pico/pico-sdk/src/rp2_common/pico_stdio/stdio.c.obj
                0x10004320                __wrap_printf
 .text.stdio_init_all
                0x10004338        0x8 CMakeFiles/Ex_4_EEPROM.dir/Users/amerilain/pico/pico-sdk/src/rp2_common/pico_stdio/stdio.c.obj
                0x10004338                stdio_init_all
 .text.resetd_init
                0x10004340        0x2 CMakeFiles/Ex_4_EEPROM.dir/Users/amerilain/pico/pico-sdk/src/rp2_common/pico_stdio_usb/reset_interface.c.obj
 *fill*         0x10004342        0x2 
 .text.resetd_reset
                0x10004344        0xc CMakeFiles/Ex_4_EEPROM.dir/Users/amerilain/pico/pico-sdk/src/rp2_common/pico_stdio_usb/reset_interface.c.obj
 .text.resetd_open
                0x10004350       0x34 CMakeFiles/Ex_4_EEPROM.dir/Users/amerilain/pico/pico-sdk/src/rp2_common/pico_stdio_usb/reset_interface.c.obj
 .text.resetd_xfer_cb
                0x10004384        0x4 CMakeFiles/Ex_4_EEPROM.dir/Users/amerilain/pico/pico-sdk/src/rp2_common/pico_stdio_usb/reset_interface.c.obj
 .text.reset_usb_boot
                0x10004388       0x18 CMakeFiles/Ex_4_EEPROM.dir/Users/amerilain/pico/pico-sdk/src/rp2_common/pico_stdio_usb/reset_interface.c.obj
 .text.resetd_control_xfer_cb
                0x100043a0       0x5c CMakeFiles/Ex_4_EEPROM.dir/Users/amerilain/pico/pico-sdk/src/rp2_common/pico_stdio_usb/reset_interface.c.obj
 .text.usbd_app_driver_get_cb
                0x100043fc        0xc CMakeFiles/Ex_4_EEPROM.dir/Users/amerilain/pico/pico-sdk/src/rp2_common/pico_stdio_usb/reset_interface.c.obj
                0x100043fc                usbd_app_driver_get_cb
 .text.tud_cdc_line_coding_cb
                0x10004408       0x28 CMakeFiles/Ex_4_EEPROM.dir/Users/amerilain/pico/pico-sdk/src/rp2_common/pico_stdio_usb/reset_interface.c.obj
                0x10004408                tud_cdc_line_coding_cb
 .text.stdio_usb_set_chars_available_callback
                0x10004430       0x14 CMakeFiles/Ex_4_EEPROM.dir/Users/amerilain/pico/pico-sdk/src/rp2_common/pico_stdio_usb/stdio_usb.c.obj
                0x10004430                stdio_usb_set_chars_available_callback
 .text.update_us_since_boot
                0x10004444       0x24 CMakeFiles/Ex_4_EEPROM.dir/Users/amerilain/pico/pico-sdk/src/rp2_common/pico_stdio_usb/stdio_usb.c.obj
 .text.get_absolute_time
                0x10004468       0x22 CMakeFiles/Ex_4_EEPROM.dir/Users/amerilain/pico/pico-sdk/src/rp2_common/pico_stdio_usb/stdio_usb.c.obj
 *fill*         0x1000448a        0x2 
 .text.delayed_by_ms
                0x1000448c       0x44 CMakeFiles/Ex_4_EEPROM.dir/Users/amerilain/pico/pico-sdk/src/rp2_common/pico_stdio_usb/stdio_usb.c.obj
 .text.make_timeout_time_ms
                0x100044d0       0x20 CMakeFiles/Ex_4_EEPROM.dir/Users/amerilain/pico/pico-sdk/src/rp2_common/pico_stdio_usb/stdio_usb.c.obj
 .text.delayed_by_us
                0x100044f0       0x34 CMakeFiles/Ex_4_EEPROM.dir/Users/amerilain/pico/pico-sdk/src/rp2_common/pico_stdio_usb/stdio_usb.c.obj
 .text.usb_irq  0x10004524       0x10 CMakeFiles/Ex_4_EEPROM.dir/Users/amerilain/pico/pico-sdk/src/rp2_common/pico_stdio_usb/stdio_usb.c.obj
 .text.critical_section_enter_blocking
                0x10004534       0x16 CMakeFiles/Ex_4_EEPROM.dir/Users/amerilain/pico/pico-sdk/src/rp2_common/pico_stdio_usb/stdio_usb.c.obj
 *fill*         0x1000454a        0x2 
 .text.timer_task
                0x1000454c       0x4c CMakeFiles/Ex_4_EEPROM.dir/Users/amerilain/pico/pico-sdk/src/rp2_common/pico_stdio_usb/stdio_usb.c.obj
 .text.alarm_pool_add_alarm_in_us
                0x10004598       0x3a CMakeFiles/Ex_4_EEPROM.dir/Users/amerilain/pico/pico-sdk/src/rp2_common/pico_stdio_usb/stdio_usb.c.obj
 .text.add_alarm_in_us
                0x100045d2       0x2e CMakeFiles/Ex_4_EEPROM.dir/Users/amerilain/pico/pico-sdk/src/rp2_common/pico_stdio_usb/stdio_usb.c.obj
 .text.low_priority_worker_irq
                0x10004600       0x7c CMakeFiles/Ex_4_EEPROM.dir/Users/amerilain/pico/pico-sdk/src/rp2_common/pico_stdio_usb/stdio_usb.c.obj
 .text.tud_cdc_rx_cb
                0x1000467c       0x20 CMakeFiles/Ex_4_EEPROM.dir/Users/amerilain/pico/pico-sdk/src/rp2_common/pico_stdio_usb/stdio_usb.c.obj
                0x1000467c                tud_cdc_rx_cb
 .text.stdio_usb_init
                0x1000469c       0xd0 CMakeFiles/Ex_4_EEPROM.dir/Users/amerilain/pico/pico-sdk/src/rp2_common/pico_stdio_usb/stdio_usb.c.obj
                0x1000469c                stdio_usb_init
 .text.stdio_usb_connected
                0x1000476c        0xa CMakeFiles/Ex_4_EEPROM.dir/Users/amerilain/pico/pico-sdk/src/rp2_common/pico_stdio_usb/stdio_usb.c.obj
                0x1000476c                stdio_usb_connected
 *fill*         0x10004776        0x2 
 .text.stdio_usb_in_chars
                0x10004778       0x88 CMakeFiles/Ex_4_EEPROM.dir/Users/amerilain/pico/pico-sdk/src/rp2_common/pico_stdio_usb/stdio_usb.c.obj
                0x10004778                stdio_usb_in_chars
 .text.stdio_usb_out_chars
                0x10004800       0xd8 CMakeFiles/Ex_4_EEPROM.dir/Users/amerilain/pico/pico-sdk/src/rp2_common/pico_stdio_usb/stdio_usb.c.obj
 .text.tud_descriptor_device_cb
                0x100048d8        0x8 CMakeFiles/Ex_4_EEPROM.dir/Users/amerilain/pico/pico-sdk/src/rp2_common/pico_stdio_usb/stdio_usb_descriptors.c.obj
                0x100048d8                tud_descriptor_device_cb
 .text.tud_descriptor_configuration_cb
                0x100048e0        0x8 CMakeFiles/Ex_4_EEPROM.dir/Users/amerilain/pico/pico-sdk/src/rp2_common/pico_stdio_usb/stdio_usb_descriptors.c.obj
                0x100048e0                tud_descriptor_configuration_cb
 .text.tud_descriptor_string_cb
                0x100048e8       0x6c CMakeFiles/Ex_4_EEPROM.dir/Users/amerilain/pico/pico-sdk/src/rp2_common/pico_stdio_usb/stdio_usb_descriptors.c.obj
                0x100048e8                tud_descriptor_string_cb
 .text._retrieve_unique_id_on_boot
                0x10004954       0x10 CMakeFiles/Ex_4_EEPROM.dir/Users/amerilain/pico/pico-sdk/src/rp2_common/pico_unique_id/unique_id.c.obj
 .text.pico_get_unique_board_id_string
                0x10004964       0x5c CMakeFiles/Ex_4_EEPROM.dir/Users/amerilain/pico/pico-sdk/src/rp2_common/pico_unique_id/unique_id.c.obj
                0x10004964                pico_get_unique_board_id_string
 .text.flash_get_unique_id
                0x100049c0       0x46 CMakeFiles/Ex_4_EEPROM.dir/Users/amerilain/pico/pico-sdk/src/rp2_common/hardware_flash/flash.c.obj
                0x100049c0                flash_get_unique_id
 *fill*         0x10004a06        0x2 
 .text.hw_endpoint_get_by_addr
                0x10004a08       0x18 CMakeFiles/Ex_4_EEPROM.dir/Users/amerilain/pico/pico-sdk/lib/tinyusb/src/portable/raspberrypi/rp2040/dcd_rp2040.c.obj
 .text._hw_endpoint_alloc
                0x10004a20       0x70 CMakeFiles/Ex_4_EEPROM.dir/Users/amerilain/pico/pico-sdk/lib/tinyusb/src/portable/raspberrypi/rp2040/dcd_rp2040.c.obj
 .text.hw_endpoint_init
                0x10004a90       0x88 CMakeFiles/Ex_4_EEPROM.dir/Users/amerilain/pico/pico-sdk/lib/tinyusb/src/portable/raspberrypi/rp2040/dcd_rp2040.c.obj
 .text.dcd_event_sof
                0x10004b18       0x2c CMakeFiles/Ex_4_EEPROM.dir/Users/amerilain/pico/pico-sdk/lib/tinyusb/src/portable/raspberrypi/rp2040/dcd_rp2040.c.obj
 .text.hw_endpoint_xfer
                0x10004b44       0x14 CMakeFiles/Ex_4_EEPROM.dir/Users/amerilain/pico/pico-sdk/lib/tinyusb/src/portable/raspberrypi/rp2040/dcd_rp2040.c.obj
 .text.dcd_int_enable
                0x10004b58       0x2c CMakeFiles/Ex_4_EEPROM.dir/Users/amerilain/pico/pico-sdk/lib/tinyusb/src/portable/raspberrypi/rp2040/dcd_rp2040.c.obj
                0x10004b58                dcd_int_enable
 .text.dcd_set_address
                0x10004b84       0x2c CMakeFiles/Ex_4_EEPROM.dir/Users/amerilain/pico/pico-sdk/lib/tinyusb/src/portable/raspberrypi/rp2040/dcd_rp2040.c.obj
                0x10004b84                dcd_set_address
 .text.dcd_connect
                0x10004bb0       0x10 CMakeFiles/Ex_4_EEPROM.dir/Users/amerilain/pico/pico-sdk/lib/tinyusb/src/portable/raspberrypi/rp2040/dcd_rp2040.c.obj
                0x10004bb0                dcd_connect
 .text.dcd_init
                0x10004bc0       0x80 CMakeFiles/Ex_4_EEPROM.dir/Users/amerilain/pico/pico-sdk/lib/tinyusb/src/portable/raspberrypi/rp2040/dcd_rp2040.c.obj
                0x10004bc0                dcd_init
 .text.dcd_edpt0_status_complete
                0x10004c40       0x1c CMakeFiles/Ex_4_EEPROM.dir/Users/amerilain/pico/pico-sdk/lib/tinyusb/src/portable/raspberrypi/rp2040/dcd_rp2040.c.obj
                0x10004c40                dcd_edpt0_status_complete
 .text.dcd_edpt_open
                0x10004c5c       0x40 CMakeFiles/Ex_4_EEPROM.dir/Users/amerilain/pico/pico-sdk/lib/tinyusb/src/portable/raspberrypi/rp2040/dcd_rp2040.c.obj
                0x10004c5c                dcd_edpt_open
 .text.dcd_edpt_close_all
                0x10004c9c        0x8 CMakeFiles/Ex_4_EEPROM.dir/Users/amerilain/pico/pico-sdk/lib/tinyusb/src/portable/raspberrypi/rp2040/dcd_rp2040.c.obj
                0x10004c9c                dcd_edpt_close_all
 .text.dcd_edpt_xfer
                0x10004ca4       0x34 CMakeFiles/Ex_4_EEPROM.dir/Users/amerilain/pico/pico-sdk/lib/tinyusb/src/portable/raspberrypi/rp2040/dcd_rp2040.c.obj
                0x10004ca4                dcd_edpt_xfer
 .text.dcd_edpt_stall
                0x10004cd8       0x2c CMakeFiles/Ex_4_EEPROM.dir/Users/amerilain/pico/pico-sdk/lib/tinyusb/src/portable/raspberrypi/rp2040/dcd_rp2040.c.obj
                0x10004cd8                dcd_edpt_stall
 .text.dcd_edpt_clear_stall
                0x10004d04       0x20 CMakeFiles/Ex_4_EEPROM.dir/Users/amerilain/pico/pico-sdk/lib/tinyusb/src/portable/raspberrypi/rp2040/dcd_rp2040.c.obj
                0x10004d04                dcd_edpt_clear_stall
 .text.rp2040_usb_init
                0x10004d24       0x4c CMakeFiles/Ex_4_EEPROM.dir/Users/amerilain/pico/pico-sdk/lib/tinyusb/src/portable/raspberrypi/rp2040/rp2040_usb.c.obj
                0x10004d24                rp2040_usb_init
 .text.hw_endpoint_xfer_start
                0x10004d70       0x50 CMakeFiles/Ex_4_EEPROM.dir/Users/amerilain/pico/pico-sdk/lib/tinyusb/src/portable/raspberrypi/rp2040/rp2040_usb.c.obj
                0x10004d70                hw_endpoint_xfer_start
 .text.configuration_reset
                0x10004dc0       0x84 CMakeFiles/Ex_4_EEPROM.dir/Users/amerilain/pico/pico-sdk/lib/tinyusb/src/device/usbd.c.obj
 .text.critical_section_enter_blocking
                0x10004e44       0x16 CMakeFiles/Ex_4_EEPROM.dir/Users/amerilain/pico/pico-sdk/lib/tinyusb/src/device/usbd.c.obj
 .text.usbd_reset
                0x10004e5a        0xc CMakeFiles/Ex_4_EEPROM.dir/Users/amerilain/pico/pico-sdk/lib/tinyusb/src/device/usbd.c.obj
 .text.invoke_class_control
                0x10004e66       0x1a CMakeFiles/Ex_4_EEPROM.dir/Users/amerilain/pico/pico-sdk/lib/tinyusb/src/device/usbd.c.obj
 .text.process_set_config
                0x10004e80      0x178 CMakeFiles/Ex_4_EEPROM.dir/Users/amerilain/pico/pico-sdk/lib/tinyusb/src/device/usbd.c.obj
 .text.process_get_descriptor
                0x10004ff8       0xdc CMakeFiles/Ex_4_EEPROM.dir/Users/amerilain/pico/pico-sdk/lib/tinyusb/src/device/usbd.c.obj
 .text.tud_mounted
                0x100050d4       0x10 CMakeFiles/Ex_4_EEPROM.dir/Users/amerilain/pico/pico-sdk/lib/tinyusb/src/device/usbd.c.obj
                0x100050d4                tud_mounted
 .text.tud_suspended
                0x100050e4       0x10 CMakeFiles/Ex_4_EEPROM.dir/Users/amerilain/pico/pico-sdk/lib/tinyusb/src/device/usbd.c.obj
                0x100050e4                tud_suspended
 .text.tud_inited
                0x100050f4       0x14 CMakeFiles/Ex_4_EEPROM.dir/Users/amerilain/pico/pico-sdk/lib/tinyusb/src/device/usbd.c.obj
                0x100050f4                tud_inited
 .text.tud_init
                0x10005108       0xcc CMakeFiles/Ex_4_EEPROM.dir/Users/amerilain/pico/pico-sdk/lib/tinyusb/src/device/usbd.c.obj
                0x10005108                tud_init
 .text.usbd_defer_func
                0x100051d4       0x2a CMakeFiles/Ex_4_EEPROM.dir/Users/amerilain/pico/pico-sdk/lib/tinyusb/src/device/usbd.c.obj
                0x100051d4                usbd_defer_func
 *fill*         0x100051fe        0x2 
 .text.usbd_edpt_open
                0x10005200       0x34 CMakeFiles/Ex_4_EEPROM.dir/Users/amerilain/pico/pico-sdk/lib/tinyusb/src/device/usbd.c.obj
                0x10005200                usbd_edpt_open
 .text.usbd_open_edpt_pair
                0x10005234       0x62 CMakeFiles/Ex_4_EEPROM.dir/Users/amerilain/pico/pico-sdk/lib/tinyusb/src/device/usbd.c.obj
                0x10005234                usbd_open_edpt_pair
 *fill*         0x10005296        0x2 
 .text.usbd_edpt_claim
                0x10005298       0x28 CMakeFiles/Ex_4_EEPROM.dir/Users/amerilain/pico/pico-sdk/lib/tinyusb/src/device/usbd.c.obj
                0x10005298                usbd_edpt_claim
 .text.usbd_edpt_release
                0x100052c0       0x28 CMakeFiles/Ex_4_EEPROM.dir/Users/amerilain/pico/pico-sdk/lib/tinyusb/src/device/usbd.c.obj
                0x100052c0                usbd_edpt_release
 .text.usbd_edpt_xfer
                0x100052e8       0x78 CMakeFiles/Ex_4_EEPROM.dir/Users/amerilain/pico/pico-sdk/lib/tinyusb/src/device/usbd.c.obj
                0x100052e8                usbd_edpt_xfer
 .text.usbd_edpt_stall
                0x10005360       0x48 CMakeFiles/Ex_4_EEPROM.dir/Users/amerilain/pico/pico-sdk/lib/tinyusb/src/device/usbd.c.obj
                0x10005360                usbd_edpt_stall
 .text.usbd_edpt_clear_stall
                0x100053a8       0x48 CMakeFiles/Ex_4_EEPROM.dir/Users/amerilain/pico/pico-sdk/lib/tinyusb/src/device/usbd.c.obj
                0x100053a8                usbd_edpt_clear_stall
 .text.usbd_edpt_stalled
                0x100053f0       0x1c CMakeFiles/Ex_4_EEPROM.dir/Users/amerilain/pico/pico-sdk/lib/tinyusb/src/device/usbd.c.obj
                0x100053f0                usbd_edpt_stalled
 .text.process_control_request
                0x1000540c      0x374 CMakeFiles/Ex_4_EEPROM.dir/Users/amerilain/pico/pico-sdk/lib/tinyusb/src/device/usbd.c.obj
 .text.tud_task_ext
                0x10005780      0x1a8 CMakeFiles/Ex_4_EEPROM.dir/Users/amerilain/pico/pico-sdk/lib/tinyusb/src/device/usbd.c.obj
                0x10005780                tud_task_ext
 .text._status_stage_xact
                0x10005928       0x1a CMakeFiles/Ex_4_EEPROM.dir/Users/amerilain/pico/pico-sdk/lib/tinyusb/src/device/usbd_control.c.obj
 *fill*         0x10005942        0x2 
 .text._data_stage_xact
                0x10005944       0x58 CMakeFiles/Ex_4_EEPROM.dir/Users/amerilain/pico/pico-sdk/lib/tinyusb/src/device/usbd_control.c.obj
 .text.tud_control_status
                0x1000599c       0x28 CMakeFiles/Ex_4_EEPROM.dir/Users/amerilain/pico/pico-sdk/lib/tinyusb/src/device/usbd_control.c.obj
                0x1000599c                tud_control_status
 .text.tud_control_xfer
                0x100059c4       0x68 CMakeFiles/Ex_4_EEPROM.dir/Users/amerilain/pico/pico-sdk/lib/tinyusb/src/device/usbd_control.c.obj
                0x100059c4                tud_control_xfer
 .text.usbd_control_reset
                0x10005a2c       0x14 CMakeFiles/Ex_4_EEPROM.dir/Users/amerilain/pico/pico-sdk/lib/tinyusb/src/device/usbd_control.c.obj
                0x10005a2c                usbd_control_reset
 .text.usbd_control_set_complete_callback
                0x10005a40        0xc CMakeFiles/Ex_4_EEPROM.dir/Users/amerilain/pico/pico-sdk/lib/tinyusb/src/device/usbd_control.c.obj
                0x10005a40                usbd_control_set_complete_callback
 .text.usbd_control_set_request
                0x10005a4c       0x1c CMakeFiles/Ex_4_EEPROM.dir/Users/amerilain/pico/pico-sdk/lib/tinyusb/src/device/usbd_control.c.obj
                0x10005a4c                usbd_control_set_request
 .text.usbd_control_xfer_cb
                0x10005a68       0xbc CMakeFiles/Ex_4_EEPROM.dir/Users/amerilain/pico/pico-sdk/lib/tinyusb/src/device/usbd_control.c.obj
                0x10005a68                usbd_control_xfer_cb
 .text._prep_out_transaction
                0x10005b24       0x4a CMakeFiles/Ex_4_EEPROM.dir/Users/amerilain/pico/pico-sdk/lib/tinyusb/src/class/cdc/cdc_device.c.obj
 *fill*         0x10005b6e        0x2 
 .text.tud_cdc_n_connected
                0x10005b70       0x38 CMakeFiles/Ex_4_EEPROM.dir/Users/amerilain/pico/pico-sdk/lib/tinyusb/src/class/cdc/cdc_device.c.obj
                0x10005b70                tud_cdc_n_connected
 .text.tud_cdc_n_available
                0x10005ba8       0x18 CMakeFiles/Ex_4_EEPROM.dir/Users/amerilain/pico/pico-sdk/lib/tinyusb/src/class/cdc/cdc_device.c.obj
                0x10005ba8                tud_cdc_n_available
 .text.tud_cdc_n_read
                0x10005bc0       0x28 CMakeFiles/Ex_4_EEPROM.dir/Users/amerilain/pico/pico-sdk/lib/tinyusb/src/class/cdc/cdc_device.c.obj
                0x10005bc0                tud_cdc_n_read
 .text.tud_cdc_n_write_flush
                0x10005be8       0xb8 CMakeFiles/Ex_4_EEPROM.dir/Users/amerilain/pico/pico-sdk/lib/tinyusb/src/class/cdc/cdc_device.c.obj
                0x10005be8                tud_cdc_n_write_flush
 .text.tud_cdc_n_write
                0x10005ca0       0x38 CMakeFiles/Ex_4_EEPROM.dir/Users/amerilain/pico/pico-sdk/lib/tinyusb/src/class/cdc/cdc_device.c.obj
                0x10005ca0                tud_cdc_n_write
 .text.tud_cdc_n_write_available
                0x10005cd8       0x1c CMakeFiles/Ex_4_EEPROM.dir/Users/amerilain/pico/pico-sdk/lib/tinyusb/src/class/cdc/cdc_device.c.obj
                0x10005cd8                tud_cdc_n_write_available
 .text.cdcd_init
                0x10005cf4       0xbc CMakeFiles/Ex_4_EEPROM.dir/Users/amerilain/pico/pico-sdk/lib/tinyusb/src/class/cdc/cdc_device.c.obj
                0x10005cf4                cdcd_init
 .text.cdcd_reset
                0x10005db0       0x44 CMakeFiles/Ex_4_EEPROM.dir/Users/amerilain/pico/pico-sdk/lib/tinyusb/src/class/cdc/cdc_device.c.obj
                0x10005db0                cdcd_reset
 .text.cdcd_open
                0x10005df4       0xc4 CMakeFiles/Ex_4_EEPROM.dir/Users/amerilain/pico/pico-sdk/lib/tinyusb/src/class/cdc/cdc_device.c.obj
                0x10005df4                cdcd_open
 .text.cdcd_control_xfer_cb
                0x10005eb8      0x134 CMakeFiles/Ex_4_EEPROM.dir/Users/amerilain/pico/pico-sdk/lib/tinyusb/src/class/cdc/cdc_device.c.obj
                0x10005eb8                cdcd_control_xfer_cb
 .text.cdcd_xfer_cb
                0x10005fec      0x130 CMakeFiles/Ex_4_EEPROM.dir/Users/amerilain/pico/pico-sdk/lib/tinyusb/src/class/cdc/cdc_device.c.obj
                0x10005fec                cdcd_xfer_cb
 .text.tusb_init
                0x1000611c        0xa CMakeFiles/Ex_4_EEPROM.dir/Users/amerilain/pico/pico-sdk/lib/tinyusb/src/tusb.c.obj
                0x1000611c                tusb_init
 .text.tusb_inited
                0x10006126        0xe CMakeFiles/Ex_4_EEPROM.dir/Users/amerilain/pico/pico-sdk/lib/tinyusb/src/tusb.c.obj
                0x10006126                tusb_inited
 .text.tu_edpt_claim
                0x10006134       0x50 CMakeFiles/Ex_4_EEPROM.dir/Users/amerilain/pico/pico-sdk/lib/tinyusb/src/tusb.c.obj
                0x10006134                tu_edpt_claim
 .text.tu_edpt_release
                0x10006184       0x38 CMakeFiles/Ex_4_EEPROM.dir/Users/amerilain/pico/pico-sdk/lib/tinyusb/src/tusb.c.obj
                0x10006184                tu_edpt_release
 .text.tu_edpt_validate
                0x100061bc       0x78 CMakeFiles/Ex_4_EEPROM.dir/Users/amerilain/pico/pico-sdk/lib/tinyusb/src/tusb.c.obj
                0x100061bc                tu_edpt_validate
 .text.tu_edpt_bind_driver
                0x10006234       0x26 CMakeFiles/Ex_4_EEPROM.dir/Users/amerilain/pico/pico-sdk/lib/tinyusb/src/tusb.c.obj
                0x10006234                tu_edpt_bind_driver
 .text.advance_index
                0x1000625a       0x1a CMakeFiles/Ex_4_EEPROM.dir/Users/amerilain/pico/pico-sdk/lib/tinyusb/src/common/tusb_fifo.c.obj
 .text._tu_fifo_peek
                0x10006274       0x56 CMakeFiles/Ex_4_EEPROM.dir/Users/amerilain/pico/pico-sdk/lib/tinyusb/src/common/tusb_fifo.c.obj
 .text._ff_pull_const_addr
                0x100062ca       0x4c CMakeFiles/Ex_4_EEPROM.dir/Users/amerilain/pico/pico-sdk/lib/tinyusb/src/common/tusb_fifo.c.obj
 .text._ff_pull_n
                0x10006316      0x110 CMakeFiles/Ex_4_EEPROM.dir/Users/amerilain/pico/pico-sdk/lib/tinyusb/src/common/tusb_fifo.c.obj
 .text._tu_fifo_peek_n
                0x10006426       0x6a CMakeFiles/Ex_4_EEPROM.dir/Users/amerilain/pico/pico-sdk/lib/tinyusb/src/common/tusb_fifo.c.obj
 .text._tu_fifo_read_n
                0x10006490       0x4e CMakeFiles/Ex_4_EEPROM.dir/Users/amerilain/pico/pico-sdk/lib/tinyusb/src/common/tusb_fifo.c.obj
 .text._ff_push_const_addr
                0x100064de       0x40 CMakeFiles/Ex_4_EEPROM.dir/Users/amerilain/pico/pico-sdk/lib/tinyusb/src/common/tusb_fifo.c.obj
 .text._ff_push_n
                0x1000651e      0x10c CMakeFiles/Ex_4_EEPROM.dir/Users/amerilain/pico/pico-sdk/lib/tinyusb/src/common/tusb_fifo.c.obj
 .text._tu_fifo_write_n
                0x1000662a       0xf0 CMakeFiles/Ex_4_EEPROM.dir/Users/amerilain/pico/pico-sdk/lib/tinyusb/src/common/tusb_fifo.c.obj
 .text.tu_fifo_config
                0x1000671a       0x7c CMakeFiles/Ex_4_EEPROM.dir/Users/amerilain/pico/pico-sdk/lib/tinyusb/src/common/tusb_fifo.c.obj
                0x1000671a                tu_fifo_config
 .text.tu_fifo_count
                0x10006796       0x2a CMakeFiles/Ex_4_EEPROM.dir/Users/amerilain/pico/pico-sdk/lib/tinyusb/src/common/tusb_fifo.c.obj
                0x10006796                tu_fifo_count
 .text.tu_fifo_empty
                0x100067c0        0xe CMakeFiles/Ex_4_EEPROM.dir/Users/amerilain/pico/pico-sdk/lib/tinyusb/src/common/tusb_fifo.c.obj
                0x100067c0                tu_fifo_empty
 .text.tu_fifo_full
                0x100067ce       0x28 CMakeFiles/Ex_4_EEPROM.dir/Users/amerilain/pico/pico-sdk/lib/tinyusb/src/common/tusb_fifo.c.obj
                0x100067ce                tu_fifo_full
 .text.tu_fifo_remaining
                0x100067f6       0x2c CMakeFiles/Ex_4_EEPROM.dir/Users/amerilain/pico/pico-sdk/lib/tinyusb/src/common/tusb_fifo.c.obj
                0x100067f6                tu_fifo_remaining
 .text.tu_fifo_read
                0x10006822       0x42 CMakeFiles/Ex_4_EEPROM.dir/Users/amerilain/pico/pico-sdk/lib/tinyusb/src/common/tusb_fifo.c.obj
                0x10006822                tu_fifo_read
 .text.tu_fifo_read_n
                0x10006864        0xa CMakeFiles/Ex_4_EEPROM.dir/Users/amerilain/pico/pico-sdk/lib/tinyusb/src/common/tusb_fifo.c.obj
                0x10006864                tu_fifo_read_n
 .text.tu_fifo_write
                0x1000686e       0x64 CMakeFiles/Ex_4_EEPROM.dir/Users/amerilain/pico/pico-sdk/lib/tinyusb/src/common/tusb_fifo.c.obj
                0x1000686e                tu_fifo_write
 .text.tu_fifo_write_n
                0x100068d2        0xa CMakeFiles/Ex_4_EEPROM.dir/Users/amerilain/pico/pico-sdk/lib/tinyusb/src/common/tusb_fifo.c.obj
                0x100068d2                tu_fifo_write_n
 .text.tu_fifo_clear
                0x100068dc       0x3e CMakeFiles/Ex_4_EEPROM.dir/Users/amerilain/pico/pico-sdk/lib/tinyusb/src/common/tusb_fifo.c.obj
                0x100068dc                tu_fifo_clear
 .text.tu_fifo_set_overwritable
                0x1000691a       0x46 CMakeFiles/Ex_4_EEPROM.dir/Users/amerilain/pico/pico-sdk/lib/tinyusb/src/common/tusb_fifo.c.obj
                0x1000691a                tu_fifo_set_overwritable
 .text.i2c_write_blocking_internal
                0x10006960      0x146 CMakeFiles/Ex_4_EEPROM.dir/Users/amerilain/pico/pico-sdk/src/rp2_common/hardware_i2c/i2c.c.obj
 .text.i2c_read_blocking_internal
                0x10006aa6       0xe6 CMakeFiles/Ex_4_EEPROM.dir/Users/amerilain/pico/pico-sdk/src/rp2_common/hardware_i2c/i2c.c.obj
 .text.i2c_set_baudrate
                0x10006b8c       0xf0 CMakeFiles/Ex_4_EEPROM.dir/Users/amerilain/pico/pico-sdk/src/rp2_common/hardware_i2c/i2c.c.obj
                0x10006b8c                i2c_set_baudrate
 .text.i2c_init
                0x10006c7c       0x58 CMakeFiles/Ex_4_EEPROM.dir/Users/amerilain/pico/pico-sdk/src/rp2_common/hardware_i2c/i2c.c.obj
                0x10006c7c                i2c_init
 .text.i2c_write_blocking
                0x10006cd4       0x18 CMakeFiles/Ex_4_EEPROM.dir/Users/amerilain/pico/pico-sdk/src/rp2_common/hardware_i2c/i2c.c.obj
                0x10006cd4                i2c_write_blocking
 .text.i2c_read_blocking
                0x10006cec       0x18 CMakeFiles/Ex_4_EEPROM.dir/Users/amerilain/pico/pico-sdk/src/rp2_common/hardware_i2c/i2c.c.obj
                0x10006cec                i2c_read_blocking
 .text.strlen   0x10006d04       0x5c /Applications/ArmGNUToolchain/12.3.rel1/arm-none-eabi/bin/../lib/gcc/arm-none-eabi/12.3.1/../../../../arm-none-eabi/lib/thumb/v6-m/nofp/libg.a(libc_a-strlen-stub.o)
                0x10006d04                strlen
 *(.fini)
 .fini          0x10006d60        0x4 /Applications/ArmGNUToolchain/12.3.rel1/arm-none-eabi/bin/../lib/gcc/arm-none-eabi/12.3.1/thumb/v6-m/nofp/crti.o
                0x10006d60                _fini
 *fill*         0x10006d64        0x4 
 .fini.__stub   0x10006d68       0xe0 linker stubs
 *crtbegin.o(.ctors)
 *crtbegin?.o(.ctors)
 *(EXCLUDE_FILE(*crtend.o *crtend?.o) .ctors)
 *(SORT_BY_NAME(.ctors.*))
 *(.ctors)
 *crtbegin.o(.dtors)
 *crtbegin?.o(.dtors)
 *(EXCLUDE_FILE(*crtend.o *crtend?.o) .dtors)
 *(SORT_BY_NAME(.dtors.*))
 *(.dtors)
 *(.eh_frame*)
 .eh_frame      0x10006e48        0x0 /Applications/ArmGNUToolchain/12.3.rel1/arm-none-eabi/bin/../lib/gcc/arm-none-eabi/12.3.1/thumb/v6-m/nofp/crtbegin.o
                0x10006e48                        . = ALIGN (0x4)

.glue_7         0x10006e48        0x0
 .glue_7        0x10006e48        0x0 linker stubs

.glue_7t        0x10006e48        0x0
 .glue_7t       0x10006e48        0x0 linker stubs

.vfp11_veneer   0x10006e48        0x0
 .vfp11_veneer  0x10006e48        0x0 linker stubs

.v4_bx          0x10006e48        0x0
 .v4_bx         0x10006e48        0x0 linker stubs

.iplt           0x10006e48        0x0
 .iplt          0x10006e48        0x0 /Applications/ArmGNUToolchain/12.3.rel1/arm-none-eabi/bin/../lib/gcc/arm-none-eabi/12.3.1/thumb/v6-m/nofp/crtbegin.o

.rodata         0x10006e48     0x1640
 *(EXCLUDE_FILE(*libm.a: *libc.a:*lib_a-mem*.o *libgcc.a:) .rodata*)
 .rodata.update_us_since_boot.str1.4
                0x10006e48       0x65 CMakeFiles/Ex_4_EEPROM.dir/main.c.obj
 *fill*         0x10006ead        0x3 
 .rodata.init_i2c.str1.4
                0x10006eb0       0x10 CMakeFiles/Ex_4_EEPROM.dir/main.c.obj
 .rodata.main.str1.4
                0x10006ec0       0x3f CMakeFiles/Ex_4_EEPROM.dir/main.c.obj
 *fill*         0x10006eff        0x1 
 .rodata.__func__.0
                0x10006f00       0x15 CMakeFiles/Ex_4_EEPROM.dir/main.c.obj
 *fill*         0x10006f15        0x3 
 .rodata        0x10006f18        0x3 CMakeFiles/Ex_4_EEPROM.dir/main.c.obj
 *fill*         0x10006f1b        0x1 
 .rodata.spin_lock_claim_unused.str1.4
                0x10006f1c       0x1b CMakeFiles/Ex_4_EEPROM.dir/Users/amerilain/pico/pico-sdk/src/rp2_common/hardware_sync/sync.c.obj
 *fill*         0x10006f37        0x1 
 .rodata.resolve_branch.str1.4
                0x10006f38       0x59 CMakeFiles/Ex_4_EEPROM.dir/Users/amerilain/pico/pico-sdk/src/rp2_common/hardware_irq/irq.c.obj
 *fill*         0x10006f91        0x3 
 .rodata.make_branch.str1.4
                0x10006f94       0x30 CMakeFiles/Ex_4_EEPROM.dir/Users/amerilain/pico/pico-sdk/src/rp2_common/hardware_irq/irq.c.obj
 .rodata.insert_branch_and_link.str1.4
                0x10006fc4       0x10 CMakeFiles/Ex_4_EEPROM.dir/Users/amerilain/pico/pico-sdk/src/rp2_common/hardware_irq/irq.c.obj
 .rodata.irq_set_exclusive_handler.str1.4
                0x10006fd4       0x36 CMakeFiles/Ex_4_EEPROM.dir/Users/amerilain/pico/pico-sdk/src/rp2_common/hardware_irq/irq.c.obj
 *fill*         0x1000700a        0x2 
 .rodata.irq_add_shared_handler.str1.4
                0x1000700c       0xc2 CMakeFiles/Ex_4_EEPROM.dir/Users/amerilain/pico/pico-sdk/src/rp2_common/hardware_irq/irq.c.obj
 *fill*         0x100070ce        0x2 
 .rodata.irq_remove_handler.str1.4
                0x100070d0       0x3a CMakeFiles/Ex_4_EEPROM.dir/Users/amerilain/pico/pico-sdk/src/rp2_common/hardware_irq/irq.c.obj
 *fill*         0x1000710a        0x2 
 .rodata.irq_add_tail_to_free_list.str1.4
                0x1000710c       0x3a CMakeFiles/Ex_4_EEPROM.dir/Users/amerilain/pico/pico-sdk/src/rp2_common/hardware_irq/irq.c.obj
 *fill*         0x10007146        0x2 
 .rodata.user_irq_claim_unused.str1.4
                0x10007148       0x1b CMakeFiles/Ex_4_EEPROM.dir/Users/amerilain/pico/pico-sdk/src/rp2_common/hardware_irq/irq.c.obj
 *fill*         0x10007163        0x1 
 .rodata.__func__.0
                0x10007164       0x1a CMakeFiles/Ex_4_EEPROM.dir/Users/amerilain/pico/pico-sdk/src/rp2_common/hardware_irq/irq.c.obj
 *fill*         0x1000717e        0x2 
 .rodata.__func__.1
                0x10007180       0x17 CMakeFiles/Ex_4_EEPROM.dir/Users/amerilain/pico/pico-sdk/src/rp2_common/hardware_irq/irq.c.obj
 *fill*         0x10007197        0x1 
 .rodata.__func__.2
                0x10007198       0x13 CMakeFiles/Ex_4_EEPROM.dir/Users/amerilain/pico/pico-sdk/src/rp2_common/hardware_irq/irq.c.obj
 *fill*         0x100071ab        0x1 
 .rodata.__func__.3
                0x100071ac        0xc CMakeFiles/Ex_4_EEPROM.dir/Users/amerilain/pico/pico-sdk/src/rp2_common/hardware_irq/irq.c.obj
 .rodata.__func__.4
                0x100071b8        0xf CMakeFiles/Ex_4_EEPROM.dir/Users/amerilain/pico/pico-sdk/src/rp2_common/hardware_irq/irq.c.obj
 *fill*         0x100071c7        0x1 
 .rodata.__func__.5
                0x100071c8       0x17 CMakeFiles/Ex_4_EEPROM.dir/Users/amerilain/pico/pico-sdk/src/rp2_common/hardware_irq/irq.c.obj
 *fill*         0x100071df        0x1 
 .rodata.__func__.6
                0x100071e0       0x1a CMakeFiles/Ex_4_EEPROM.dir/Users/amerilain/pico/pico-sdk/src/rp2_common/hardware_irq/irq.c.obj
 .rodata.update_us_since_boot.str1.4
                0x100071fa       0x65 CMakeFiles/Ex_4_EEPROM.dir/Users/amerilain/pico/pico-sdk/src/common/pico_sync/mutex.c.obj
 *fill*         0x100071fa        0x2 
 .rodata.str1.4
                0x100071fc       0x8d CMakeFiles/Ex_4_EEPROM.dir/Users/amerilain/pico/pico-sdk/src/common/pico_sync/mutex.c.obj
 *fill*         0x10007289        0x3 
 .rodata.__func__.1
                0x1000728c        0xb CMakeFiles/Ex_4_EEPROM.dir/Users/amerilain/pico/pico-sdk/src/common/pico_sync/mutex.c.obj
 *fill*         0x10007297        0x1 
 .rodata.__func__.3
                0x10007298       0x18 CMakeFiles/Ex_4_EEPROM.dir/Users/amerilain/pico/pico-sdk/src/common/pico_sync/mutex.c.obj
 .rodata.__func__.4
                0x100072b0       0x15 CMakeFiles/Ex_4_EEPROM.dir/Users/amerilain/pico/pico-sdk/src/common/pico_sync/mutex.c.obj
 *fill*         0x100072c5        0x3 
 .rodata.get_entry.str1.4
                0x100072c8       0x5f CMakeFiles/Ex_4_EEPROM.dir/Users/amerilain/pico/pico-sdk/src/common/pico_time/time.c.obj
 .rodata.update_us_since_boot.str1.4
                0x10007327       0x65 CMakeFiles/Ex_4_EEPROM.dir/Users/amerilain/pico/pico-sdk/src/common/pico_time/time.c.obj
 *fill*         0x10007327        0x1 
 .rodata.ph_get_node.str1.4
                0x10007328       0x6a CMakeFiles/Ex_4_EEPROM.dir/Users/amerilain/pico/pico-sdk/src/common/pico_time/time.c.obj
 *fill*         0x10007392        0x2 
 .rodata.ph_add_child_node.str1.4
                0x10007394       0x2e CMakeFiles/Ex_4_EEPROM.dir/Users/amerilain/pico/pico-sdk/src/common/pico_time/time.c.obj
 *fill*         0x100073c2        0x2 
 .rodata.ph_insert_node.str1.4
                0x100073c4        0x3 CMakeFiles/Ex_4_EEPROM.dir/Users/amerilain/pico/pico-sdk/src/common/pico_time/time.c.obj
 *fill*         0x100073c7        0x1 
 .rodata.ph_free_node.str1.4
                0x100073c8       0x38 CMakeFiles/Ex_4_EEPROM.dir/Users/amerilain/pico/pico-sdk/src/common/pico_time/time.c.obj
 .rodata.add_alarm_under_lock.str1.4
                0x10007400       0x28 CMakeFiles/Ex_4_EEPROM.dir/Users/amerilain/pico/pico-sdk/src/common/pico_time/time.c.obj
 .rodata.alarm_pool_alarm_callback.str1.4
                0x10007428       0x60 CMakeFiles/Ex_4_EEPROM.dir/Users/amerilain/pico/pico-sdk/src/common/pico_time/time.c.obj
 .rodata.alarm_pool_get_default.str1.4
                0x10007488       0x21 CMakeFiles/Ex_4_EEPROM.dir/Users/amerilain/pico/pico-sdk/src/common/pico_time/time.c.obj
 *fill*         0x100074a9        0x3 
 .rodata.alarm_pool_cancel_alarm.str1.4
                0x100074ac       0x27 CMakeFiles/Ex_4_EEPROM.dir/Users/amerilain/pico/pico-sdk/src/common/pico_time/time.c.obj
 *fill*         0x100074d3        0x1 
 .rodata.sleep_until.str1.4
                0x100074d4       0x4d CMakeFiles/Ex_4_EEPROM.dir/Users/amerilain/pico/pico-sdk/src/common/pico_time/time.c.obj
 *fill*         0x10007521        0x3 
 .rodata.__func__.1
                0x10007524       0x18 CMakeFiles/Ex_4_EEPROM.dir/Users/amerilain/pico/pico-sdk/src/common/pico_time/time.c.obj
 .rodata.__func__.3
                0x1000753c       0x17 CMakeFiles/Ex_4_EEPROM.dir/Users/amerilain/pico/pico-sdk/src/common/pico_time/time.c.obj
 *fill*         0x10007553        0x1 
 .rodata.__func__.4
                0x10007554       0x12 CMakeFiles/Ex_4_EEPROM.dir/Users/amerilain/pico/pico-sdk/src/common/pico_time/time.c.obj
 *fill*         0x10007566        0x2 
 .rodata.__func__.5
                0x10007568        0xd CMakeFiles/Ex_4_EEPROM.dir/Users/amerilain/pico/pico-sdk/src/common/pico_time/time.c.obj
 *fill*         0x10007575        0x3 
 .rodata.__func__.6
                0x10007578       0x12 CMakeFiles/Ex_4_EEPROM.dir/Users/amerilain/pico/pico-sdk/src/common/pico_time/time.c.obj
 *fill*         0x1000758a        0x2 
 .rodata.__func__.7
                0x1000758c        0xf CMakeFiles/Ex_4_EEPROM.dir/Users/amerilain/pico/pico-sdk/src/common/pico_time/time.c.obj
 *fill*         0x1000759b        0x1 
 .rodata.__func__.8
                0x1000759c        0xc CMakeFiles/Ex_4_EEPROM.dir/Users/amerilain/pico/pico-sdk/src/common/pico_time/time.c.obj
 .rodata.__func__.9
                0x100075a8       0x15 CMakeFiles/Ex_4_EEPROM.dir/Users/amerilain/pico/pico-sdk/src/common/pico_time/time.c.obj
 *fill*         0x100075bd        0x3 
 .rodata.__func__.10
                0x100075c0       0x15 CMakeFiles/Ex_4_EEPROM.dir/Users/amerilain/pico/pico-sdk/src/common/pico_time/time.c.obj
 *fill*         0x100075d5        0x3 
 .rodata.__func__.11
                0x100075d8       0x1a CMakeFiles/Ex_4_EEPROM.dir/Users/amerilain/pico/pico-sdk/src/common/pico_time/time.c.obj
 *fill*         0x100075f2        0x2 
 .rodata.__func__.12
                0x100075f4        0xa CMakeFiles/Ex_4_EEPROM.dir/Users/amerilain/pico/pico-sdk/src/common/pico_time/time.c.obj
 *fill*         0x100075fe        0x2 
 .rodata.hardware_alarm_claim.str1.4
                0x10007600       0x22 CMakeFiles/Ex_4_EEPROM.dir/Users/amerilain/pico/pico-sdk/src/rp2_common/hardware_timer/timer.c.obj
 *fill*         0x10007622        0x2 
 .rodata.hardware_alarm_set_target.str1.4
                0x10007624       0x69 CMakeFiles/Ex_4_EEPROM.dir/Users/amerilain/pico/pico-sdk/src/rp2_common/hardware_timer/timer.c.obj
 *fill*         0x1000768d        0x3 
 .rodata.__func__.0
                0x10007690       0x1a CMakeFiles/Ex_4_EEPROM.dir/Users/amerilain/pico/pico-sdk/src/rp2_common/hardware_timer/timer.c.obj
 .rodata.ph_get_node.str1.4
                0x100076aa       0x6a CMakeFiles/Ex_4_EEPROM.dir/Users/amerilain/pico/pico-sdk/src/common/pico_util/pheap.c.obj
 .rodata.ph_add_child_node.str1.4
                0x100076aa       0x2e CMakeFiles/Ex_4_EEPROM.dir/Users/amerilain/pico/pico-sdk/src/common/pico_util/pheap.c.obj
 *fill*         0x100076aa        0x2 
 .rodata.ph_remove_any_head.str1.4
                0x100076ac       0x90 CMakeFiles/Ex_4_EEPROM.dir/Users/amerilain/pico/pico-sdk/src/common/pico_util/pheap.c.obj
                                 0xa4 (size before relaxing)
 .rodata.ph_remove_and_free_node.str1.4
                0x1000773c       0x1e CMakeFiles/Ex_4_EEPROM.dir/Users/amerilain/pico/pico-sdk/src/common/pico_util/pheap.c.obj
                                 0x26 (size before relaxing)
 *fill*         0x1000775a        0x2 
 .rodata.__func__.0
                0x1000775c       0x18 CMakeFiles/Ex_4_EEPROM.dir/Users/amerilain/pico/pico-sdk/src/common/pico_util/pheap.c.obj
 .rodata.__func__.1
                0x10007774       0x13 CMakeFiles/Ex_4_EEPROM.dir/Users/amerilain/pico/pico-sdk/src/common/pico_util/pheap.c.obj
 *fill*         0x10007787        0x1 
 .rodata.__func__.2
                0x10007788       0x12 CMakeFiles/Ex_4_EEPROM.dir/Users/amerilain/pico/pico-sdk/src/common/pico_util/pheap.c.obj
 *fill*         0x1000779a        0x2 
 .rodata.__func__.3
                0x1000779c        0xc CMakeFiles/Ex_4_EEPROM.dir/Users/amerilain/pico/pico-sdk/src/common/pico_util/pheap.c.obj
 .rodata.clock_configure.str1.4
                0x100077a8       0x5b CMakeFiles/Ex_4_EEPROM.dir/Users/amerilain/pico/pico-sdk/src/rp2_common/hardware_clocks/clocks.c.obj
 *fill*         0x10007803        0x1 
 .rodata.__func__.1
                0x10007804       0x10 CMakeFiles/Ex_4_EEPROM.dir/Users/amerilain/pico/pico-sdk/src/rp2_common/hardware_clocks/clocks.c.obj
 .rodata.pll_init.str1.4
                0x10007814      0x128 CMakeFiles/Ex_4_EEPROM.dir/Users/amerilain/pico/pico-sdk/src/rp2_common/hardware_pll/pll.c.obj
 .rodata.__func__.0
                0x1000793c        0x9 CMakeFiles/Ex_4_EEPROM.dir/Users/amerilain/pico/pico-sdk/src/rp2_common/hardware_pll/pll.c.obj
 *fill*         0x10007945        0x3 
 .rodata.__assert_func.str1.4
                0x10007948       0x3f CMakeFiles/Ex_4_EEPROM.dir/Users/amerilain/pico/pico-sdk/src/rp2_common/pico_runtime/runtime.c.obj
                                 0x43 (size before relaxing)
 *fill*         0x10007987        0x1 
 .rodata.runtime_init.str1.4
                0x10007988       0x65 CMakeFiles/Ex_4_EEPROM.dir/Users/amerilain/pico/pico-sdk/src/rp2_common/pico_runtime/runtime.c.obj
 *fill*         0x100079ed        0x3 
 .rodata.panic.str1.4
                0x100079f0       0x12 CMakeFiles/Ex_4_EEPROM.dir/Users/amerilain/pico/pico-sdk/src/rp2_common/pico_runtime/runtime.c.obj
 *fill*         0x10007a02        0x2 
 .rodata.__func__.2
                0x10007a04        0xd CMakeFiles/Ex_4_EEPROM.dir/Users/amerilain/pico/pico-sdk/src/rp2_common/pico_runtime/runtime.c.obj
 *fill*         0x10007a11        0x3 
 .rodata._ftoa.str1.4
                0x10007a14       0x15 CMakeFiles/Ex_4_EEPROM.dir/Users/amerilain/pico/pico-sdk/src/rp2_common/pico_printf/printf.c.obj
 *fill*         0x10007a29        0x3 
 .rodata._vsnprintf
                0x10007a2c      0x19c CMakeFiles/Ex_4_EEPROM.dir/Users/amerilain/pico/pico-sdk/src/rp2_common/pico_printf/printf.c.obj
 .rodata.pow10.0
                0x10007bc8       0x50 CMakeFiles/Ex_4_EEPROM.dir/Users/amerilain/pico/pico-sdk/src/rp2_common/pico_printf/printf.c.obj
 .rodata.missing_double_func_shim.str1.4
                0x10007c18       0x18 CMakeFiles/Ex_4_EEPROM.dir/Users/amerilain/pico/pico-sdk/src/rp2_common/pico_double/double_init_rom.c.obj
 .rodata.__aeabi_double_init.str1.4
                0x10007c30       0xa0 CMakeFiles/Ex_4_EEPROM.dir/Users/amerilain/pico/pico-sdk/src/rp2_common/pico_double/double_init_rom.c.obj
 .rodata.__func__.0
                0x10007cd0       0x14 CMakeFiles/Ex_4_EEPROM.dir/Users/amerilain/pico/pico-sdk/src/rp2_common/pico_double/double_init_rom.c.obj
 .rodata.missing_float_func_shim.str1.4
                0x10007ce4        0x1 CMakeFiles/Ex_4_EEPROM.dir/Users/amerilain/pico/pico-sdk/src/rp2_common/pico_float/float_init_rom.c.obj
 .rodata.__aeabi_float_init.str1.4
                0x10007ce4       0x7e CMakeFiles/Ex_4_EEPROM.dir/Users/amerilain/pico/pico-sdk/src/rp2_common/pico_float/float_init_rom.c.obj
 *fill*         0x10007d62        0x2 
 .rodata.__func__.0
                0x10007d64       0x13 CMakeFiles/Ex_4_EEPROM.dir/Users/amerilain/pico/pico-sdk/src/rp2_common/pico_float/float_init_rom.c.obj
 *fill*         0x10007d77        0x1 
 .rodata.str1.4
                0x10007d78       0x40 CMakeFiles/Ex_4_EEPROM.dir/Users/amerilain/pico/pico-sdk/src/rp2_common/pico_standard_link/binary_info.c.obj
 .rodata.__bi_81
                0x10007db8        0xc CMakeFiles/Ex_4_EEPROM.dir/Users/amerilain/pico/pico-sdk/src/rp2_common/pico_standard_link/binary_info.c.obj
 .rodata.__bi_75
                0x10007dc4        0xc CMakeFiles/Ex_4_EEPROM.dir/Users/amerilain/pico/pico-sdk/src/rp2_common/pico_standard_link/binary_info.c.obj
 .rodata.__bi_44
                0x10007dd0        0xc CMakeFiles/Ex_4_EEPROM.dir/Users/amerilain/pico/pico-sdk/src/rp2_common/pico_standard_link/binary_info.c.obj
 .rodata.update_us_since_boot.str1.4
                0x10007ddc       0x65 CMakeFiles/Ex_4_EEPROM.dir/Users/amerilain/pico/pico-sdk/src/rp2_common/pico_stdio/stdio.c.obj
 .rodata.crlf_str.2
                0x10007ddc        0x2 CMakeFiles/Ex_4_EEPROM.dir/Users/amerilain/pico/pico-sdk/src/rp2_common/pico_stdio/stdio.c.obj
 *fill*         0x10007dde        0x2 
 .rodata.__func__.3
                0x10007de0       0x15 CMakeFiles/Ex_4_EEPROM.dir/Users/amerilain/pico/pico-sdk/src/rp2_common/pico_stdio/stdio.c.obj
 *fill*         0x10007df5        0x3 
 .rodata._resetd_driver
                0x10007df8       0x18 CMakeFiles/Ex_4_EEPROM.dir/Users/amerilain/pico/pico-sdk/src/rp2_common/pico_stdio_usb/reset_interface.c.obj
 .rodata.update_us_since_boot.str1.4
                0x10007e10       0x65 CMakeFiles/Ex_4_EEPROM.dir/Users/amerilain/pico/pico-sdk/src/rp2_common/pico_stdio_usb/stdio_usb.c.obj
 .rodata.stdio_usb_init.str1.4
                0x10007e10       0x49 CMakeFiles/Ex_4_EEPROM.dir/Users/amerilain/pico/pico-sdk/src/rp2_common/pico_stdio_usb/stdio_usb.c.obj
                                 0x51 (size before relaxing)
 *fill*         0x10007e59        0x3 
 .rodata.str1.4
                0x10007e5c       0x13 CMakeFiles/Ex_4_EEPROM.dir/Users/amerilain/pico/pico-sdk/src/rp2_common/pico_stdio_usb/stdio_usb.c.obj
 *fill*         0x10007e6f        0x1 
 .rodata.__bi_182.0
                0x10007e70        0xc CMakeFiles/Ex_4_EEPROM.dir/Users/amerilain/pico/pico-sdk/src/rp2_common/pico_stdio_usb/stdio_usb.c.obj
 .rodata.__func__.1
                0x10007e7c        0xf CMakeFiles/Ex_4_EEPROM.dir/Users/amerilain/pico/pico-sdk/src/rp2_common/pico_stdio_usb/stdio_usb.c.obj
 *fill*         0x10007e8b        0x1 
 .rodata.__func__.3
                0x10007e8c       0x15 CMakeFiles/Ex_4_EEPROM.dir/Users/amerilain/pico/pico-sdk/src/rp2_common/pico_stdio_usb/stdio_usb.c.obj
 *fill*         0x10007ea1        0x3 
 .rodata.str1.4
                0x10007ea4       0x2a CMakeFiles/Ex_4_EEPROM.dir/Users/amerilain/pico/pico-sdk/src/rp2_common/pico_stdio_usb/stdio_usb_descriptors.c.obj
 *fill*         0x10007ece        0x2 
 .rodata.usbd_desc_str
                0x10007ed0       0x18 CMakeFiles/Ex_4_EEPROM.dir/Users/amerilain/pico/pico-sdk/src/rp2_common/pico_stdio_usb/stdio_usb_descriptors.c.obj
 .rodata.usbd_desc_cfg
                0x10007ee8       0x54 CMakeFiles/Ex_4_EEPROM.dir/Users/amerilain/pico/pico-sdk/src/rp2_common/pico_stdio_usb/stdio_usb_descriptors.c.obj
 .rodata.usbd_desc_device
                0x10007f3c       0x12 CMakeFiles/Ex_4_EEPROM.dir/Users/amerilain/pico/pico-sdk/src/rp2_common/pico_stdio_usb/stdio_usb_descriptors.c.obj
 *fill*         0x10007f4e        0x2 
 .rodata.pico_get_unique_board_id_string.str1.4
                0x10007f50       0x51 CMakeFiles/Ex_4_EEPROM.dir/Users/amerilain/pico/pico-sdk/src/rp2_common/pico_unique_id/unique_id.c.obj
 *fill*         0x10007fa1        0x3 
 .rodata.__func__.0
                0x10007fa4       0x20 CMakeFiles/Ex_4_EEPROM.dir/Users/amerilain/pico/pico-sdk/src/rp2_common/pico_unique_id/unique_id.c.obj
 .rodata.str1.4
                0x10007fc4      0x15e CMakeFiles/Ex_4_EEPROM.dir/Users/amerilain/pico/pico-sdk/src/rp2_common/hardware_flash/flash.c.obj
 *fill*         0x10008122        0x2 
 .rodata.__func__.0
                0x10008124        0xd CMakeFiles/Ex_4_EEPROM.dir/Users/amerilain/pico/pico-sdk/src/rp2_common/hardware_flash/flash.c.obj
 *fill*         0x10008131        0x3 
 .rodata._hw_endpoint_alloc.str1.4
                0x10008134       0xb9 CMakeFiles/Ex_4_EEPROM.dir/Users/amerilain/pico/pico-sdk/lib/tinyusb/src/portable/raspberrypi/rp2040/dcd_rp2040.c.obj
 *fill*         0x100081ed        0x3 
 .rodata.str1.4
                0x100081f0       0x14 CMakeFiles/Ex_4_EEPROM.dir/Users/amerilain/pico/pico-sdk/lib/tinyusb/src/portable/raspberrypi/rp2040/dcd_rp2040.c.obj
 .rodata.dcd_int_enable.str1.4
                0x10008204        0xc CMakeFiles/Ex_4_EEPROM.dir/Users/amerilain/pico/pico-sdk/lib/tinyusb/src/portable/raspberrypi/rp2040/dcd_rp2040.c.obj
 .rodata.__func__.0
                0x10008210        0xe CMakeFiles/Ex_4_EEPROM.dir/Users/amerilain/pico/pico-sdk/lib/tinyusb/src/portable/raspberrypi/rp2040/dcd_rp2040.c.obj
 *fill*         0x1000821e        0x2 
 .rodata.__func__.1
                0x10008220        0xe CMakeFiles/Ex_4_EEPROM.dir/Users/amerilain/pico/pico-sdk/lib/tinyusb/src/portable/raspberrypi/rp2040/dcd_rp2040.c.obj
 *fill*         0x1000822e        0x2 
 .rodata.__func__.3
                0x10008230       0x10 CMakeFiles/Ex_4_EEPROM.dir/Users/amerilain/pico/pico-sdk/lib/tinyusb/src/portable/raspberrypi/rp2040/dcd_rp2040.c.obj
 .rodata.__func__.5
                0x10008240        0xf CMakeFiles/Ex_4_EEPROM.dir/Users/amerilain/pico/pico-sdk/lib/tinyusb/src/portable/raspberrypi/rp2040/dcd_rp2040.c.obj
 *fill*         0x1000824f        0x1 
 .rodata.__func__.6
                0x10008250       0x13 CMakeFiles/Ex_4_EEPROM.dir/Users/amerilain/pico/pico-sdk/lib/tinyusb/src/portable/raspberrypi/rp2040/dcd_rp2040.c.obj
 *fill*         0x10008263        0x1 
 .rodata.__func__.7
                0x10008264        0x9 CMakeFiles/Ex_4_EEPROM.dir/Users/amerilain/pico/pico-sdk/lib/tinyusb/src/portable/raspberrypi/rp2040/dcd_rp2040.c.obj
 *fill*         0x1000826d        0x3 
 .rodata.str1.4
                0x10008270       0xeb CMakeFiles/Ex_4_EEPROM.dir/Users/amerilain/pico/pico-sdk/lib/tinyusb/src/portable/raspberrypi/rp2040/rp2040_usb.c.obj
 *fill*         0x1000835b        0x1 
 .rodata.__func__.0
                0x1000835c        0xf CMakeFiles/Ex_4_EEPROM.dir/Users/amerilain/pico/pico-sdk/lib/tinyusb/src/portable/raspberrypi/rp2040/rp2040_usb.c.obj
 *fill*         0x1000836b        0x1 
 .rodata.process_get_descriptor
                0x1000836c       0x40 CMakeFiles/Ex_4_EEPROM.dir/Users/amerilain/pico/pico-sdk/lib/tinyusb/src/device/usbd.c.obj
 .rodata.process_control_request
                0x100083ac       0x28 CMakeFiles/Ex_4_EEPROM.dir/Users/amerilain/pico/pico-sdk/lib/tinyusb/src/device/usbd.c.obj
 .rodata.tud_task_ext
                0x100083d4       0x24 CMakeFiles/Ex_4_EEPROM.dir/Users/amerilain/pico/pico-sdk/lib/tinyusb/src/device/usbd.c.obj
 .rodata._usbd_driver
                0x100083f8       0x18 CMakeFiles/Ex_4_EEPROM.dir/Users/amerilain/pico/pico-sdk/lib/tinyusb/src/device/usbd.c.obj
 .rodata.i2c_set_baudrate.str1.4
                0x10008410       0x61 CMakeFiles/Ex_4_EEPROM.dir/Users/amerilain/pico/pico-sdk/src/rp2_common/hardware_i2c/i2c.c.obj
 *fill*         0x10008471        0x3 
 .rodata.__func__.0
                0x10008474       0x11 CMakeFiles/Ex_4_EEPROM.dir/Users/amerilain/pico/pico-sdk/src/rp2_common/hardware_i2c/i2c.c.obj
                0x10008488                        . = ALIGN (0x4)
 *fill*         0x10008485        0x3 
 *(SORT_BY_ALIGNMENT(SORT_BY_NAME(.flashdata*)))
                0x10008488                        . = ALIGN (0x4)

.ARM.extab
 *(.ARM.extab* .gnu.linkonce.armextab.*)
                0x10008488                        __exidx_start = .

.ARM.exidx
 *(.ARM.exidx* .gnu.linkonce.armexidx.*)
                0x10008488                        __exidx_end = .
                0x10008488                        . = ALIGN (0x4)
                0x10008488                        __binary_info_start = .

.binary_info    0x10008488       0x20
 *(.binary_info.keep.*)
 .binary_info.keep.__bi_ptr81
                0x10008488        0x4 CMakeFiles/Ex_4_EEPROM.dir/Users/amerilain/pico/pico-sdk/src/rp2_common/pico_standard_link/binary_info.c.obj
 .binary_info.keep.__bi_ptr75
                0x1000848c        0x4 CMakeFiles/Ex_4_EEPROM.dir/Users/amerilain/pico/pico-sdk/src/rp2_common/pico_standard_link/binary_info.c.obj
 .binary_info.keep.__bi_ptr50
                0x10008490        0x4 CMakeFiles/Ex_4_EEPROM.dir/Users/amerilain/pico/pico-sdk/src/rp2_common/pico_standard_link/binary_info.c.obj
 .binary_info.keep.__bi_ptr44
                0x10008494        0x4 CMakeFiles/Ex_4_EEPROM.dir/Users/amerilain/pico/pico-sdk/src/rp2_common/pico_standard_link/binary_info.c.obj
 .binary_info.keep.__bi_ptr38
                0x10008498        0x4 CMakeFiles/Ex_4_EEPROM.dir/Users/amerilain/pico/pico-sdk/src/rp2_common/pico_standard_link/binary_info.c.obj
 .binary_info.keep.__bi_ptr30
                0x1000849c        0x4 CMakeFiles/Ex_4_EEPROM.dir/Users/amerilain/pico/pico-sdk/src/rp2_common/pico_standard_link/binary_info.c.obj
 .binary_info.keep.__bi_ptr22
                0x100084a0        0x4 CMakeFiles/Ex_4_EEPROM.dir/Users/amerilain/pico/pico-sdk/src/rp2_common/pico_standard_link/binary_info.c.obj
 *(.binary_info.*)
 .binary_info.__bi_ptr182
                0x100084a4        0x4 CMakeFiles/Ex_4_EEPROM.dir/Users/amerilain/pico/pico-sdk/src/rp2_common/pico_stdio_usb/stdio_usb.c.obj
                0x100084a8                        __binary_info_end = .

.rel.dyn        0x100084a8        0x0
 .rel.iplt      0x100084a8        0x0 /Applications/ArmGNUToolchain/12.3.rel1/arm-none-eabi/bin/../lib/gcc/arm-none-eabi/12.3.1/thumb/v6-m/nofp/crtbegin.o
                0x100084a8                        . = ALIGN (0x4)

.ram_vector_table
                0x20000000       0xc0
 *(.ram_vector_table)
 .ram_vector_table
                0x20000000       0xc0 CMakeFiles/Ex_4_EEPROM.dir/Users/amerilain/pico/pico-sdk/src/rp2_common/pico_runtime/runtime.c.obj
                0x20000000                ram_vector_table

.data           0x200000c0      0xb38 load address 0x100084a8
                0x200000c0                        __data_start__ = .
 *(vtable)
 *(.time_critical*)
 .time_critical.mutex_try_enter
                0x200000c0       0x46 CMakeFiles/Ex_4_EEPROM.dir/Users/amerilain/pico/pico-sdk/src/common/pico_sync/mutex.c.obj
                0x200000c0                mutex_try_enter
 *fill*         0x20000106        0x2 
 .time_critical.mutex_enter_block_until
                0x20000108       0x8c CMakeFiles/Ex_4_EEPROM.dir/Users/amerilain/pico/pico-sdk/src/common/pico_sync/mutex.c.obj
                0x20000108                mutex_enter_block_until
 .time_critical.mutex_try_enter_block_until
                0x20000194       0x34 CMakeFiles/Ex_4_EEPROM.dir/Users/amerilain/pico/pico-sdk/src/common/pico_sync/mutex.c.obj
                0x20000194                mutex_try_enter_block_until
 .time_critical.mutex_enter_timeout_ms
                0x200001c8       0x1a CMakeFiles/Ex_4_EEPROM.dir/Users/amerilain/pico/pico-sdk/src/common/pico_sync/mutex.c.obj
                0x200001c8                mutex_enter_timeout_ms
 *fill*         0x200001e2        0x2 
 .time_critical.mutex_exit
                0x200001e4       0x4c CMakeFiles/Ex_4_EEPROM.dir/Users/amerilain/pico/pico-sdk/src/common/pico_sync/mutex.c.obj
                0x200001e4                mutex_exit
 .time_critical.flash_init_boot2_copyout
                0x20000230       0x30 CMakeFiles/Ex_4_EEPROM.dir/Users/amerilain/pico/pico-sdk/src/rp2_common/hardware_flash/flash.c.obj
 .time_critical.flash_enable_xip_via_boot2
                0x20000260        0xc CMakeFiles/Ex_4_EEPROM.dir/Users/amerilain/pico/pico-sdk/src/rp2_common/hardware_flash/flash.c.obj
 .time_critical.flash_cs_force
                0x2000026c       0x28 CMakeFiles/Ex_4_EEPROM.dir/Users/amerilain/pico/pico-sdk/src/rp2_common/hardware_flash/flash.c.obj
 .time_critical.flash_do_cmd
                0x20000294       0xd8 CMakeFiles/Ex_4_EEPROM.dir/Users/amerilain/pico/pico-sdk/src/rp2_common/hardware_flash/flash.c.obj
                0x20000294                flash_do_cmd
 .time_critical.reset_non_control_endpoints
                0x2000036c       0x40 CMakeFiles/Ex_4_EEPROM.dir/Users/amerilain/pico/pico-sdk/lib/tinyusb/src/portable/raspberrypi/rp2040/dcd_rp2040.c.obj
 .time_critical.hw_handle_buff_status
                0x200003ac       0xa4 CMakeFiles/Ex_4_EEPROM.dir/Users/amerilain/pico/pico-sdk/lib/tinyusb/src/portable/raspberrypi/rp2040/dcd_rp2040.c.obj
 .time_critical.dcd_rp2040_irq
                0x20000450      0x1b8 CMakeFiles/Ex_4_EEPROM.dir/Users/amerilain/pico/pico-sdk/lib/tinyusb/src/portable/raspberrypi/rp2040/dcd_rp2040.c.obj
 .time_critical.e15_is_bulkin_ep
                0x20000608       0x2c CMakeFiles/Ex_4_EEPROM.dir/Users/amerilain/pico/pico-sdk/lib/tinyusb/src/portable/raspberrypi/rp2040/rp2040_usb.c.obj
 .time_critical.e15_is_critical_frame_period
                0x20000634       0x30 CMakeFiles/Ex_4_EEPROM.dir/Users/amerilain/pico/pico-sdk/lib/tinyusb/src/portable/raspberrypi/rp2040/rp2040_usb.c.obj
 .time_critical.prepare_ep_buffer
                0x20000664       0x6c CMakeFiles/Ex_4_EEPROM.dir/Users/amerilain/pico/pico-sdk/lib/tinyusb/src/portable/raspberrypi/rp2040/rp2040_usb.c.obj
 .time_critical.sync_ep_buffer
                0x200006d0       0x7c CMakeFiles/Ex_4_EEPROM.dir/Users/amerilain/pico/pico-sdk/lib/tinyusb/src/portable/raspberrypi/rp2040/rp2040_usb.c.obj
 .time_critical._hw_endpoint_xfer_sync
                0x2000074c       0x28 CMakeFiles/Ex_4_EEPROM.dir/Users/amerilain/pico/pico-sdk/lib/tinyusb/src/portable/raspberrypi/rp2040/rp2040_usb.c.obj
 .time_critical.hw_endpoint_reset_transfer
                0x20000774        0xc CMakeFiles/Ex_4_EEPROM.dir/Users/amerilain/pico/pico-sdk/lib/tinyusb/src/portable/raspberrypi/rp2040/rp2040_usb.c.obj
                0x20000774                hw_endpoint_reset_transfer
 .time_critical._hw_endpoint_buffer_control_update32
                0x20000780       0x58 CMakeFiles/Ex_4_EEPROM.dir/Users/amerilain/pico/pico-sdk/lib/tinyusb/src/portable/raspberrypi/rp2040/rp2040_usb.c.obj
                0x20000780                _hw_endpoint_buffer_control_update32
 .time_critical.hw_endpoint_start_next_buffer
                0x200007d8       0x7c CMakeFiles/Ex_4_EEPROM.dir/Users/amerilain/pico/pico-sdk/lib/tinyusb/src/portable/raspberrypi/rp2040/rp2040_usb.c.obj
                0x200007d8                hw_endpoint_start_next_buffer
 .time_critical.hw_endpoint_xfer_continue
                0x20000854       0x50 CMakeFiles/Ex_4_EEPROM.dir/Users/amerilain/pico/pico-sdk/lib/tinyusb/src/portable/raspberrypi/rp2040/rp2040_usb.c.obj
                0x20000854                hw_endpoint_xfer_continue
 .time_critical.tinyusb
                0x200008a4      0x1ac CMakeFiles/Ex_4_EEPROM.dir/Users/amerilain/pico/pico-sdk/lib/tinyusb/src/device/usbd.c.obj
                0x200008a4                dcd_event_handler
 *(.text*)